../Core/Src/main.c:115:18:adc_to_float	1
../Core/Src/main.c:120:17:float_to_dac	3
../Core/Src/main.c:136:18:lpf_process_sample	1
../Core/Src/main.c:153:18:hpf_process_sample	1
../Core/Src/main.c:170:18:derivative_process_sample	1
../Core/Src/main.c:186:18:moving_window_process_sample	3
../Core/Src/main.c:211:13:pan_tompkins_process_block	2
../Core/Src/main.c:226:13:process_block	11
../Core/Src/main.c:269:5:main	5
../Core/Src/main.c:343:6:SystemClock_Config	4
../Core/Src/main.c:394:6:HAL_ADC_ConvHalfCpltCallback	3
../Core/Src/main.c:406:6:HAL_ADC_ConvCpltCallback	3
../Core/Src/main.c:418:6:HAL_GPIO_EXTI_Callback	2
../Core/Src/main.c:432:6:Error_Handler	1
