../Core/Src/main.c:147:18:adc_to_float	1
../Core/Src/main.c:162:17:float_to_dac	3
../Core/Src/main.c:188:18:lpf_process_sample	1
../Core/Src/main.c:218:18:hpf_process_sample	1
../Core/Src/main.c:248:18:derivative_process_sample	1
../Core/Src/main.c:278:18:moving_window_process_sample	3
../Core/Src/main.c:310:13:pan_tompkins_process_block	2
../Core/Src/main.c:330:13:process_block	3
../Core/Src/main.c:366:16:adc_take_ready_block	3
../Core/Src/main.c:393:5:main	9
../Core/Src/main.c:530:6:SystemClock_Config	3
../Core/Src/main.c:578:13:MX_ADC1_Init	3
../Core/Src/main.c:630:13:MX_ADC2_Init	3
../Core/Src/main.c:682:13:MX_DAC_Init	4
../Core/Src/main.c:729:13:MX_TIM2_Init	4
../Core/Src/main.c:774:13:MX_USART2_UART_Init	2
../Core/Src/main.c:805:13:MX_DMA_Init	1
../Core/Src/main.c:833:13:MX_GPIO_Init	1
../Core/Src/main.c:866:6:HAL_ADC_ConvHalfCpltCallback	3
../Core/Src/main.c:881:6:HAL_ADC_ConvCpltCallback	3
../Core/Src/main.c:896:6:HAL_ADC_ErrorCallback	3
../Core/Src/main.c:914:6:Error_Handler	1
