\BOOKMARK [1][-]{section.1}{\376\377\000I\000n\000t\000r\000o\000d\000u\000c\000c\000i\000\363\000n}{}% 1
\BOOKMARK [2][-]{subsection.1.1}{\376\377\000O\000b\000j\000e\000t\000i\000v\000o\000s\000\040\000d\000e\000l\000\040\000p\000r\000o\000y\000e\000c\000t\000o}{section.1}% 2
\BOOKMARK [1][-]{section.2}{\376\377\000M\000a\000r\000c\000o\000\040\000t\000e\000\363\000r\000i\000c\000o}{}% 3
\BOOKMARK [2][-]{subsection.2.1}{\376\377\000A\000n\000\341\000l\000i\000s\000i\000s\000\040\000e\000s\000p\000e\000c\000t\000r\000a\000l\000\040\000d\000e\000\040\000s\000e\000\361\000a\000l\000e\000s}{section.2}% 4
\BOOKMARK [2][-]{subsection.2.2}{\376\377\000T\000r\000a\000n\000s\000f\000o\000r\000m\000a\000d\000a\000\040\000D\000i\000s\000c\000r\000e\000t\000a\000\040\000d\000e\000\040\000F\000o\000u\000r\000i\000e\000r\000\040\000\050\000D\000F\000T\000\051}{section.2}% 5
\BOOKMARK [2][-]{subsection.2.3}{\376\377\000T\000r\000a\000n\000s\000f\000o\000r\000m\000a\000d\000a\000\040\000R\000\341\000p\000i\000d\000a\000\040\000d\000e\000\040\000F\000o\000u\000r\000i\000e\000r\000\040\000\050\000F\000F\000T\000\051}{section.2}% 6
\BOOKMARK [2][-]{subsection.2.4}{\376\377\000R\000e\000s\000o\000l\000u\000c\000i\000\363\000n\000\040\000e\000s\000p\000e\000c\000t\000r\000a\000l\000\040\000y\000\040\000p\000a\000r\000\341\000m\000e\000t\000r\000o\000s\000\040\000d\000e\000\040\000a\000n\000\341\000l\000i\000s\000i\000s}{section.2}% 7
\BOOKMARK [2][-]{subsection.2.5}{\376\377\000I\000m\000p\000l\000e\000m\000e\000n\000t\000a\000c\000i\000\363\000n\000\040\000e\000n\000\040\000s\000i\000s\000t\000e\000m\000a\000s\000\040\000e\000m\000b\000e\000b\000i\000d\000o\000s}{section.2}% 8
\BOOKMARK [2][-]{subsection.2.6}{\376\377\000B\000i\000b\000l\000i\000o\000t\000e\000c\000a\000\040\000C\000M\000S\000I\000S\000-\000D\000S\000P}{section.2}% 9
\BOOKMARK [1][-]{section.3}{\376\377\000P\000l\000a\000c\000a\000\040\000d\000e\000\040\000D\000e\000s\000a\000r\000r\000o\000l\000l\000o\000\040\000y\000\040\000H\000e\000r\000r\000a\000m\000i\000e\000n\000t\000a\000s\000\040\000U\000t\000i\000l\000i\000z\000a\000d\000a\000s}{}% 10
\BOOKMARK [2][-]{subsection.3.1}{\376\377\000M\000i\000c\000r\000o\000c\000o\000n\000t\000r\000o\000l\000a\000d\000o\000r\000\040\000S\000T\000M\0003\0002\000F\0004\0004\0006\000R\000E}{section.3}% 11
\BOOKMARK [2][-]{subsection.3.2}{\376\377\000P\000e\000r\000i\000f\000\351\000r\000i\000c\000o\000s\000\040\000c\000l\000a\000v\000e\000\040\000u\000t\000i\000l\000i\000z\000a\000d\000o\000s}{section.3}% 12
\BOOKMARK [3][-]{subsubsection.3.2.1}{\376\377\000A\000D\000C\000\040\000\050\000C\000o\000n\000v\000e\000r\000s\000o\000r\000\040\000A\000n\000a\000l\000\363\000g\000i\000c\000o\000-\000D\000i\000g\000i\000t\000a\000l\000\051}{subsection.3.2}% 13
\BOOKMARK [3][-]{subsubsection.3.2.2}{\376\377\000D\000M\000A\000\040\000\050\000A\000c\000c\000e\000s\000o\000\040\000D\000i\000r\000e\000c\000t\000o\000\040\000a\000\040\000M\000e\000m\000o\000r\000i\000a\000\051}{subsection.3.2}% 14
\BOOKMARK [3][-]{subsubsection.3.2.3}{\376\377\000T\000I\000M\000\040\000\050\000T\000e\000m\000p\000o\000r\000i\000z\000a\000d\000o\000r\000\051}{subsection.3.2}% 15
\BOOKMARK [3][-]{subsubsection.3.2.4}{\376\377\000G\000P\000I\000O\000\040\000\050\000E\000n\000t\000r\000a\000d\000a\000/\000S\000a\000l\000i\000d\000a\000\040\000G\000e\000n\000e\000r\000a\000l\000\051}{subsection.3.2}% 16
\BOOKMARK [3][-]{subsubsection.3.2.5}{\376\377\000U\000A\000R\000T\000\040\000\050\000C\000o\000m\000u\000n\000i\000c\000a\000c\000i\000\363\000n\000\040\000S\000e\000r\000i\000e\000\051}{subsection.3.2}% 17
\BOOKMARK [3][-]{subsubsection.3.2.6}{\376\377\000H\000e\000r\000r\000a\000m\000i\000e\000n\000t\000a\000s\000\040\000d\000e\000\040\000d\000e\000s\000a\000r\000r\000o\000l\000l\000o}{subsection.3.2}% 18
\BOOKMARK [1][-]{section.4}{\376\377\000A\000r\000q\000u\000i\000t\000e\000c\000t\000u\000r\000a\000\040\000y\000\040\000D\000i\000s\000e\000\361\000o\000\040\000d\000e\000l\000\040\000S\000i\000s\000t\000e\000m\000a}{}% 19
\BOOKMARK [2][-]{subsection.4.1}{\376\377\000F\000l\000u\000j\000o\000\040\000g\000e\000n\000e\000r\000a\000l\000\040\000d\000e\000l\000\040\000p\000r\000o\000c\000e\000s\000a\000m\000i\000e\000n\000t\000o}{section.4}% 20
\BOOKMARK [2][-]{subsection.4.2}{\376\377\000E\000s\000t\000r\000a\000t\000e\000g\000i\000a\000\040\000d\000e\000\040\000b\000u\000f\000f\000e\000r\000i\000n\000g}{section.4}% 21
\BOOKMARK [2][-]{subsection.4.3}{\376\377\000F\000o\000r\000m\000a\000t\000o\000\040\000d\000e\000\040\000d\000a\000t\000o\000s\000\040\000Q\0001\0005}{section.4}% 22
\BOOKMARK [1][-]{section.5}{\376\377\000I\000m\000p\000l\000e\000m\000e\000n\000t\000a\000c\000i\000\363\000n\000\040\000e\000n\000\040\000S\000T\000M\0003\0002\000C\000u\000b\000e\000I\000D\000E}{}% 23
\BOOKMARK [2][-]{subsection.5.1}{\376\377\000C\000o\000n\000f\000i\000g\000u\000r\000a\000c\000i\000\363\000n\000\040\000d\000e\000\040\000p\000e\000r\000i\000f\000\351\000r\000i\000c\000o\000s}{section.5}% 24
\BOOKMARK [3][-]{subsubsection.5.1.1}{\376\377\000I\000n\000i\000c\000i\000a\000l\000i\000z\000a\000c\000i\000\363\000n\000\040\000d\000e\000l\000\040\000A\000D\000C}{subsection.5.1}% 25
\BOOKMARK [3][-]{subsubsection.5.1.2}{\376\377\000C\000o\000n\000f\000i\000g\000u\000r\000a\000c\000i\000\363\000n\000\040\000d\000e\000l\000\040\000D\000M\000A}{subsection.5.1}% 26
\BOOKMARK [3][-]{subsubsection.5.1.3}{\376\377\000C\000o\000n\000f\000i\000g\000u\000r\000a\000c\000i\000\363\000n\000\040\000d\000e\000l\000\040\000T\000i\000m\000e\000r}{subsection.5.1}% 27
\BOOKMARK [2][-]{subsection.5.2}{\376\377\000I\000n\000i\000c\000i\000a\000l\000i\000z\000a\000c\000i\000\363\000n\000\040\000d\000e\000\040\000F\000F\000T\000\040\000c\000o\000n\000\040\000C\000M\000S\000I\000S\000-\000D\000S\000P}{section.5}% 28
\BOOKMARK [2][-]{subsection.5.3}{\376\377\000R\000u\000t\000i\000n\000a\000\040\000d\000e\000\040\000i\000n\000t\000e\000r\000r\000u\000p\000c\000i\000\363\000n\000\040\000D\000M\000A}{section.5}% 29
\BOOKMARK [2][-]{subsection.5.4}{\376\377\000B\000u\000c\000l\000e\000\040\000p\000r\000i\000n\000c\000i\000p\000a\000l\000\040\000d\000e\000\040\000p\000r\000o\000c\000e\000s\000a\000m\000i\000e\000n\000t\000o}{section.5}% 30
\BOOKMARK [2][-]{subsection.5.5}{\376\377\000I\000n\000t\000e\000r\000f\000a\000z\000\040\000d\000e\000\040\000v\000i\000s\000u\000a\000l\000i\000z\000a\000c\000i\000\363\000n\000\040\000e\000n\000\040\000M\000A\000T\000L\000A\000B}{section.5}% 31
\BOOKMARK [3][-]{subsubsection.5.5.1}{\376\377\000C\000o\000n\000f\000i\000g\000u\000r\000a\000c\000i\000\363\000n\000\040\000d\000e\000\040\000l\000a\000\040\000c\000o\000n\000e\000x\000i\000\363\000n\000\040\000s\000e\000r\000i\000e}{subsection.5.5}% 32
\BOOKMARK [3][-]{subsubsection.5.5.2}{\376\377\000S\000c\000r\000i\000p\000t\000\040\000d\000e\000\040\000r\000e\000c\000e\000p\000c\000i\000\363\000n\000\040\000y\000\040\000v\000i\000s\000u\000a\000l\000i\000z\000a\000c\000i\000\363\000n}{subsection.5.5}% 33
\BOOKMARK [3][-]{subsubsection.5.5.3}{\376\377\000F\000u\000n\000c\000i\000o\000n\000a\000l\000i\000d\000a\000d\000e\000s\000\040\000d\000e\000l\000\040\000s\000c\000r\000i\000p\000t}{subsection.5.5}% 34
\BOOKMARK [3][-]{subsubsection.5.5.4}{\376\377\000C\000a\000l\000i\000b\000r\000a\000c\000i\000\363\000n\000\040\000y\000\040\000v\000a\000l\000i\000d\000a\000c\000i\000\363\000n}{subsection.5.5}% 35
\BOOKMARK [1][-]{section.6}{\376\377\000R\000e\000s\000u\000l\000t\000a\000d\000o\000s\000\040\000e\000x\000p\000e\000r\000i\000m\000e\000n\000t\000a\000l\000e\000s}{}% 36
\BOOKMARK [2][-]{subsection.6.1}{\376\377\000A\000n\000\341\000l\000i\000s\000i\000s\000\040\000d\000e\000l\000\040\000e\000s\000p\000e\000c\000t\000r\000o}{section.6}% 37
\BOOKMARK [2][-]{subsection.6.2}{\376\377\000R\000e\000s\000o\000l\000u\000c\000i\000\363\000n\000\040\000e\000s\000p\000e\000c\000t\000r\000a\000l}{section.6}% 38
\BOOKMARK [2][-]{subsection.6.3}{\376\377\000R\000e\000n\000d\000i\000m\000i\000e\000n\000t\000o\000\040\000c\000o\000m\000p\000u\000t\000a\000c\000i\000o\000n\000a\000l}{section.6}% 39
\BOOKMARK [2][-]{subsection.6.4}{\376\377\000E\000f\000e\000c\000t\000o\000s\000\040\000o\000b\000s\000e\000r\000v\000a\000d\000o\000s}{section.6}% 40
\BOOKMARK [3][-]{subsubsection.6.4.1}{\376\377\000A\000l\000i\000a\000s\000i\000n\000g}{subsection.6.4}% 41
\BOOKMARK [3][-]{subsubsection.6.4.2}{\376\377\000F\000u\000g\000a\000\040\000e\000s\000p\000e\000c\000t\000r\000a\000l}{subsection.6.4}% 42
\BOOKMARK [1][-]{section.7}{\376\377\000C\000o\000n\000c\000l\000u\000s\000i\000o\000n\000e\000s}{}% 43
\BOOKMARK [2][-]{subsection.7.1}{\376\377\000L\000o\000g\000r\000o\000s\000\040\000a\000l\000c\000a\000n\000z\000a\000d\000o\000s}{section.7}% 44
\BOOKMARK [2][-]{subsection.7.2}{\376\377\000L\000i\000m\000i\000t\000a\000c\000i\000o\000n\000e\000s\000\040\000i\000d\000e\000n\000t\000i\000f\000i\000c\000a\000d\000a\000s}{section.7}% 45
\BOOKMARK [2][-]{subsection.7.3}{\376\377\000R\000e\000f\000l\000e\000x\000i\000\363\000n\000\040\000f\000i\000n\000a\000l}{section.7}% 46
