C:\Users\enzog\Documents\MCUXpressoIDE_11.10.0_3148\workspace\PDS_LAB3\CMSIS/core_cm4.h:1679:22:__NVIC_EnableIRQ	16	static
C:\Users\enzog\Documents\MCUXpressoIDE_11.10.0_3148\workspace\PDS_LAB3\drivers/fsl_common_arm.h:499:24:EnableIRQ	24	static
C:\Users\enzog\Documents\MCUXpressoIDE_11.10.0_3148\workspace\PDS_LAB3\drivers/fsl_pit.h:159:20:PIT_EnableInterrupts	24	static
C:\Users\enzog\Documents\MCUXpressoIDE_11.10.0_3148\workspace\PDS_LAB3\drivers/fsl_pit.h:246:20:PIT_SetTimerPeriod	24	static
C:\Users\enzog\Documents\MCUXpressoIDE_11.10.0_3148\workspace\PDS_LAB3\drivers/fsl_pit.h:288:20:PIT_StartTimer	16	static
C:\Users\enzog\Documents\MCUXpressoIDE_11.10.0_3148\workspace\PDS_LAB3\drivers/fsl_adc16.h:367:20:ADC16_EnableHardwareTrigger	16	static
../board/peripherals.c:141:13:PIT_init	32	static
../board/peripherals.c:225:13:ADC0_init	8	static
../board/peripherals.c:280:13:UART0_init	8	static
../board/peripherals.c:287:13:BOARD_InitPeripherals_CommonPostInit	8	static
../board/peripherals.c:295:6:BOARD_InitPeripherals	8	static
../board/peripherals.c:308:6:BOARD_InitBootPeripherals	8	static
