../Core/Src/main.c:79:6:send_raw_q15_over_uart	24	static
../Core/Src/main.c:86:6:send_fft_magnitudes_over_uart	80	dynamic
../Core/Src/main.c:108:6:process_buffer_half	128	dynamic
../Core/Src/main.c:170:6:HAL_ADC_ConvHalfCpltCallback	16	static
../Core/Src/main.c:177:6:HAL_ADC_ConvCpltCallback	16	static
../Core/Src/main.c:184:6:HAL_GPIO_EXTI_Callback	16	static
../Core/Src/main.c:262:5:main	8	static
../Core/Src/main.c:320:6:SystemClock_Config	88	static
../Core/Src/main.c:378:6:Error_Handler	4	static,ignoring_inline_asm
