C:\Users\enzog\Documents\MCUXpressoIDE_11.10.0_3148\workspace\PDS_LAB1\drivers/fsl_gpio.h:162:20:GPIO_PinWrite	24	static
C:\Users\enzog\Documents\MCUXpressoIDE_11.10.0_3148\workspace\PDS_LAB1\drivers/fsl_adc16.h:491:24:ADC16_GetChannelConversionValue	16	static
C:\Users\enzog\Documents\MCUXpressoIDE_11.10.0_3148\workspace\PDS_LAB1\drivers/fsl_pit.h:207:24:PIT_GetStatusFlags	16	static
C:\Users\enzog\Documents\MCUXpressoIDE_11.10.0_3148\workspace\PDS_LAB1\drivers/fsl_pit.h:220:20:PIT_ClearStatusFlags	24	static
C:\Users\enzog\Documents\MCUXpressoIDE_11.10.0_3148\workspace\PDS_LAB1\drivers/fsl_pit.h:246:20:PIT_SetTimerPeriod	24	static
C:\Users\enzog\Documents\MCUXpressoIDE_11.10.0_3148\workspace\PDS_LAB1\drivers/fsl_pit.h:288:20:PIT_StartTimer	16	static
C:\Users\enzog\Documents\MCUXpressoIDE_11.10.0_3148\workspace\PDS_LAB1\drivers/fsl_pit.h:302:20:PIT_StopTimer	16	static
../source/PDS_LAB1.c:42:5:main	8	static
../source/PDS_LAB1.c:71:6:Changer_Frecuency	144	static
../source/PDS_LAB1.c:112:6:Run_Stop	8	static
../source/PDS_LAB1.c:123:6:PORTA_IRQHandler	16	static
../source/PDS_LAB1.c:136:6:PORTC_IRQHandler	16	static
../source/PDS_LAB1.c:148:6:PIT0_IRQHandler	16	static
