Archive member included to satisfy reference by file (symbol)

C:/ST/STM32CubeIDE_1.17.0/STM32CubeIDE/plugins/com.st.stm32cube.ide.mcu.externaltools.gnu-tools-for-stm32.13.3.rel1.win32_1.0.0.202411081344/tools/bin/../lib/gcc/arm-none-eabi/13.3.1/../../../../arm-none-eabi/lib/thumb/v7e-m+fp/hard\libc_nano.a(libc_a-exit.o)
                              C:/ST/STM32CubeIDE_1.17.0/STM32CubeIDE/plugins/com.st.stm32cube.ide.mcu.externaltools.gnu-tools-for-stm32.13.3.rel1.win32_1.0.0.202411081344/tools/bin/../lib/gcc/arm-none-eabi/13.3.1/../../../../arm-none-eabi/lib/thumb/v7e-m+fp/hard/crt0.o (exit)
C:/ST/STM32CubeIDE_1.17.0/STM32CubeIDE/plugins/com.st.stm32cube.ide.mcu.externaltools.gnu-tools-for-stm32.13.3.rel1.win32_1.0.0.202411081344/tools/bin/../lib/gcc/arm-none-eabi/13.3.1/../../../../arm-none-eabi/lib/thumb/v7e-m+fp/hard\libc_nano.a(libc_a-findfp.o)
                              C:/ST/STM32CubeIDE_1.17.0/STM32CubeIDE/plugins/com.st.stm32cube.ide.mcu.externaltools.gnu-tools-for-stm32.13.3.rel1.win32_1.0.0.202411081344/tools/bin/../lib/gcc/arm-none-eabi/13.3.1/../../../../arm-none-eabi/lib/thumb/v7e-m+fp/hard\libc_nano.a(libc_a-exit.o) (__stdio_exit_handler)
C:/ST/STM32CubeIDE_1.17.0/STM32CubeIDE/plugins/com.st.stm32cube.ide.mcu.externaltools.gnu-tools-for-stm32.13.3.rel1.win32_1.0.0.202411081344/tools/bin/../lib/gcc/arm-none-eabi/13.3.1/../../../../arm-none-eabi/lib/thumb/v7e-m+fp/hard\libc_nano.a(libc_a-fwalk.o)
                              C:/ST/STM32CubeIDE_1.17.0/STM32CubeIDE/plugins/com.st.stm32cube.ide.mcu.externaltools.gnu-tools-for-stm32.13.3.rel1.win32_1.0.0.202411081344/tools/bin/../lib/gcc/arm-none-eabi/13.3.1/../../../../arm-none-eabi/lib/thumb/v7e-m+fp/hard\libc_nano.a(libc_a-findfp.o) (_fwalk_sglue)
C:/ST/STM32CubeIDE_1.17.0/STM32CubeIDE/plugins/com.st.stm32cube.ide.mcu.externaltools.gnu-tools-for-stm32.13.3.rel1.win32_1.0.0.202411081344/tools/bin/../lib/gcc/arm-none-eabi/13.3.1/../../../../arm-none-eabi/lib/thumb/v7e-m+fp/hard\libc_nano.a(libc_a-stdio.o)
                              C:/ST/STM32CubeIDE_1.17.0/STM32CubeIDE/plugins/com.st.stm32cube.ide.mcu.externaltools.gnu-tools-for-stm32.13.3.rel1.win32_1.0.0.202411081344/tools/bin/../lib/gcc/arm-none-eabi/13.3.1/../../../../arm-none-eabi/lib/thumb/v7e-m+fp/hard\libc_nano.a(libc_a-findfp.o) (__sread)
C:/ST/STM32CubeIDE_1.17.0/STM32CubeIDE/plugins/com.st.stm32cube.ide.mcu.externaltools.gnu-tools-for-stm32.13.3.rel1.win32_1.0.0.202411081344/tools/bin/../lib/gcc/arm-none-eabi/13.3.1/../../../../arm-none-eabi/lib/thumb/v7e-m+fp/hard\libc_nano.a(libc_a-memset.o)
                              C:/ST/STM32CubeIDE_1.17.0/STM32CubeIDE/plugins/com.st.stm32cube.ide.mcu.externaltools.gnu-tools-for-stm32.13.3.rel1.win32_1.0.0.202411081344/tools/bin/../lib/gcc/arm-none-eabi/13.3.1/../../../../arm-none-eabi/lib/thumb/v7e-m+fp/hard/crt0.o (memset)
C:/ST/STM32CubeIDE_1.17.0/STM32CubeIDE/plugins/com.st.stm32cube.ide.mcu.externaltools.gnu-tools-for-stm32.13.3.rel1.win32_1.0.0.202411081344/tools/bin/../lib/gcc/arm-none-eabi/13.3.1/../../../../arm-none-eabi/lib/thumb/v7e-m+fp/hard\libc_nano.a(libc_a-closer.o)
                              C:/ST/STM32CubeIDE_1.17.0/STM32CubeIDE/plugins/com.st.stm32cube.ide.mcu.externaltools.gnu-tools-for-stm32.13.3.rel1.win32_1.0.0.202411081344/tools/bin/../lib/gcc/arm-none-eabi/13.3.1/../../../../arm-none-eabi/lib/thumb/v7e-m+fp/hard\libc_nano.a(libc_a-stdio.o) (_close_r)
C:/ST/STM32CubeIDE_1.17.0/STM32CubeIDE/plugins/com.st.stm32cube.ide.mcu.externaltools.gnu-tools-for-stm32.13.3.rel1.win32_1.0.0.202411081344/tools/bin/../lib/gcc/arm-none-eabi/13.3.1/../../../../arm-none-eabi/lib/thumb/v7e-m+fp/hard\libc_nano.a(libc_a-reent.o)
                              C:/ST/STM32CubeIDE_1.17.0/STM32CubeIDE/plugins/com.st.stm32cube.ide.mcu.externaltools.gnu-tools-for-stm32.13.3.rel1.win32_1.0.0.202411081344/tools/bin/../lib/gcc/arm-none-eabi/13.3.1/../../../../arm-none-eabi/lib/thumb/v7e-m+fp/hard\libc_nano.a(libc_a-closer.o) (errno)
C:/ST/STM32CubeIDE_1.17.0/STM32CubeIDE/plugins/com.st.stm32cube.ide.mcu.externaltools.gnu-tools-for-stm32.13.3.rel1.win32_1.0.0.202411081344/tools/bin/../lib/gcc/arm-none-eabi/13.3.1/../../../../arm-none-eabi/lib/thumb/v7e-m+fp/hard\libc_nano.a(libc_a-impure.o)
                              C:/ST/STM32CubeIDE_1.17.0/STM32CubeIDE/plugins/com.st.stm32cube.ide.mcu.externaltools.gnu-tools-for-stm32.13.3.rel1.win32_1.0.0.202411081344/tools/bin/../lib/gcc/arm-none-eabi/13.3.1/../../../../arm-none-eabi/lib/thumb/v7e-m+fp/hard\libc_nano.a(libc_a-reent.o) (_impure_ptr)
C:/ST/STM32CubeIDE_1.17.0/STM32CubeIDE/plugins/com.st.stm32cube.ide.mcu.externaltools.gnu-tools-for-stm32.13.3.rel1.win32_1.0.0.202411081344/tools/bin/../lib/gcc/arm-none-eabi/13.3.1/../../../../arm-none-eabi/lib/thumb/v7e-m+fp/hard\libc_nano.a(libc_a-lseekr.o)
[...]
Memory Configuration

Name             Origin             Length             Attributes
RAM              0x20000000         0x00020000         xrw
FLASH            0x08000000         0x00080000         xr
*default*        0x00000000         0xffffffff

Linker script and memory map

LOAD C:/ST/STM32CubeIDE_1.17.0/STM32CubeIDE/plugins/com.st.stm32cube.ide.mcu.externaltools.gnu-tools-for-stm32.13.3.rel1.win32_1.0.0.202411081344/tools/bin/../lib/gcc/arm-none-eabi/13.3.1/thumb/v7e-m+fp/hard/crti.o
LOAD C:/ST/STM32CubeIDE_1.17.0/STM32CubeIDE/plugins/com.st.stm32cube.ide.mcu.externaltools.gnu-tools-for-stm32.13.3.rel1.win32_1.0.0.202411081344/tools/bin/../lib/gcc/arm-none-eabi/13.3.1/thumb/v7e-m+fp/hard/crtbegin.o
LOAD C:/ST/STM32CubeIDE_1.17.0/STM32CubeIDE/plugins/com.st.stm32cube.ide.mcu.externaltools.gnu-tools-for-stm32.13.3.rel1.win32_1.0.0.202411081344/tools/bin/../lib/gcc/arm-none-eabi/13.3.1/../../../../arm-none-eabi/lib/thumb/v7e-m+fp/hard/crt0.o
LOAD ./Core/Src/main.o
LOAD ./Core/Src/stm32f4xx_hal_msp.o
LOAD ./Core/Src/stm32f4xx_it.o
LOAD ./Core/Src/syscalls.o
LOAD ./Core/Src/sysmem.o
LOAD ./Core/Src/system_stm32f4xx.o
LOAD ./Core/Startup/startup_stm32f446retx.o
LOAD ./Drivers/STM32F4xx_HAL_Driver/Src/stm32f4xx_hal.o
LOAD ./Drivers/STM32F4xx_HAL_Driver/Src/stm32f4xx_hal_adc.o
LOAD ./Drivers/STM32F4xx_HAL_Driver/Src/stm32f4xx_hal_adc_ex.o
LOAD ./Drivers/STM32F4xx_HAL_Driver/Src/stm32f4xx_hal_cortex.o
LOAD ./Drivers/STM32F4xx_HAL_Driver/Src/stm32f4xx_hal_dac.o
LOAD ./Drivers/STM32F4xx_HAL_Driver/Src/stm32f4xx_hal_dac_ex.o
LOAD ./Drivers/STM32F4xx_HAL_Driver/Src/stm32f4xx_hal_dma.o
LOAD ./Drivers/STM32F4xx_HAL_Driver/Src/stm32f4xx_hal_dma_ex.o
LOAD ./Drivers/STM32F4xx_HAL_Driver/Src/stm32f4xx_hal_exti.o
LOAD ./Drivers/STM32F4xx_HAL_Driver/Src/stm32f4xx_hal_flash.o
LOAD ./Drivers/STM32F4xx_HAL_Driver/Src/stm32f4xx_hal_flash_ex.o
LOAD ./Drivers/STM32F4xx_HAL_Driver/Src/stm32f4xx_hal_flash_ramfunc.o
LOAD ./Drivers/STM32F4xx_HAL_Driver/Src/stm32f4xx_hal_gpio.o
LOAD ./Drivers/STM32F4xx_HAL_Driver/Src/stm32f4xx_hal_pwr.o
LOAD ./Drivers/STM32F4xx_HAL_Driver/Src/stm32f4xx_hal_pwr_ex.o
LOAD ./Drivers/STM32F4xx_HAL_Driver/Src/stm32f4xx_hal_rcc.o
LOAD ./Drivers/STM32F4xx_HAL_Driver/Src/stm32f4xx_hal_rcc_ex.o
LOAD ./Drivers/STM32F4xx_HAL_Driver/Src/stm32f4xx_hal_tim.o
LOAD ./Drivers/STM32F4xx_HAL_Driver/Src/stm32f4xx_hal_tim_ex.o
LOAD ./Drivers/STM32F4xx_HAL_Driver/Src/stm32f4xx_hal_uart.o
LOAD ./Drivers/STM32F4xx_HAL_Driver/Src/stm32f4xx_ll_adc.o
LOAD ./Lib/Source/arm_fill_q15.o
LOAD ./Lib/Source/arm_fir_f32.o
LOAD ./Lib/Source/arm_fir_init_f32.o
LOAD ./Lib/Source/arm_fir_init_q15.o
LOAD ./Lib/Source/arm_fir_q15.o
LOAD ./Lib/Source/arm_lms_f32.o
LOAD ./Lib/Source/arm_lms_init_f32.o
START GROUP
LOAD C:/ST/STM32CubeIDE_1.17.0/STM32CubeIDE/plugins/com.st.stm32cube.ide.mcu.externaltools.gnu-tools-for-stm32.13.3.rel1.win32_1.0.0.202411081344/tools/bin/../lib/gcc/arm-none-eabi/13.3.1/../../../../arm-none-eabi/lib/thumb/v7e-m+fp/hard\libc_nano.a
LOAD C:/ST/STM32CubeIDE_1.17.0/STM32CubeIDE/plugins/com.st.stm32cube.ide.mcu.externaltools.gnu-tools-for-stm32.13.3.rel1.win32_1.0.0.202411081344/tools/bin/../lib/gcc/arm-none-eabi/13.3.1/../../../../arm-none-eabi/lib/thumb/v7e-m+fp/hard\libm.a
END GROUP
START GROUP
LOAD C:/ST/STM32CubeIDE_1.17.0/STM32CubeIDE/plugins/com.st.stm32cube.ide.mcu.externaltools.gnu-tools-for-stm32.13.3.rel1.win32_1.0.0.202411081344/tools/bin/../lib/gcc/arm-none-eabi/13.3.1/thumb/v7e-m+fp/hard\libgcc.a
LOAD C:/ST/STM32CubeIDE_1.17.0/STM32CubeIDE/plugins/com.st.stm32cube.ide.mcu.externaltools.gnu-tools-for-stm32.13.3.rel1.win32_1.0.0.202411081344/tools/bin/../lib/gcc/arm-none-eabi/13.3.1/../../../../arm-none-eabi/lib/thumb/v7e-m+fp/hard\libc_nano.a
END GROUP
START GROUP
LOAD C:/ST/STM32CubeIDE_1.17.0/STM32CubeIDE/plugins/com.st.stm32cube.ide.mcu.externaltools.gnu-tools-for-stm32.13.3.rel1.win32_1.0.0.202411081344/tools/bin/../lib/gcc/arm-none-eabi/13.3.1/thumb/v7e-m+fp/hard\libgcc.a
LOAD C:/ST/STM32CubeIDE_1.17.0/STM32CubeIDE/plugins/com.st.stm32cube.ide.mcu.externaltools.gnu-tools-for-stm32.13.3.rel1.win32_1.0.0.202411081344/tools/bin/../lib/gcc/arm-none-eabi/13.3.1/../../../../arm-none-eabi/lib/thumb/v7e-m+fp/hard\libc_nano.a
LOAD C:/ST/STM32CubeIDE_1.17.0/STM32CubeIDE/plugins/com.st.stm32cube.ide.mcu.externaltools.gnu-tools-for-stm32.13.3.rel1.win32_1.0.0.202411081344/tools/bin/../lib/gcc/arm-none-eabi/13.3.1/../../../../arm-none-eabi/lib/thumb/v7e-m+fp/hard\libnosys.a
END GROUP
START GROUP
LOAD C:/ST/STM32CubeIDE_1.17.0/STM32CubeIDE/plugins/com.st.stm32cube.ide.mcu.externaltools.gnu-tools-for-stm32.13.3.rel1.win32_1.0.0.202411081344/tools/bin/../lib/gcc/arm-none-eabi/13.3.1/thumb/v7e-m+fp/hard\libgcc.a
LOAD C:/ST/STM32CubeIDE_1.17.0/STM32CubeIDE/plugins/com.st.stm32cube.ide.mcu.externaltools.gnu-tools-for-stm32.13.3.rel1.win32_1.0.0.202411081344/tools/bin/../lib/gcc/arm-none-eabi/13.3.1/../../../../arm-none-eabi/lib/thumb/v7e-m+fp/hard\libc_nano.a
LOAD C:/ST/STM32CubeIDE_1.17.0/STM32CubeIDE/plugins/com.st.stm32cube.ide.mcu.externaltools.gnu-tools-for-stm32.13.3.rel1.win32_1.0.0.202411081344/tools/bin/../lib/gcc/arm-none-eabi/13.3.1/../../../../arm-none-eabi/lib/thumb/v7e-m+fp/hard\libnosys.a
END GROUP
LOAD C:/ST/STM32CubeIDE_1.17.0/STM32CubeIDE/plugins/com.st.stm32cube.ide.mcu.externaltools.gnu-tools-for-stm32.13.3.rel1.win32_1.0.0.202411081344/tools/bin/../lib/gcc/arm-none-eabi/13.3.1/thumb/v7e-m+fp/hard/crtend.o
LOAD C:/ST/STM32CubeIDE_1.17.0/STM32CubeIDE/plugins/com.st.stm32cube.ide.mcu.externaltools.gnu-tools-for-stm32.13.3.rel1.win32_1.0.0.202411081344/tools/bin/../lib/gcc/arm-none-eabi/13.3.1/thumb/v7e-m+fp/hard/crtn.o
                0x20020000                        _estack = (ORIGIN (RAM) + LENGTH (RAM))
                0x00000200                        _Min_Heap_Size = 0x200
                0x00000400                        _Min_Stack_Size = 0x400

.isr_vector     0x08000000      0x1c4
                0x08000000                        . = ALIGN (0x4)
 *(.isr_vector)
 .isr_vector    0x08000000      0x1c4 ./Core/Startup/startup_stm32f446retx.o
                0x08000000                g_pfnVectors
                0x080001c4                        . = ALIGN (0x4)

.text           0x080001c4     0x49e8
                0x080001c4                        . = ALIGN (0x4)
 *(.text)
 .text          0x080001c4       0x40 C:/ST/STM32CubeIDE_1.17.0/STM32CubeIDE/plugins/com.st.stm32cube.ide.mcu.externaltools.gnu-tools-for-stm32.13.3.rel1.win32_1.0.0.202411081344/tools/bin/../lib/gcc/arm-none-eabi/13.3.1/thumb/v7e-m+fp/hard/crtbegin.o
 .text          0x08000204       0x30 C:/ST/STM32CubeIDE_1.17.0/STM32CubeIDE/plugins/com.st.stm32cube.ide.mcu.externaltools.gnu-tools-for-stm32.13.3.rel1.win32_1.0.0.202411081344/tools/bin/../lib/gcc/arm-none-eabi/13.3.1/thumb/v7e-m+fp/hard\libgcc.a(_aeabi_uldivmod.o)
                0x08000204                __aeabi_uldivmod
 .text          0x08000234      0x2f8 C:/ST/STM32CubeIDE_1.17.0/STM32CubeIDE/plugins/com.st.stm32cube.ide.mcu.externaltools.gnu-tools-for-stm32.13.3.rel1.win32_1.0.0.202411081344/tools/bin/../lib/gcc/arm-none-eabi/13.3.1/thumb/v7e-m+fp/hard\libgcc.a(_udivmoddi4.o)
                0x08000234                __udivmoddi4
 .text          0x0800052c        0x4 C:/ST/STM32CubeIDE_1.17.0/STM32CubeIDE/plugins/com.st.stm32cube.ide.mcu.externaltools.gnu-tools-for-stm32.13.3.rel1.win32_1.0.0.202411081344/tools/bin/../lib/gcc/arm-none-eabi/13.3.1/thumb/v7e-m+fp/hard\libgcc.a(_dvmd_tls.o)
                0x0800052c                __aeabi_idiv0
                0x0800052c                __aeabi_ldiv0
 *(.text*)
 .text.adc_to_float
                0x08000530       0x50 ./Core/Src/main.o
 .text.float_to_dac
                0x08000580       0x84 ./Core/Src/main.o
 .text.lpf_process_sample
                0x08000604       0xe8 ./Core/Src/main.o
 .text.hpf_process_sample
                0x080006ec      0x100 ./Core/Src/main.o
 .text.derivative_process_sample
                0x080007ec       0xe4 ./Core/Src/main.o
 .text.moving_window_process_sample
                0x080008d0       0xfc ./Core/Src/main.o
 .text.pan_tompkins_process_block
                0x080009cc       0xf4 ./Core/Src/main.o
 .text.process_block
                0x08000ac0       0xf0 ./Core/Src/main.o
 .text.adc_take_ready_block
                0x08000bb0       0x4e ./Core/Src/main.o
 *fill*         0x08000bfe        0x2 
 .text.main     0x08000c00      0x158 ./Core/Src/main.o
                0x08000c00                main
 .text.SystemClock_Config
                0x08000d58       0xdc ./Core/Src/main.o
                0x08000d58                SystemClock_Config
 .text.MX_ADC1_Init
                0x08000e34       0xa4 ./Core/Src/main.o
 .text.MX_ADC2_Init
                0x08000ed8       0xa4 ./Core/Src/main.o
 .text.MX_DAC_Init
                0x08000f7c       0x68 ./Core/Src/main.o
 .text.MX_TIM2_Init
                0x08000fe4       0x98 ./Core/Src/main.o
 .text.MX_USART2_UART_Init
                0x0800107c       0x54 ./Core/Src/main.o
 .text.MX_DMA_Init
                0x080010d0       0x8c ./Core/Src/main.o
 .text.MX_GPIO_Init
                0x0800115c       0xc4 ./Core/Src/main.o
 .text.HAL_ADC_ConvHalfCpltCallback
                0x08001220       0x50 ./Core/Src/main.o
                0x08001220                HAL_ADC_ConvHalfCpltCallback
 .text.HAL_ADC_ConvCpltCallback
                0x08001270       0x50 ./Core/Src/main.o
                0x08001270                HAL_ADC_ConvCpltCallback
 .text.HAL_ADC_ErrorCallback
                0x080012c0       0x50 ./Core/Src/main.o
                0x080012c0                HAL_ADC_ErrorCallback
 .text.Error_Handler
                0x08001310        0xc ./Core/Src/main.o
                0x08001310                Error_Handler
 .text.HAL_MspInit
                0x0800131c       0x50 ./Core/Src/stm32f4xx_hal_msp.o
                0x0800131c                HAL_MspInit
 .text.HAL_ADC_MspInit
                0x0800136c      0x1bc ./Core/Src/stm32f4xx_hal_msp.o
                0x0800136c                HAL_ADC_MspInit
 .text.HAL_DAC_MspInit
                0x08001528      0x160 ./Core/Src/stm32f4xx_hal_msp.o
                0x08001528                HAL_DAC_MspInit
 .text.HAL_TIM_Base_MspInit
                0x08001688       0x40 ./Core/Src/stm32f4xx_hal_msp.o
                0x08001688                HAL_TIM_Base_MspInit
 .text.HAL_UART_MspInit
                0x080016c8       0x90 ./Core/Src/stm32f4xx_hal_msp.o
                0x080016c8                HAL_UART_MspInit
 .text.NMI_Handler
                0x08001758        0x8 ./Core/Src/stm32f4xx_it.o
                0x08001758                NMI_Handler
 .text.HardFault_Handler
                0x08001760        0x8 ./Core/Src/stm32f4xx_it.o
                0x08001760                HardFault_Handler
 .text.MemManage_Handler
                0x08001768        0x8 ./Core/Src/stm32f4xx_it.o
                0x08001768                MemManage_Handler
 .text.BusFault_Handler
                0x08001770        0x8 ./Core/Src/stm32f4xx_it.o
                0x08001770                BusFault_Handler
 .text.UsageFault_Handler
                0x08001778        0x8 ./Core/Src/stm32f4xx_it.o
                0x08001778                UsageFault_Handler
 .text.SVC_Handler
                0x08001780        0xe ./Core/Src/stm32f4xx_it.o
                0x08001780                SVC_Handler
 .text.DebugMon_Handler
                0x0800178e        0xe ./Core/Src/stm32f4xx_it.o
                0x0800178e                DebugMon_Handler
 .text.PendSV_Handler
                0x0800179c        0xe ./Core/Src/stm32f4xx_it.o
                0x0800179c                PendSV_Handler
 .text.SysTick_Handler
                0x080017aa        0xc ./Core/Src/stm32f4xx_it.o
                0x080017aa                SysTick_Handler
 *fill*         0x080017b6        0x2 
 .text.DMA1_Stream5_IRQHandler
                0x080017b8       0x14 ./Core/Src/stm32f4xx_it.o
                0x080017b8                DMA1_Stream5_IRQHandler
 .text.DMA1_Stream6_IRQHandler
                0x080017cc       0x14 ./Core/Src/stm32f4xx_it.o
                0x080017cc                DMA1_Stream6_IRQHandler
 .text.EXTI15_10_IRQHandler
                0x080017e0       0x10 ./Core/Src/stm32f4xx_it.o
                0x080017e0                EXTI15_10_IRQHandler
 .text.DMA2_Stream0_IRQHandler
                0x080017f0       0x14 ./Core/Src/stm32f4xx_it.o
                0x080017f0                DMA2_Stream0_IRQHandler
 .text.DMA2_Stream2_IRQHandler
                0x08001804       0x14 ./Core/Src/stm32f4xx_it.o
                0x08001804                DMA2_Stream2_IRQHandler
 .text.SystemInit
                0x08001818       0x24 ./Core/Src/system_stm32f4xx.o
                0x08001818                SystemInit
 .text.Reset_Handler
                0x0800183c       0x50 ./Core/Startup/startup_stm32f446retx.o
                0x0800183c                Reset_Handler
 .text.Default_Handler
                0x0800188c        0x2 ./Core/Startup/startup_stm32f446retx.o
                0x0800188c                RTC_Alarm_IRQHandler
                0x0800188c                EXTI2_IRQHandler
                0x0800188c                TIM8_CC_IRQHandler
                0x0800188c                FMPI2C1_EV_IRQHandler
                0x0800188c                SPI4_IRQHandler
                0x0800188c                TIM1_CC_IRQHandler
                0x0800188c                DMA2_Stream5_IRQHandler
                0x0800188c                PVD_IRQHandler
                0x0800188c                SDIO_IRQHandler
                0x0800188c                TAMP_STAMP_IRQHandler
                0x0800188c                CAN2_RX1_IRQHandler
                0x0800188c                EXTI3_IRQHandler
                0x0800188c                TIM8_TRG_COM_TIM14_IRQHandler
                0x0800188c                TIM1_UP_TIM10_IRQHandler
                0x0800188c                TIM8_UP_TIM13_IRQHandler
                0x0800188c                I2C3_ER_IRQHandler
                0x0800188c                EXTI0_IRQHandler
                0x0800188c                I2C2_EV_IRQHandler
                0x0800188c                DMA1_Stream2_IRQHandler
                0x0800188c                CAN1_RX0_IRQHandler
                0x0800188c                FPU_IRQHandler
                0x0800188c                OTG_HS_WKUP_IRQHandler
                0x0800188c                CAN2_SCE_IRQHandler
                0x0800188c                SPI1_IRQHandler
                0x0800188c                TIM6_DAC_IRQHandler
                0x0800188c                TIM1_BRK_TIM9_IRQHandler
                0x0800188c                DCMI_IRQHandler
                0x0800188c                CAN2_RX0_IRQHandler
                0x0800188c                DMA2_Stream3_IRQHandler
                0x0800188c                SAI2_IRQHandler
                0x0800188c                USART6_IRQHandler
                0x0800188c                USART3_IRQHandler
                0x0800188c                CAN1_RX1_IRQHandler
                0x0800188c                UART5_IRQHandler
                0x0800188c                TIM4_IRQHandler
                0x0800188c                QUADSPI_IRQHandler
                0x0800188c                I2C1_EV_IRQHandler
                0x0800188c                DMA1_Stream1_IRQHandler
                0x0800188c                UART4_IRQHandler
                0x0800188c                TIM3_IRQHandler
                0x0800188c                RCC_IRQHandler
                0x0800188c                TIM8_BRK_TIM12_IRQHandler
                0x0800188c                Default_Handler
                0x0800188c                CEC_IRQHandler
                0x0800188c                ADC_IRQHandler
                0x0800188c                DMA1_Stream7_IRQHandler
                0x0800188c                TIM7_IRQHandler
                0x0800188c                CAN2_TX_IRQHandler
                0x0800188c                TIM5_IRQHandler
                0x0800188c                DMA2_Stream7_IRQHandler
                0x0800188c                I2C3_EV_IRQHandler
                0x0800188c                EXTI9_5_IRQHandler
                0x0800188c                RTC_WKUP_IRQHandler
                0x0800188c                SPDIF_RX_IRQHandler
                0x0800188c                SPI2_IRQHandler
                0x0800188c                OTG_HS_EP1_IN_IRQHandler
                0x0800188c                DMA1_Stream0_IRQHandler
                0x0800188c                CAN1_TX_IRQHandler
                0x0800188c                FMPI2C1_ER_IRQHandler
                0x0800188c                EXTI4_IRQHandler
                0x0800188c                OTG_HS_EP1_OUT_IRQHandler
                0x0800188c                WWDG_IRQHandler
                0x0800188c                TIM2_IRQHandler
                0x0800188c                OTG_FS_WKUP_IRQHandler
                0x0800188c                TIM1_TRG_COM_TIM11_IRQHandler
                0x0800188c                OTG_HS_IRQHandler
                0x0800188c                EXTI1_IRQHandler
                0x0800188c                USART2_IRQHandler
                0x0800188c                I2C2_ER_IRQHandler
                0x0800188c                DMA2_Stream1_IRQHandler
                0x0800188c                CAN1_SCE_IRQHandler
                0x0800188c                FLASH_IRQHandler
                0x0800188c                DMA2_Stream4_IRQHandler
                0x0800188c                USART1_IRQHandler
                0x0800188c                OTG_FS_IRQHandler
                0x0800188c                SPI3_IRQHandler
                0x0800188c                DMA1_Stream4_IRQHandler
                0x0800188c                I2C1_ER_IRQHandler
                0x0800188c                FMC_IRQHandler
                0x0800188c                DMA2_Stream6_IRQHandler
                0x0800188c                SAI1_IRQHandler
                0x0800188c                DMA1_Stream3_IRQHandler
 *fill*         0x0800188e        0x2 
 .text.HAL_Init
                0x08001890       0x44 ./Drivers/STM32F4xx_HAL_Driver/Src/stm32f4xx_hal.o
                0x08001890                HAL_Init
 .text.HAL_InitTick
                0x080018d4       0x60 ./Drivers/STM32F4xx_HAL_Driver/Src/stm32f4xx_hal.o
                0x080018d4                HAL_InitTick
 .text.HAL_IncTick
                0x08001934       0x28 ./Drivers/STM32F4xx_HAL_Driver/Src/stm32f4xx_hal.o
                0x08001934                HAL_IncTick
 .text.HAL_GetTick
                0x0800195c       0x18 ./Drivers/STM32F4xx_HAL_Driver/Src/stm32f4xx_hal.o
                0x0800195c                HAL_GetTick
 .text.HAL_ADC_Init
                0x08001974       0x86 ./Drivers/STM32F4xx_HAL_Driver/Src/stm32f4xx_hal_adc.o
                0x08001974                HAL_ADC_Init
 *fill*         0x080019fa        0x2 
 .text.HAL_ADC_Start_DMA
                0x080019fc      0x228 ./Drivers/STM32F4xx_HAL_Driver/Src/stm32f4xx_hal_adc.o
                0x080019fc                HAL_ADC_Start_DMA
 .text.HAL_ADC_ConfigChannel
                0x08001c24      0x264 ./Drivers/STM32F4xx_HAL_Driver/Src/stm32f4xx_hal_adc.o
                0x08001c24                HAL_ADC_ConfigChannel
 .text.ADC_Init
                0x08001e88      0x1f8 ./Drivers/STM32F4xx_HAL_Driver/Src/stm32f4xx_hal_adc.o
 .text.ADC_DMAConvCplt
                0x08002080       0xba ./Drivers/STM32F4xx_HAL_Driver/Src/stm32f4xx_hal_adc.o
 .text.ADC_DMAHalfConvCplt
                0x0800213a       0x1c ./Drivers/STM32F4xx_HAL_Driver/Src/stm32f4xx_hal_adc.o
 .text.ADC_DMAError
                0x08002156       0x2e ./Drivers/STM32F4xx_HAL_Driver/Src/stm32f4xx_hal_adc.o
 .text.__NVIC_SetPriorityGrouping
                0x08002184       0x48 ./Drivers/STM32F4xx_HAL_Driver/Src/stm32f4xx_hal_cortex.o
 .text.__NVIC_GetPriorityGrouping
                0x080021cc       0x1c ./Drivers/STM32F4xx_HAL_Driver/Src/stm32f4xx_hal_cortex.o
 .text.__NVIC_EnableIRQ
                0x080021e8       0x3c ./Drivers/STM32F4xx_HAL_Driver/Src/stm32f4xx_hal_cortex.o
 .text.__NVIC_SetPriority
                0x08002224       0x54 ./Drivers/STM32F4xx_HAL_Driver/Src/stm32f4xx_hal_cortex.o
 .text.NVIC_EncodePriority
                0x08002278       0x66 ./Drivers/STM32F4xx_HAL_Driver/Src/stm32f4xx_hal_cortex.o
 *fill*         0x080022de        0x2 
 .text.SysTick_Config
                0x080022e0       0x44 ./Drivers/STM32F4xx_HAL_Driver/Src/stm32f4xx_hal_cortex.o
 .text.HAL_NVIC_SetPriorityGrouping
                0x08002324       0x16 ./Drivers/STM32F4xx_HAL_Driver/Src/stm32f4xx_hal_cortex.o
                0x08002324                HAL_NVIC_SetPriorityGrouping
 .text.HAL_NVIC_SetPriority
                0x0800233a       0x38 ./Drivers/STM32F4xx_HAL_Driver/Src/stm32f4xx_hal_cortex.o
                0x0800233a                HAL_NVIC_SetPriority
 .text.HAL_NVIC_EnableIRQ
                0x08002372       0x1c ./Drivers/STM32F4xx_HAL_Driver/Src/stm32f4xx_hal_cortex.o
                0x08002372                HAL_NVIC_EnableIRQ
 .text.HAL_SYSTICK_Config
                0x0800238e       0x18 ./Drivers/STM32F4xx_HAL_Driver/Src/stm32f4xx_hal_cortex.o
                0x0800238e                HAL_SYSTICK_Config
 .text.HAL_DAC_Init
                0x080023a6       0x44 ./Drivers/STM32F4xx_HAL_Driver/Src/stm32f4xx_hal_dac.o
                0x080023a6                HAL_DAC_Init
 *fill*         0x080023ea        0x2 
 .text.HAL_DAC_Start_DMA
                0x080023ec      0x180 ./Drivers/STM32F4xx_HAL_Driver/Src/stm32f4xx_hal_dac.o
                0x080023ec                HAL_DAC_Start_DMA
 .text.HAL_DAC_ConvCpltCallbackCh1
                0x0800256c       0x14 ./Drivers/STM32F4xx_HAL_Driver/Src/stm32f4xx_hal_dac.o
                0x0800256c                HAL_DAC_ConvCpltCallbackCh1
 .text.HAL_DAC_ConvHalfCpltCallbackCh1
                0x08002580       0x14 ./Drivers/STM32F4xx_HAL_Driver/Src/stm32f4xx_hal_dac.o
                0x08002580                HAL_DAC_ConvHalfCpltCallbackCh1
 .text.HAL_DAC_ErrorCallbackCh1
                0x08002594       0x14 ./Drivers/STM32F4xx_HAL_Driver/Src/stm32f4xx_hal_dac.o
                0x08002594                HAL_DAC_ErrorCallbackCh1
 .text.HAL_DAC_ConfigChannel
                0x080025a8       0xb2 ./Drivers/STM32F4xx_HAL_Driver/Src/stm32f4xx_hal_dac.o
                0x080025a8                HAL_DAC_ConfigChannel
 .text.DAC_DMAConvCpltCh1
                0x0800265a       0x22 ./Drivers/STM32F4xx_HAL_Driver/Src/stm32f4xx_hal_dac.o
                0x0800265a                DAC_DMAConvCpltCh1
 .text.DAC_DMAHalfConvCpltCh1
                0x0800267c       0x1c ./Drivers/STM32F4xx_HAL_Driver/Src/stm32f4xx_hal_dac.o
                0x0800267c                DAC_DMAHalfConvCpltCh1
 .text.DAC_DMAErrorCh1
                0x08002698       0x2e ./Drivers/STM32F4xx_HAL_Driver/Src/stm32f4xx_hal_dac.o
                0x08002698                DAC_DMAErrorCh1
 .text.HAL_DACEx_ConvCpltCallbackCh2
                0x080026c6       0x14 ./Drivers/STM32F4xx_HAL_Driver/Src/stm32f4xx_hal_dac_ex.o
                0x080026c6                HAL_DACEx_ConvCpltCallbackCh2
 .text.HAL_DACEx_ConvHalfCpltCallbackCh2
                0x080026da       0x14 ./Drivers/STM32F4xx_HAL_Driver/Src/stm32f4xx_hal_dac_ex.o
                0x080026da                HAL_DACEx_ConvHalfCpltCallbackCh2
 .text.HAL_DACEx_ErrorCallbackCh2
                0x080026ee       0x14 ./Drivers/STM32F4xx_HAL_Driver/Src/stm32f4xx_hal_dac_ex.o
                0x080026ee                HAL_DACEx_ErrorCallbackCh2
 .text.DAC_DMAConvCpltCh2
                0x08002702       0x22 ./Drivers/STM32F4xx_HAL_Driver/Src/stm32f4xx_hal_dac_ex.o
                0x08002702                DAC_DMAConvCpltCh2
 .text.DAC_DMAHalfConvCpltCh2
                0x08002724       0x1c ./Drivers/STM32F4xx_HAL_Driver/Src/stm32f4xx_hal_dac_ex.o
                0x08002724                DAC_DMAHalfConvCpltCh2
 .text.DAC_DMAErrorCh2
                0x08002740       0x2e ./Drivers/STM32F4xx_HAL_Driver/Src/stm32f4xx_hal_dac_ex.o
                0x08002740                DAC_DMAErrorCh2
 *fill*         0x0800276e        0x2 
 .text.HAL_DMA_Init
                0x08002770      0x15c ./Drivers/STM32F4xx_HAL_Driver/Src/stm32f4xx_hal_dma.o
                0x08002770                HAL_DMA_Init
 .text.HAL_DMA_Start_IT
                0x080028cc       0xb0 ./Drivers/STM32F4xx_HAL_Driver/Src/stm32f4xx_hal_dma.o
                0x080028cc                HAL_DMA_Start_IT
 .text.HAL_DMA_IRQHandler
                0x0800297c      0x314 ./Drivers/STM32F4xx_HAL_Driver/Src/stm32f4xx_hal_dma.o
                0x0800297c                HAL_DMA_IRQHandler
 .text.DMA_SetConfig
                0x08002c90       0x5c ./Drivers/STM32F4xx_HAL_Driver/Src/stm32f4xx_hal_dma.o
 .text.DMA_CalcBaseAndBitshift
                0x08002cec       0x6c ./Drivers/STM32F4xx_HAL_Driver/Src/stm32f4xx_hal_dma.o
 .text.DMA_CheckFifoParam
                0x08002d58       0xf8 ./Drivers/STM32F4xx_HAL_Driver/Src/stm32f4xx_hal_dma.o
 .text.HAL_GPIO_Init
                0x08002e50      0x328 ./Drivers/STM32F4xx_HAL_Driver/Src/stm32f4xx_hal_gpio.o
                0x08002e50                HAL_GPIO_Init
 .text.HAL_GPIO_EXTI_IRQHandler
                0x08003178       0x30 ./Drivers/STM32F4xx_HAL_Driver/Src/stm32f4xx_hal_gpio.o
                0x08003178                HAL_GPIO_EXTI_IRQHandler
 .text.HAL_GPIO_EXTI_Callback
                0x080031a8       0x16 ./Drivers/STM32F4xx_HAL_Driver/Src/stm32f4xx_hal_gpio.o
                0x080031a8                HAL_GPIO_EXTI_Callback
 *fill*         0x080031be        0x2 
 .text.HAL_RCC_ClockConfig
                0x080031c0      0x1cc ./Drivers/STM32F4xx_HAL_Driver/Src/stm32f4xx_hal_rcc.o
                0x080031c0                HAL_RCC_ClockConfig
 .text.HAL_RCC_GetHCLKFreq
                0x0800338c       0x18 ./Drivers/STM32F4xx_HAL_Driver/Src/stm32f4xx_hal_rcc.o
                0x0800338c                HAL_RCC_GetHCLKFreq
 .text.HAL_RCC_GetPCLK1Freq
                0x080033a4       0x28 ./Drivers/STM32F4xx_HAL_Driver/Src/stm32f4xx_hal_rcc.o
                0x080033a4                HAL_RCC_GetPCLK1Freq
 .text.HAL_RCC_GetPCLK2Freq
                0x080033cc       0x28 ./Drivers/STM32F4xx_HAL_Driver/Src/stm32f4xx_hal_rcc.o
                0x080033cc                HAL_RCC_GetPCLK2Freq
 .text.HAL_RCC_GetSysClockFreq
                0x080033f4      0x460 ./Drivers/STM32F4xx_HAL_Driver/Src/stm32f4xx_hal_rcc_ex.o
                0x080033f4                HAL_RCC_GetSysClockFreq
 .text.HAL_RCC_OscConfig
                0x08003854      0x53c ./Drivers/STM32F4xx_HAL_Driver/Src/stm32f4xx_hal_rcc_ex.o
                0x08003854                HAL_RCC_OscConfig
 .text.HAL_TIM_Base_Init
                0x08003d90       0x9e ./Drivers/STM32F4xx_HAL_Driver/Src/stm32f4xx_hal_tim.o
                0x08003d90                HAL_TIM_Base_Init
 *fill*         0x08003e2e        0x2 
 .text.HAL_TIM_Base_Start
                0x08003e30       0xd0 ./Drivers/STM32F4xx_HAL_Driver/Src/stm32f4xx_hal_tim.o
                0x08003e30                HAL_TIM_Base_Start
 .text.HAL_TIM_ConfigClockSource
                0x08003f00      0x18e ./Drivers/STM32F4xx_HAL_Driver/Src/stm32f4xx_hal_tim.o
                0x08003f00                HAL_TIM_ConfigClockSource
 *fill*         0x0800408e        0x2 
 .text.TIM_Base_SetConfig
                0x08004090      0x14c ./Drivers/STM32F4xx_HAL_Driver/Src/stm32f4xx_hal_tim.o
                0x08004090                TIM_Base_SetConfig
 .text.TIM_TI1_ConfigInputStage
                0x080041dc       0x5e ./Drivers/STM32F4xx_HAL_Driver/Src/stm32f4xx_hal_tim.o
 .text.TIM_TI2_ConfigInputStage
                0x0800423a       0x60 ./Drivers/STM32F4xx_HAL_Driver/Src/stm32f4xx_hal_tim.o
 .text.TIM_ITRx_SetConfig
                0x0800429a       0x36 ./Drivers/STM32F4xx_HAL_Driver/Src/stm32f4xx_hal_tim.o
 .text.TIM_ETR_SetConfig
                0x080042d0       0x40 ./Drivers/STM32F4xx_HAL_Driver/Src/stm32f4xx_hal_tim.o
                0x080042d0                TIM_ETR_SetConfig
 .text.HAL_TIMEx_MasterConfigSynchronization
                0x08004310       0xf8 ./Drivers/STM32F4xx_HAL_Driver/Src/stm32f4xx_hal_tim_ex.o
                0x08004310                HAL_TIMEx_MasterConfigSynchronization
 .text.HAL_UART_Init
                0x08004408       0xa0 ./Drivers/STM32F4xx_HAL_Driver/Src/stm32f4xx_hal_uart.o
                0x08004408                HAL_UART_Init
 .text.UART_SetConfig
                0x080044a8      0x4e8 ./Drivers/STM32F4xx_HAL_Driver/Src/stm32f4xx_hal_uart.o
 .text.arm_lms_f32
                0x08004990      0x162 ./Lib/Source/arm_lms_f32.o
                0x08004990                arm_lms_f32
 .text.arm_lms_init_f32
                0x08004af2       0x48 ./Lib/Source/arm_lms_init_f32.o
                0x08004af2                arm_lms_init_f32
 .text.memset   0x08004b3a       0x10 C:/ST/STM32CubeIDE_1.17.0/STM32CubeIDE/plugins/com.st.stm32cube.ide.mcu.externaltools.gnu-tools-for-stm32.13.3.rel1.win32_1.0.0.202411081344/tools/bin/../lib/gcc/arm-none-eabi/13.3.1/../../../../arm-none-eabi/lib/thumb/v7e-m+fp/hard\libc_nano.a(libc_a-memset.o)
                0x08004b3a                memset
 *fill*         0x08004b4a        0x2 
 .text.__libc_init_array
                0x08004b4c       0x48 C:/ST/STM32CubeIDE_1.17.0/STM32CubeIDE/plugins/com.st.stm32cube.ide.mcu.externaltools.gnu-tools-for-stm32.13.3.rel1.win32_1.0.0.202411081344/tools/bin/../lib/gcc/arm-none-eabi/13.3.1/../../../../arm-none-eabi/lib/thumb/v7e-m+fp/hard\libc_nano.a(libc_a-init.o)
                0x08004b4c                __libc_init_array
 *(.glue_7)
 .glue_7        0x08004b94        0x0 linker stubs
 *(.glue_7t)
 .glue_7t       0x08004b94        0x0 linker stubs
 *(.eh_frame)
 .eh_frame      0x08004b94        0x0 C:/ST/STM32CubeIDE_1.17.0/STM32CubeIDE/plugins/com.st.stm32cube.ide.mcu.externaltools.gnu-tools-for-stm32.13.3.rel1.win32_1.0.0.202411081344/tools/bin/../lib/gcc/arm-none-eabi/13.3.1/thumb/v7e-m+fp/hard/crtbegin.o
 *(.init)
 .init          0x08004b94        0x4 C:/ST/STM32CubeIDE_1.17.0/STM32CubeIDE/plugins/com.st.stm32cube.ide.mcu.externaltools.gnu-tools-for-stm32.13.3.rel1.win32_1.0.0.202411081344/tools/bin/../lib/gcc/arm-none-eabi/13.3.1/thumb/v7e-m+fp/hard/crti.o
                0x08004b94                _init
 .init          0x08004b98        0x8 C:/ST/STM32CubeIDE_1.17.0/STM32CubeIDE/plugins/com.st.stm32cube.ide.mcu.externaltools.gnu-tools-for-stm32.13.3.rel1.win32_1.0.0.202411081344/tools/bin/../lib/gcc/arm-none-eabi/13.3.1/thumb/v7e-m+fp/hard/crtn.o
 *(.fini)
 .fini          0x08004ba0        0x4 C:/ST/STM32CubeIDE_1.17.0/STM32CubeIDE/plugins/com.st.stm32cube.ide.mcu.externaltools.gnu-tools-for-stm32.13.3.rel1.win32_1.0.0.202411081344/tools/bin/../lib/gcc/arm-none-eabi/13.3.1/thumb/v7e-m+fp/hard/crti.o
                0x08004ba0                _fini
 .fini          0x08004ba4        0x8 C:/ST/STM32CubeIDE_1.17.0/STM32CubeIDE/plugins/com.st.stm32cube.ide.mcu.externaltools.gnu-tools-for-stm32.13.3.rel1.win32_1.0.0.202411081344/tools/bin/../lib/gcc/arm-none-eabi/13.3.1/thumb/v7e-m+fp/hard/crtn.o
                0x08004bac                        . = ALIGN (0x4)
                0x08004bac                        _etext = .

.vfp11_veneer   0x08004bac        0x0
 .vfp11_veneer  0x08004bac        0x0 linker stubs

.v4_bx          0x08004bac        0x0
 .v4_bx         0x08004bac        0x0 linker stubs

.iplt           0x08004bac        0x0
 .iplt          0x08004bac        0x0 C:/ST/STM32CubeIDE_1.17.0/STM32CubeIDE/plugins/com.st.stm32cube.ide.mcu.externaltools.gnu-tools-for-stm32.13.3.rel1.win32_1.0.0.202411081344/tools/bin/../lib/gcc/arm-none-eabi/13.3.1/thumb/v7e-m+fp/hard/crtbegin.o

.rodata         0x08004bac       0x20
                0x08004bac                        . = ALIGN (0x4)
 *(.rodata)
 *(.rodata*)
 .rodata.AHBPrescTable
                0x08004bac       0x10 ./Core/Src/system_stm32f4xx.o
                0x08004bac                AHBPrescTable
 .rodata.APBPrescTable
                0x08004bbc        0x8 ./Core/Src/system_stm32f4xx.o
                0x08004bbc                APBPrescTable
 .rodata.flagBitshiftOffset.0
                0x08004bc4        0x8 ./Drivers/STM32F4xx_HAL_Driver/Src/stm32f4xx_hal_dma.o
                0x08004bcc                        . = ALIGN (0x4)

.ARM.extab      0x08004bcc        0x0
                0x08004bcc                        . = ALIGN (0x4)
 *(.ARM.extab* .gnu.linkonce.armextab.*)
                0x08004bcc                        . = ALIGN (0x4)

.ARM            0x08004bcc        0x8
                0x08004bcc                        . = ALIGN (0x4)
                0x08004bcc                        __exidx_start = .
 *(.ARM.exidx*)
 .ARM.exidx     0x08004bcc        0x8 C:/ST/STM32CubeIDE_1.17.0/STM32CubeIDE/plugins/com.st.stm32cube.ide.mcu.externaltools.gnu-tools-for-stm32.13.3.rel1.win32_1.0.0.202411081344/tools/bin/../lib/gcc/arm-none-eabi/13.3.1/thumb/v7e-m+fp/hard\libgcc.a(_udivmoddi4.o)
                0x08004bd4                        __exidx_end = .
                0x08004bd4                        . = ALIGN (0x4)

.preinit_array  0x08004bd4        0x0
                0x08004bd4                        . = ALIGN (0x4)
                0x08004bd4                        PROVIDE (__preinit_array_start = .)
 *(.preinit_array*)
                0x08004bd4                        PROVIDE (__preinit_array_end = .)
                0x08004bd4                        . = ALIGN (0x4)

.init_array     0x08004bd4        0x4
                0x08004bd4                        . = ALIGN (0x4)
                0x08004bd4                        PROVIDE (__init_array_start = .)
 *(SORT_BY_NAME(.init_array.*))
 *(.init_array*)
 .init_array    0x08004bd4        0x4 C:/ST/STM32CubeIDE_1.17.0/STM32CubeIDE/plugins/com.st.stm32cube.ide.mcu.externaltools.gnu-tools-for-stm32.13.3.rel1.win32_1.0.0.202411081344/tools/bin/../lib/gcc/arm-none-eabi/13.3.1/thumb/v7e-m+fp/hard/crtbegin.o
                0x08004bd8                        PROVIDE (__init_array_end = .)
                0x08004bd8                        . = ALIGN (0x4)

.fini_array     0x08004bd8        0x4
                0x08004bd8                        . = ALIGN (0x4)
                [!provide]                        PROVIDE (__fini_array_start = .)
 *(SORT_BY_NAME(.fini_array.*))
 *(.fini_array*)
 .fini_array    0x08004bd8        0x4 C:/ST/STM32CubeIDE_1.17.0/STM32CubeIDE/plugins/com.st.stm32cube.ide.mcu.externaltools.gnu-tools-for-stm32.13.3.rel1.win32_1.0.0.202411081344/tools/bin/../lib/gcc/arm-none-eabi/13.3.1/thumb/v7e-m+fp/hard/crtbegin.o
                [!provide]                        PROVIDE (__fini_array_end = .)
                0x08004bdc                        . = ALIGN (0x4)
                0x08004bdc                        _sidata = LOADADDR (.data)

.rel.dyn        0x08004bdc        0x0
 .rel.iplt      0x08004bdc        0x0 C:/ST/STM32CubeIDE_1.17.0/STM32CubeIDE/plugins/com.st.stm32cube.ide.mcu.externaltools.gnu-tools-for-stm32.13.3.rel1.win32_1.0.0.202411081344/tools/bin/../lib/gcc/arm-none-eabi/13.3.1/thumb/v7e-m+fp/hard/crtbegin.o

.data           0x20000000        0xc load address 0x08004bdc
                0x20000000                        . = ALIGN (0x4)
                0x20000000                        _sdata = .
 *(.data)
 *(.data*)
 .data.SystemCoreClock
                0x20000000        0x4 ./Core/Src/system_stm32f4xx.o
                0x20000000                SystemCoreClock
 .data.uwTickPrio
                0x20000004        0x4 ./Drivers/STM32F4xx_HAL_Driver/Src/stm32f4xx_hal.o
                0x20000004                uwTickPrio
 .data.uwTickFreq
                0x20000008        0x1 ./Drivers/STM32F4xx_HAL_Driver/Src/stm32f4xx_hal.o
                0x20000008                uwTickFreq
 *(.RamFunc)
 *(.RamFunc*)
                0x2000000c                        . = ALIGN (0x4)
 *fill*         0x20000009        0x3 
                0x2000000c                        _edata = .

.igot.plt       0x2000000c        0x0 load address 0x08004be8
 .igot.plt      0x2000000c        0x0 C:/ST/STM32CubeIDE_1.17.0/STM32CubeIDE/plugins/com.st.stm32cube.ide.mcu.externaltools.gnu-tools-for-stm32.13.3.rel1.win32_1.0.0.202411081344/tools/bin/../lib/gcc/arm-none-eabi/13.3.1/thumb/v7e-m+fp/hard/crtbegin.o
                0x2000000c                        . = ALIGN (0x4)

.bss            0x2000000c      0xc54 load address 0x08004be8
                0x2000000c                        _sbss = .
                0x2000000c                        __bss_start__ = _sbss
 *(.bss)
 .bss           0x2000000c       0x1c C:/ST/STM32CubeIDE_1.17.0/STM32CubeIDE/plugins/com.st.stm32cube.ide.mcu.externaltools.gnu-tools-for-stm32.13.3.rel1.win32_1.0.0.202411081344/tools/bin/../lib/gcc/arm-none-eabi/13.3.1/thumb/v7e-m+fp/hard/crtbegin.o
 *(.bss*)
 .bss.hadc1     0x20000028       0x48 ./Core/Src/main.o
                0x20000028                hadc1
 .bss.hadc2     0x20000070       0x48 ./Core/Src/main.o
                0x20000070                hadc2
 .bss.hdma_adc1
                0x200000b8       0x60 ./Core/Src/main.o
                0x200000b8                hdma_adc1
 .bss.hdma_adc2
                0x20000118       0x60 ./Core/Src/main.o
                0x20000118                hdma_adc2
 .bss.hdac      0x20000178       0x14 ./Core/Src/main.o
                0x20000178                hdac
 .bss.hdma_dac1
                0x2000018c       0x60 ./Core/Src/main.o
                0x2000018c                hdma_dac1
 .bss.hdma_dac2
                0x200001ec       0x60 ./Core/Src/main.o
                0x200001ec                hdma_dac2
 .bss.htim2     0x2000024c       0x48 ./Core/Src/main.o
                0x2000024c                htim2
 .bss.huart2    0x20000294       0x48 ./Core/Src/main.o
                0x20000294                huart2
 .bss.adc_buffer_ch1
                0x200002dc       0x80 ./Core/Src/main.o
 .bss.adc_buffer_ch2
                0x2000035c       0x80 ./Core/Src/main.o
 .bss.dac_buffer_ch1
                0x200003dc       0x80 ./Core/Src/main.o
 .bss.dac_buffer_ch2
                0x2000045c       0x80 ./Core/Src/main.o
 .bss.d_block   0x200004dc       0x80 ./Core/Src/main.o
 .bss.x_block   0x2000055c       0x80 ./Core/Src/main.o
 .bss.y_block   0x200005dc       0x80 ./Core/Src/main.o
 .bss.e_block   0x2000065c       0x80 ./Core/Src/main.o
 .bss.lms_coeffs
                0x200006dc       0x80 ./Core/Src/main.o
 .bss.lms_state
                0x2000075c       0xfc ./Core/Src/main.o
 .bss.lms_instance
                0x20000858       0x10 ./Core/Src/main.o
 .bss.lpf_block
                0x20000868       0x80 ./Core/Src/main.o
 .bss.hpf_block
                0x200008e8       0x80 ./Core/Src/main.o
 .bss.der_block
                0x20000968       0x80 ./Core/Src/main.o
 .bss.sq_block  0x200009e8       0x80 ./Core/Src/main.o
 .bss.mwi_block
                0x20000a68       0x80 ./Core/Src/main.o
 .bss.lpf_x_hist
                0x20000ae8       0x34 ./Core/Src/main.o
 .bss.lpf_x_idx
                0x20000b1c        0x4 ./Core/Src/main.o
 .bss.lpf_y1    0x20000b20        0x4 ./Core/Src/main.o
 .bss.lpf_y2    0x20000b24        0x4 ./Core/Src/main.o
 .bss.hpf_x_hist
                0x20000b28       0x84 ./Core/Src/main.o
 .bss.hpf_x_idx
                0x20000bac        0x4 ./Core/Src/main.o
 .bss.hpf_y1    0x20000bb0        0x4 ./Core/Src/main.o
 .bss.der_x_hist
                0x20000bb4       0x14 ./Core/Src/main.o
 .bss.der_x_idx
                0x20000bc8        0x4 ./Core/Src/main.o
 .bss.mwi_hist  0x20000bcc       0x78 ./Core/Src/main.o
 .bss.mwi_idx   0x20000c44        0x4 ./Core/Src/main.o
 .bss.mwi_count
                0x20000c48        0x4 ./Core/Src/main.o
 .bss.mwi_acc   0x20000c4c        0x4 ./Core/Src/main.o
 .bss.adc_half_ready_mask
                0x20000c50        0x4 ./Core/Src/main.o
 .bss.adc_full_ready_mask
                0x20000c54        0x4 ./Core/Src/main.o
 .bss.adc_error_mask
                0x20000c58        0x4 ./Core/Src/main.o
 .bss.uwTick    0x20000c5c        0x4 ./Drivers/STM32F4xx_HAL_Driver/Src/stm32f4xx_hal.o
                0x20000c5c                uwTick
 *(COMMON)
                0x20000c60                        . = ALIGN (0x4)
                0x20000c60                        _ebss = .
                0x20000c60                        __bss_end__ = _ebss

._user_heap_stack
                0x20000c60      0x600 load address 0x08004be8
                0x20000c60                        . = ALIGN (0x8)
                [!provide]                        PROVIDE (end = .)
                0x20000c60                        PROVIDE (_end = .)
                0x20000e60                        . = (. + _Min_Heap_Size)
 *fill*         0x20000c60      0x200 
                0x20001260                        . = (. + _Min_Stack_Size)
 *fill*         0x20000e60      0x400 
                0x20001260                        . = ALIGN (0x8)

/DISCARD/
 libc.a(*)
 libm.a(*)
 libgcc.a(*)

.ARM.attributes
                0x00000000       0x30
 *(.ARM.attributes)
 .ARM.attributes
                0x00000000       0x22 C:/ST/STM32CubeIDE_1.17.0/STM32CubeIDE/plugins/com.st.stm32cube.ide.mcu.externaltools.gnu-tools-for-stm32.13.3.rel1.win32_1.0.0.202411081344/tools/bin/../lib/gcc/arm-none-eabi/13.3.1/thumb/v7e-m+fp/hard/crti.o
 .ARM.attributes
                0x00000022       0x34 C:/ST/STM32CubeIDE_1.17.0/STM32CubeIDE/plugins/com.st.stm32cube.ide.mcu.externaltools.gnu-tools-for-stm32.13.3.rel1.win32_1.0.0.202411081344/tools/bin/../lib/gcc/arm-none-eabi/13.3.1/thumb/v7e-m+fp/hard/crtbegin.o
 .ARM.attributes
                0x00000056       0x34 ./Core/Src/main.o
 .ARM.attributes
                0x0000008a       0x34 ./Core/Src/stm32f4xx_hal_msp.o
 .ARM.attributes
                0x000000be       0x34 ./Core/Src/stm32f4xx_it.o
 .ARM.attributes
                0x000000f2       0x34 ./Core/Src/system_stm32f4xx.o
 .ARM.attributes
                0x00000126       0x21 ./Core/Startup/startup_stm32f446retx.o
 .ARM.attributes
                0x00000147       0x34 ./Drivers/STM32F4xx_HAL_Driver/Src/stm32f4xx_hal.o
 .ARM.attributes
                0x0000017b       0x34 ./Drivers/STM32F4xx_HAL_Driver/Src/stm32f4xx_hal_adc.o
 .ARM.attributes
                0x000001af       0x34 ./Drivers/STM32F4xx_HAL_Driver/Src/stm32f4xx_hal_cortex.o
 .ARM.attributes
                0x000001e3       0x34 ./Drivers/STM32F4xx_HAL_Driver/Src/stm32f4xx_hal_dac.o
 .ARM.attributes
                0x00000217       0x34 ./Drivers/STM32F4xx_HAL_Driver/Src/stm32f4xx_hal_dac_ex.o
 .ARM.attributes
                0x0000024b       0x34 ./Drivers/STM32F4xx_HAL_Driver/Src/stm32f4xx_hal_dma.o
 .ARM.attributes
                0x0000027f       0x34 ./Drivers/STM32F4xx_HAL_Driver/Src/stm32f4xx_hal_gpio.o
 .ARM.attributes
                0x000002b3       0x34 ./Drivers/STM32F4xx_HAL_Driver/Src/stm32f4xx_hal_rcc.o
 .ARM.attributes
                0x000002e7       0x34 ./Drivers/STM32F4xx_HAL_Driver/Src/stm32f4xx_hal_rcc_ex.o
 .ARM.attributes
                0x0000031b       0x34 ./Drivers/STM32F4xx_HAL_Driver/Src/stm32f4xx_hal_tim.o
 .ARM.attributes
                0x0000034f       0x34 ./Drivers/STM32F4xx_HAL_Driver/Src/stm32f4xx_hal_tim_ex.o
 .ARM.attributes
                0x00000383       0x34 ./Drivers/STM32F4xx_HAL_Driver/Src/stm32f4xx_hal_uart.o
 .ARM.attributes
                0x000003b7       0x34 ./Lib/Source/arm_lms_f32.o
 .ARM.attributes
                0x000003eb       0x34 ./Lib/Source/arm_lms_init_f32.o
 .ARM.attributes
                0x0000041f       0x34 C:/ST/STM32CubeIDE_1.17.0/STM32CubeIDE/plugins/com.st.stm32cube.ide.mcu.externaltools.gnu-tools-for-stm32.13.3.rel1.win32_1.0.0.202411081344/tools/bin/../lib/gcc/arm-none-eabi/13.3.1/../../../../arm-none-eabi/lib/thumb/v7e-m+fp/hard\libc_nano.a(libc_a-memset.o)
 .ARM.attributes
                0x00000453       0x34 C:/ST/STM32CubeIDE_1.17.0/STM32CubeIDE/plugins/com.st.stm32cube.ide.mcu.externaltools.gnu-tools-for-stm32.13.3.rel1.win32_1.0.0.202411081344/tools/bin/../lib/gcc/arm-none-eabi/13.3.1/../../../../arm-none-eabi/lib/thumb/v7e-m+fp/hard\libc_nano.a(libc_a-init.o)
 .ARM.attributes
                0x00000487       0x22 C:/ST/STM32CubeIDE_1.17.0/STM32CubeIDE/plugins/com.st.stm32cube.ide.mcu.externaltools.gnu-tools-for-stm32.13.3.rel1.win32_1.0.0.202411081344/tools/bin/../lib/gcc/arm-none-eabi/13.3.1/thumb/v7e-m+fp/hard\libgcc.a(_aeabi_uldivmod.o)
 .ARM.attributes
                0x000004a9       0x34 C:/ST/STM32CubeIDE_1.17.0/STM32CubeIDE/plugins/com.st.stm32cube.ide.mcu.externaltools.gnu-tools-for-stm32.13.3.rel1.win32_1.0.0.202411081344/tools/bin/../lib/gcc/arm-none-eabi/13.3.1/thumb/v7e-m+fp/hard\libgcc.a(_udivmoddi4.o)
 .ARM.attributes
                0x000004dd       0x22 C:/ST/STM32CubeIDE_1.17.0/STM32CubeIDE/plugins/com.st.stm32cube.ide.mcu.externaltools.gnu-tools-for-stm32.13.3.rel1.win32_1.0.0.202411081344/tools/bin/../lib/gcc/arm-none-eabi/13.3.1/thumb/v7e-m+fp/hard\libgcc.a(_dvmd_tls.o)
 .ARM.attributes
                0x000004ff       0x22 C:/ST/STM32CubeIDE_1.17.0/STM32CubeIDE/plugins/com.st.stm32cube.ide.mcu.externaltools.gnu-tools-for-stm32.13.3.rel1.win32_1.0.0.202411081344/tools/bin/../lib/gcc/arm-none-eabi/13.3.1/thumb/v7e-m+fp/hard/crtn.o
OUTPUT(labfinal_dsp.elf elf32-littlearm)
LOAD linker stubs
LOAD C:/ST/STM32CubeIDE_1.17.0/STM32CubeIDE/plugins/com.st.stm32cube.ide.mcu.externaltools.gnu-tools-for-stm32.13.3.rel1.win32_1.0.0.202411081344/tools/bin/../lib/gcc/arm-none-eabi/13.3.1/../../../../arm-none-eabi/lib/thumb/v7e-m+fp/hard\libc.a
LOAD C:/ST/STM32CubeIDE_1.17.0/STM32CubeIDE/plugins/com.st.stm32cube.ide.mcu.externaltools.gnu-tools-for-stm32.13.3.rel1.win32_1.0.0.202411081344/tools/bin/../lib/gcc/arm-none-eabi/13.3.1/../../../../arm-none-eabi/lib/thumb/v7e-m+fp/hard\libm.a
LOAD C:/ST/STM32CubeIDE_1.17.0/STM32CubeIDE/plugins/com.st.stm32cube.ide.mcu.externaltools.gnu-tools-for-stm32.13.3.rel1.win32_1.0.0.202411081344/tools/bin/../lib/gcc/arm-none-eabi/13.3.1/thumb/v7e-m+fp/hard\libgcc.a

.debug_info     0x00000000    0x106a0
 .debug_info    0x00000000     0x209c ./Core/Src/main.o
 .debug_info    0x0000209c     0x12c3 ./Core/Src/stm32f4xx_hal_msp.o
 .debug_info    0x0000335f      0x432 ./Core/Src/stm32f4xx_it.o
 .debug_info    0x00003791      0x54a ./Core/Src/system_stm32f4xx.o
 .debug_info    0x00003cdb       0x30 ./Core/Startup/startup_stm32f446retx.o
 .debug_info    0x00003d0b      0x99a ./Drivers/STM32F4xx_HAL_Driver/Src/stm32f4xx_hal.o
 .debug_info    0x000046a5      0xce3 ./Drivers/STM32F4xx_HAL_Driver/Src/stm32f4xx_hal_adc.o
 .debug_info    0x00005388      0xdaa ./Drivers/STM32F4xx_HAL_Driver/Src/stm32f4xx_hal_cortex.o
 .debug_info    0x00006132      0xa01 ./Drivers/STM32F4xx_HAL_Driver/Src/stm32f4xx_hal_dac.o
 .debug_info    0x00006b33      0x750 ./Drivers/STM32F4xx_HAL_Driver/Src/stm32f4xx_hal_dac_ex.o
 .debug_info    0x00007283      0x8e7 ./Drivers/STM32F4xx_HAL_Driver/Src/stm32f4xx_hal_dma.o
 .debug_info    0x00007b6a      0x70b ./Drivers/STM32F4xx_HAL_Driver/Src/stm32f4xx_hal_gpio.o
 .debug_info    0x00008275      0x8ff ./Drivers/STM32F4xx_HAL_Driver/Src/stm32f4xx_hal_rcc.o
 .debug_info    0x00008b74      0x960 ./Drivers/STM32F4xx_HAL_Driver/Src/stm32f4xx_hal_rcc_ex.o
 .debug_info    0x000094d4     0x299d ./Drivers/STM32F4xx_HAL_Driver/Src/stm32f4xx_hal_tim.o
 .debug_info    0x0000be71     0x14db ./Drivers/STM32F4xx_HAL_Driver/Src/stm32f4xx_hal_tim_ex.o
 .debug_info    0x0000d34c     0x2f4f ./Drivers/STM32F4xx_HAL_Driver/Src/stm32f4xx_hal_uart.o
 .debug_info    0x0001029b      0x24f ./Lib/Source/arm_lms_f32.o
 .debug_info    0x000104ea      0x1b6 ./Lib/Source/arm_lms_init_f32.o

.debug_abbrev   0x00000000     0x26fa
 .debug_abbrev  0x00000000      0x362 ./Core/Src/main.o
 .debug_abbrev  0x00000362      0x273 ./Core/Src/stm32f4xx_hal_msp.o
 .debug_abbrev  0x000005d5      0x199 ./Core/Src/stm32f4xx_it.o
 .debug_abbrev  0x0000076e      0x11a ./Core/Src/system_stm32f4xx.o
 .debug_abbrev  0x00000888       0x24 ./Core/Startup/startup_stm32f446retx.o
 .debug_abbrev  0x000008ac      0x214 ./Drivers/STM32F4xx_HAL_Driver/Src/stm32f4xx_hal.o
 .debug_abbrev  0x00000ac0      0x252 ./Drivers/STM32F4xx_HAL_Driver/Src/stm32f4xx_hal_adc.o
 .debug_abbrev  0x00000d12      0x31d ./Drivers/STM32F4xx_HAL_Driver/Src/stm32f4xx_hal_cortex.o
 .debug_abbrev  0x0000102f      0x1fa ./Drivers/STM32F4xx_HAL_Driver/Src/stm32f4xx_hal_dac.o
 .debug_abbrev  0x00001229      0x1ef ./Drivers/STM32F4xx_HAL_Driver/Src/stm32f4xx_hal_dac_ex.o
 .debug_abbrev  0x00001418      0x264 ./Drivers/STM32F4xx_HAL_Driver/Src/stm32f4xx_hal_dma.o
 .debug_abbrev  0x0000167c      0x1d4 ./Drivers/STM32F4xx_HAL_Driver/Src/stm32f4xx_hal_gpio.o
 .debug_abbrev  0x00001850      0x2b7 ./Drivers/STM32F4xx_HAL_Driver/Src/stm32f4xx_hal_rcc.o
 .debug_abbrev  0x00001b07      0x211 ./Drivers/STM32F4xx_HAL_Driver/Src/stm32f4xx_hal_rcc_ex.o
 .debug_abbrev  0x00001d18      0x278 ./Drivers/STM32F4xx_HAL_Driver/Src/stm32f4xx_hal_tim.o
 .debug_abbrev  0x00001f90      0x283 ./Drivers/STM32F4xx_HAL_Driver/Src/stm32f4xx_hal_tim_ex.o
 .debug_abbrev  0x00002213      0x30e ./Drivers/STM32F4xx_HAL_Driver/Src/stm32f4xx_hal_uart.o
 .debug_abbrev  0x00002521       0xef ./Lib/Source/arm_lms_f32.o
 .debug_abbrev  0x00002610       0xea ./Lib/Source/arm_lms_init_f32.o

.debug_aranges  0x00000000      0xfb0
 .debug_aranges
                0x00000000       0xc8 ./Core/Src/main.o
 .debug_aranges
                0x000000c8       0x60 ./Core/Src/stm32f4xx_hal_msp.o
 .debug_aranges
                0x00000128       0x88 ./Core/Src/stm32f4xx_it.o
 .debug_aranges
                0x000001b0       0x28 ./Core/Src/system_stm32f4xx.o
 .debug_aranges
                0x000001d8       0x28 ./Core/Startup/startup_stm32f446retx.o
 .debug_aranges
                0x00000200       0xf0 ./Drivers/STM32F4xx_HAL_Driver/Src/stm32f4xx_hal.o
 .debug_aranges
                0x000002f0       0xe8 ./Drivers/STM32F4xx_HAL_Driver/Src/stm32f4xx_hal_adc.o
 .debug_aranges
                0x000003d8      0x130 ./Drivers/STM32F4xx_HAL_Driver/Src/stm32f4xx_hal_cortex.o
 .debug_aranges
                0x00000508       0xc0 ./Drivers/STM32F4xx_HAL_Driver/Src/stm32f4xx_hal_dac.o
 .debug_aranges
                0x000005c8       0x80 ./Drivers/STM32F4xx_HAL_Driver/Src/stm32f4xx_hal_dac_ex.o
 .debug_aranges
                0x00000648       0x90 ./Drivers/STM32F4xx_HAL_Driver/Src/stm32f4xx_hal_dma.o
 .debug_aranges
                0x000006d8       0x58 ./Drivers/STM32F4xx_HAL_Driver/Src/stm32f4xx_hal_gpio.o
 .debug_aranges
                0x00000730       0x88 ./Drivers/STM32F4xx_HAL_Driver/Src/stm32f4xx_hal_rcc.o
 .debug_aranges
                0x000007b8       0x78 ./Drivers/STM32F4xx_HAL_Driver/Src/stm32f4xx_hal_rcc_ex.o
 .debug_aranges
                0x00000830      0x3d0 ./Drivers/STM32F4xx_HAL_Driver/Src/stm32f4xx_hal_tim.o
 .debug_aranges
                0x00000c00      0x168 ./Drivers/STM32F4xx_HAL_Driver/Src/stm32f4xx_hal_tim_ex.o
 .debug_aranges
                0x00000d68      0x208 ./Drivers/STM32F4xx_HAL_Driver/Src/stm32f4xx_hal_uart.o
 .debug_aranges
                0x00000f70       0x20 ./Lib/Source/arm_lms_f32.o
 .debug_aranges
                0x00000f90       0x20 ./Lib/Source/arm_lms_init_f32.o

.debug_rnglists
                0x00000000      0xc3e
 .debug_rnglists
                0x00000000       0x9f ./Core/Src/main.o
 .debug_rnglists
                0x0000009f       0x46 ./Core/Src/stm32f4xx_hal_msp.o
 .debug_rnglists
                0x000000e5       0x61 ./Core/Src/stm32f4xx_it.o
 .debug_rnglists
                0x00000146       0x1a ./Core/Src/system_stm32f4xx.o
 .debug_rnglists
                0x00000160       0x19 ./Core/Startup/startup_stm32f446retx.o
 .debug_rnglists
                0x00000179       0xaf ./Drivers/STM32F4xx_HAL_Driver/Src/stm32f4xx_hal.o
 .debug_rnglists
                0x00000228       0xb5 ./Drivers/STM32F4xx_HAL_Driver/Src/stm32f4xx_hal_adc.o
 .debug_rnglists
                0x000002dd       0xe0 ./Drivers/STM32F4xx_HAL_Driver/Src/stm32f4xx_hal_cortex.o
 .debug_rnglists
                0x000003bd       0x90 ./Drivers/STM32F4xx_HAL_Driver/Src/stm32f4xx_hal_dac.o
 .debug_rnglists
                0x0000044d       0x5c ./Drivers/STM32F4xx_HAL_Driver/Src/stm32f4xx_hal_dac_ex.o
 .debug_rnglists
                0x000004a9       0x70 ./Drivers/STM32F4xx_HAL_Driver/Src/stm32f4xx_hal_dma.o
 .debug_rnglists
                0x00000519       0x3f ./Drivers/STM32F4xx_HAL_Driver/Src/stm32f4xx_hal_gpio.o
 .debug_rnglists
                0x00000558       0x66 ./Drivers/STM32F4xx_HAL_Driver/Src/stm32f4xx_hal_rcc.o
 .debug_rnglists
                0x000005be       0x5e ./Drivers/STM32F4xx_HAL_Driver/Src/stm32f4xx_hal_rcc_ex.o
 .debug_rnglists
                0x0000061c      0x31a ./Drivers/STM32F4xx_HAL_Driver/Src/stm32f4xx_hal_tim.o
 .debug_rnglists
                0x00000936      0x125 ./Drivers/STM32F4xx_HAL_Driver/Src/stm32f4xx_hal_tim_ex.o
 .debug_rnglists
                0x00000a5b      0x1bc ./Drivers/STM32F4xx_HAL_Driver/Src/stm32f4xx_hal_uart.o
 .debug_rnglists
                0x00000c17       0x14 ./Lib/Source/arm_lms_f32.o
 .debug_rnglists
                0x00000c2b       0x13 ./Lib/Source/arm_lms_init_f32.o

.debug_macro    0x00000000    0x243c5
 .debug_macro   0x00000000      0x4a4 ./Core/Src/main.o
 .debug_macro   0x000004a4      0xade ./Core/Src/main.o
 .debug_macro   0x00000f82      0x2a7 ./Core/Src/main.o
 .debug_macro   0x00001229       0x2e ./Core/Src/main.o
 .debug_macro   0x00001257       0x28 ./Core/Src/main.o
 .debug_macro   0x0000127f       0x22 ./Core/Src/main.o
 .debug_macro   0x000012a1       0x8e ./Core/Src/main.o
 .debug_macro   0x0000132f       0x51 ./Core/Src/main.o
 .debug_macro   0x00001380      0x103 ./Core/Src/main.o
 .debug_macro   0x00001483       0x6a ./Core/Src/main.o
 .debug_macro   0x000014ed      0x1df ./Core/Src/main.o
 .debug_macro   0x000016cc       0x1c ./Core/Src/main.o
 .debug_macro   0x000016e8       0x22 ./Core/Src/main.o
 .debug_macro   0x0000170a       0xfb ./Core/Src/main.o
 .debug_macro   0x00001805     0x1011 ./Core/Src/main.o
 .debug_macro   0x00002816      0x11f ./Core/Src/main.o
 .debug_macro   0x00002935    0x1675e ./Core/Src/main.o
 .debug_macro   0x00019093       0x6d ./Core/Src/main.o
 .debug_macro   0x00019100     0x3693 ./Core/Src/main.o
 .debug_macro   0x0001c793      0x190 ./Core/Src/main.o
 .debug_macro   0x0001c923       0x5c ./Core/Src/main.o
 .debug_macro   0x0001c97f      0xca5 ./Core/Src/main.o
 .debug_macro   0x0001d624      0x9e9 ./Core/Src/main.o
 .debug_macro   0x0001e00d      0x115 ./Core/Src/main.o
 .debug_macro   0x0001e122      0x1a0 ./Core/Src/main.o
 .debug_macro   0x0001e2c2       0xa5 ./Core/Src/main.o
 .debug_macro   0x0001e367      0x16d ./Core/Src/main.o
 .debug_macro   0x0001e4d4      0x287 ./Core/Src/main.o
 .debug_macro   0x0001e75b       0x5f ./Core/Src/main.o
 .debug_macro   0x0001e7ba      0x236 ./Core/Src/main.o
 .debug_macro   0x0001e9f0      0xb5b ./Core/Src/main.o
 .debug_macro   0x0001f54b      0x38b ./Core/Src/main.o
 .debug_macro   0x0001f8d6      0x17d ./Core/Src/main.o
 .debug_macro   0x0001fa53       0xf9 ./Core/Src/main.o
 .debug_macro   0x0001fb4c      0x122 ./Core/Src/main.o
 .debug_macro   0x0001fc6e       0xa6 ./Core/Src/main.o
 .debug_macro   0x0001fd14      0x132 ./Core/Src/main.o
 .debug_macro   0x0001fe46      0x29c ./Core/Src/main.o
 .debug_macro   0x000200e2       0x2e ./Core/Src/main.o
 .debug_macro   0x00020110      0x127 ./Core/Src/main.o
 .debug_macro   0x00020237       0xe8 ./Core/Src/main.o
 .debug_macro   0x0002031f       0x89 ./Core/Src/main.o
 .debug_macro   0x000203a8      0x8ed ./Core/Src/main.o
 .debug_macro   0x00020c95       0x53 ./Core/Src/main.o
 .debug_macro   0x00020ce8      0x2aa ./Core/Src/main.o
 .debug_macro   0x00020f92      0x126 ./Core/Src/main.o
 .debug_macro   0x000210b8       0x52 ./Core/Src/main.o
 .debug_macro   0x0002110a       0x22 ./Core/Src/main.o
 .debug_macro   0x0002112c       0x61 ./Core/Src/main.o
 .debug_macro   0x0002118d       0x2a ./Core/Src/main.o
 .debug_macro   0x000211b7       0x43 ./Core/Src/main.o
 .debug_macro   0x000211fa       0x34 ./Core/Src/main.o
 .debug_macro   0x0002122e      0x370 ./Core/Src/main.o
 .debug_macro   0x0002159e       0x16 ./Core/Src/main.o
 .debug_macro   0x000215b4       0x4a ./Core/Src/main.o
 .debug_macro   0x000215fe       0x34 ./Core/Src/main.o
 .debug_macro   0x00021632       0x10 ./Core/Src/main.o
 .debug_macro   0x00021642       0x58 ./Core/Src/main.o
 .debug_macro   0x0002169a       0x8e ./Core/Src/main.o
 .debug_macro   0x00021728       0x1c ./Core/Src/main.o
 .debug_macro   0x00021744      0x185 ./Core/Src/main.o
 .debug_macro   0x000218c9       0x10 ./Core/Src/main.o
 .debug_macro   0x000218d9       0x3c ./Core/Src/main.o
 .debug_macro   0x00021915       0x20 ./Core/Src/main.o
 .debug_macro   0x00021935      0x19b ./Core/Src/main.o
 .debug_macro   0x00021ad0      0x201 ./Core/Src/main.o
 .debug_macro   0x00021cd1       0x7c ./Core/Src/main.o
 .debug_macro   0x00021d4d       0x17 ./Core/Src/main.o
 .debug_macro   0x00021d64      0x118 ./Core/Src/main.o
 .debug_macro   0x00021e7c       0xc1 ./Core/Src/main.o
 .debug_macro   0x00021f3d       0x54 ./Core/Src/main.o
 .debug_macro   0x00021f91       0x35 ./Core/Src/main.o
 .debug_macro   0x00021fc6       0x29 ./Core/Src/main.o
 .debug_macro   0x00021fef       0x28 ./Core/Src/main.o
 .debug_macro   0x00022017       0x16 ./Core/Src/main.o
 .debug_macro   0x0002202d       0x16 ./Core/Src/main.o
 .debug_macro   0x00022043       0x10 ./Core/Src/main.o
 .debug_macro   0x00022053      0x219 ./Core/Src/stm32f4xx_hal_msp.o
 .debug_macro   0x0002226c      0x223 ./Core/Src/stm32f4xx_it.o
 .debug_macro   0x0002248f      0x20a ./Core/Src/system_stm32f4xx.o
 .debug_macro   0x00022699      0x26a ./Drivers/STM32F4xx_HAL_Driver/Src/stm32f4xx_hal.o
 .debug_macro   0x00022903      0x20b ./Drivers/STM32F4xx_HAL_Driver/Src/stm32f4xx_hal_adc.o
 .debug_macro   0x00022b0e      0x20a ./Drivers/STM32F4xx_HAL_Driver/Src/stm32f4xx_hal_cortex.o
 .debug_macro   0x00022d18      0x20b ./Drivers/STM32F4xx_HAL_Driver/Src/stm32f4xx_hal_dac.o
 .debug_macro   0x00022f23      0x20a ./Drivers/STM32F4xx_HAL_Driver/Src/stm32f4xx_hal_dac_ex.o
 .debug_macro   0x0002312d      0x210 ./Drivers/STM32F4xx_HAL_Driver/Src/stm32f4xx_hal_dma.o
 .debug_macro   0x0002333d      0x210 ./Drivers/STM32F4xx_HAL_Driver/Src/stm32f4xx_hal_gpio.o
 .debug_macro   0x0002354d      0x22e ./Drivers/STM32F4xx_HAL_Driver/Src/stm32f4xx_hal_rcc.o
 .debug_macro   0x0002377b      0x20a ./Drivers/STM32F4xx_HAL_Driver/Src/stm32f4xx_hal_rcc_ex.o
 .debug_macro   0x00023985      0x20b ./Drivers/STM32F4xx_HAL_Driver/Src/stm32f4xx_hal_tim.o
 .debug_macro   0x00023b90      0x20a ./Drivers/STM32F4xx_HAL_Driver/Src/stm32f4xx_hal_tim_ex.o
 .debug_macro   0x00023d9a      0x20b ./Drivers/STM32F4xx_HAL_Driver/Src/stm32f4xx_hal_uart.o
 .debug_macro   0x00023fa5      0x210 ./Lib/Source/arm_lms_f32.o
 .debug_macro   0x000241b5      0x210 ./Lib/Source/arm_lms_init_f32.o

.debug_line     0x00000000    0x135a6
 .debug_line    0x00000000     0x1215 ./Core/Src/main.o
 .debug_line    0x00001215      0x9ab ./Core/Src/stm32f4xx_hal_msp.o
 .debug_line    0x00001bc0      0x8e5 ./Core/Src/stm32f4xx_it.o
 .debug_line    0x000024a5      0x834 ./Core/Src/system_stm32f4xx.o
 .debug_line    0x00002cd9       0x7a ./Core/Startup/startup_stm32f446retx.o
 .debug_line    0x00002d53      0xab0 ./Drivers/STM32F4xx_HAL_Driver/Src/stm32f4xx_hal.o
 .debug_line    0x00003803     0x12d3 ./Drivers/STM32F4xx_HAL_Driver/Src/stm32f4xx_hal_adc.o
 .debug_line    0x00004ad6      0xd80 ./Drivers/STM32F4xx_HAL_Driver/Src/stm32f4xx_hal_cortex.o
 .debug_line    0x00005856      0xbc2 ./Drivers/STM32F4xx_HAL_Driver/Src/stm32f4xx_hal_dac.o
 .debug_line    0x00006418      0x9c6 ./Drivers/STM32F4xx_HAL_Driver/Src/stm32f4xx_hal_dac_ex.o
 .debug_line    0x00006dde     0x101c ./Drivers/STM32F4xx_HAL_Driver/Src/stm32f4xx_hal_dma.o
 .debug_line    0x00007dfa      0xbf4 ./Drivers/STM32F4xx_HAL_Driver/Src/stm32f4xx_hal_gpio.o
 .debug_line    0x000089ee      0xecb ./Drivers/STM32F4xx_HAL_Driver/Src/stm32f4xx_hal_rcc.o
 .debug_line    0x000098b9     0x157c ./Drivers/STM32F4xx_HAL_Driver/Src/stm32f4xx_hal_rcc_ex.o
 .debug_line    0x0000ae35     0x3825 ./Drivers/STM32F4xx_HAL_Driver/Src/stm32f4xx_hal_tim.o
 .debug_line    0x0000e65a     0x1a10 ./Drivers/STM32F4xx_HAL_Driver/Src/stm32f4xx_hal_tim_ex.o
 .debug_line    0x0001006a     0x25f8 ./Drivers/STM32F4xx_HAL_Driver/Src/stm32f4xx_hal_uart.o
 .debug_line    0x00012662      0x7f8 ./Lib/Source/arm_lms_f32.o
 .debug_line    0x00012e5a      0x74c ./Lib/Source/arm_lms_init_f32.o

.debug_str      0x00000000    0xe0bf1
 .debug_str     0x00000000    0xe0bf1 ./Core/Src/main.o
                              0xddc3d (size before relaxing)
 .debug_str     0x000e0bf1    0xd7e4a ./Core/Src/stm32f4xx_hal_msp.o
 .debug_str     0x000e0bf1    0xd753c ./Core/Src/stm32f4xx_it.o
 .debug_str     0x000e0bf1    0xd7233 ./Core/Src/system_stm32f4xx.o
 .debug_str     0x000e0bf1       0x84 ./Core/Startup/startup_stm32f446retx.o
 .debug_str     0x000e0bf1    0xd7df8 ./Drivers/STM32F4xx_HAL_Driver/Src/stm32f4xx_hal.o
 .debug_str     0x000e0bf1    0xd77fb ./Drivers/STM32F4xx_HAL_Driver/Src/stm32f4xx_hal_adc.o
 .debug_str     0x000e0bf1    0xd7b4f ./Drivers/STM32F4xx_HAL_Driver/Src/stm32f4xx_hal_cortex.o
 .debug_str     0x000e0bf1    0xd7690 ./Drivers/STM32F4xx_HAL_Driver/Src/stm32f4xx_hal_dac.o
 .debug_str     0x000e0bf1    0xd756b ./Drivers/STM32F4xx_HAL_Driver/Src/stm32f4xx_hal_dac_ex.o
 .debug_str     0x000e0bf1    0xd7628 ./Drivers/STM32F4xx_HAL_Driver/Src/stm32f4xx_hal_dma.o
 .debug_str     0x000e0bf1    0xd73ae ./Drivers/STM32F4xx_HAL_Driver/Src/stm32f4xx_hal_gpio.o
 .debug_str     0x000e0bf1    0xd766c ./Drivers/STM32F4xx_HAL_Driver/Src/stm32f4xx_hal_rcc.o
 .debug_str     0x000e0bf1    0xd769f ./Drivers/STM32F4xx_HAL_Driver/Src/stm32f4xx_hal_rcc_ex.o
 .debug_str     0x000e0bf1    0xd8598 ./Drivers/STM32F4xx_HAL_Driver/Src/stm32f4xx_hal_tim.o
 .debug_str     0x000e0bf1    0xd7da4 ./Drivers/STM32F4xx_HAL_Driver/Src/stm32f4xx_hal_tim_ex.o
 .debug_str     0x000e0bf1    0xd7c23 ./Drivers/STM32F4xx_HAL_Driver/Src/stm32f4xx_hal_uart.o
 .debug_str     0x000e0bf1     0x9b08 ./Lib/Source/arm_lms_f32.o
 .debug_str     0x000e0bf1     0x9af2 ./Lib/Source/arm_lms_init_f32.o

.comment        0x00000000       0x43
 .comment       0x00000000       0x43 ./Core/Src/main.o
                                 0x44 (size before relaxing)
 .comment       0x00000043       0x44 ./Core/Src/stm32f4xx_hal_msp.o
 .comment       0x00000043       0x44 ./Core/Src/stm32f4xx_it.o
 .comment       0x00000043       0x44 ./Core/Src/system_stm32f4xx.o
 .comment       0x00000043       0x44 ./Drivers/STM32F4xx_HAL_Driver/Src/stm32f4xx_hal.o
 .comment       0x00000043       0x44 ./Drivers/STM32F4xx_HAL_Driver/Src/stm32f4xx_hal_adc.o
 .comment       0x00000043       0x44 ./Drivers/STM32F4xx_HAL_Driver/Src/stm32f4xx_hal_cortex.o
 .comment       0x00000043       0x44 ./Drivers/STM32F4xx_HAL_Driver/Src/stm32f4xx_hal_dac.o
 .comment       0x00000043       0x44 ./Drivers/STM32F4xx_HAL_Driver/Src/stm32f4xx_hal_dac_ex.o
 .comment       0x00000043       0x44 ./Drivers/STM32F4xx_HAL_Driver/Src/stm32f4xx_hal_dma.o
 .comment       0x00000043       0x44 ./Drivers/STM32F4xx_HAL_Driver/Src/stm32f4xx_hal_gpio.o
 .comment       0x00000043       0x44 ./Drivers/STM32F4xx_HAL_Driver/Src/stm32f4xx_hal_rcc.o
 .comment       0x00000043       0x44 ./Drivers/STM32F4xx_HAL_Driver/Src/stm32f4xx_hal_rcc_ex.o
 .comment       0x00000043       0x44 ./Drivers/STM32F4xx_HAL_Driver/Src/stm32f4xx_hal_tim.o
 .comment       0x00000043       0x44 ./Drivers/STM32F4xx_HAL_Driver/Src/stm32f4xx_hal_tim_ex.o
 .comment       0x00000043       0x44 ./Drivers/STM32F4xx_HAL_Driver/Src/stm32f4xx_hal_uart.o
 .comment       0x00000043       0x44 ./Lib/Source/arm_lms_f32.o
 .comment       0x00000043       0x44 ./Lib/Source/arm_lms_init_f32.o

.debug_frame    0x00000000     0x4218
 .debug_frame   0x00000000      0x33c ./Core/Src/main.o
 .debug_frame   0x0000033c      0x15c ./Core/Src/stm32f4xx_hal_msp.o
 .debug_frame   0x00000498      0x190 ./Core/Src/stm32f4xx_it.o
 .debug_frame   0x00000628       0x58 ./Core/Src/system_stm32f4xx.o
 .debug_frame   0x00000680      0x374 ./Drivers/STM32F4xx_HAL_Driver/Src/stm32f4xx_hal.o
 .debug_frame   0x000009f4      0x3fc ./Drivers/STM32F4xx_HAL_Driver/Src/stm32f4xx_hal_adc.o
 .debug_frame   0x00000df0      0x508 ./Drivers/STM32F4xx_HAL_Driver/Src/stm32f4xx_hal_cortex.o
 .debug_frame   0x000012f8      0x338 ./Drivers/STM32F4xx_HAL_Driver/Src/stm32f4xx_hal_dac.o
 .debug_frame   0x00001630      0x20c ./Drivers/STM32F4xx_HAL_Driver/Src/stm32f4xx_hal_dac_ex.o
 .debug_frame   0x0000183c      0x250 ./Drivers/STM32F4xx_HAL_Driver/Src/stm32f4xx_hal_dma.o
 .debug_frame   0x00001a8c      0x14c ./Drivers/STM32F4xx_HAL_Driver/Src/stm32f4xx_hal_gpio.o
 .debug_frame   0x00001bd8      0x1f4 ./Drivers/STM32F4xx_HAL_Driver/Src/stm32f4xx_hal_rcc.o
 .debug_frame   0x00001dcc      0x1e8 ./Drivers/STM32F4xx_HAL_Driver/Src/stm32f4xx_hal_rcc_ex.o
 .debug_frame   0x00001fb4     0x11c0 ./Drivers/STM32F4xx_HAL_Driver/Src/stm32f4xx_hal_tim.o
 .debug_frame   0x00003174      0x638 ./Drivers/STM32F4xx_HAL_Driver/Src/stm32f4xx_hal_tim_ex.o
 .debug_frame   0x000037ac      0x954 ./Drivers/STM32F4xx_HAL_Driver/Src/stm32f4xx_hal_uart.o
 .debug_frame   0x00004100       0x38 ./Lib/Source/arm_lms_f32.o
 .debug_frame   0x00004138       0x34 ./Lib/Source/arm_lms_init_f32.o
 .debug_frame   0x0000416c       0x20 C:/ST/STM32CubeIDE_1.17.0/STM32CubeIDE/plugins/com.st.stm32cube.ide.mcu.externaltools.gnu-tools-for-stm32.13.3.rel1.win32_1.0.0.202411081344/tools/bin/../lib/gcc/arm-none-eabi/13.3.1/../../../../arm-none-eabi/lib/thumb/v7e-m+fp/hard\libc_nano.a(libc_a-memset.o)
 .debug_frame   0x0000418c       0x2c C:/ST/STM32CubeIDE_1.17.0/STM32CubeIDE/plugins/com.st.stm32cube.ide.mcu.externaltools.gnu-tools-for-stm32.13.3.rel1.win32_1.0.0.202411081344/tools/bin/../lib/gcc/arm-none-eabi/13.3.1/../../../../arm-none-eabi/lib/thumb/v7e-m+fp/hard\libc_nano.a(libc_a-init.o)
 .debug_frame   0x000041b8       0x2c C:/ST/STM32CubeIDE_1.17.0/STM32CubeIDE/plugins/com.st.stm32cube.ide.mcu.externaltools.gnu-tools-for-stm32.13.3.rel1.win32_1.0.0.202411081344/tools/bin/../lib/gcc/arm-none-eabi/13.3.1/thumb/v7e-m+fp/hard\libgcc.a(_aeabi_uldivmod.o)
 .debug_frame   0x000041e4       0x34 C:/ST/STM32CubeIDE_1.17.0/STM32CubeIDE/plugins/com.st.stm32cube.ide.mcu.externaltools.gnu-tools-for-stm32.13.3.rel1.win32_1.0.0.202411081344/tools/bin/../lib/gcc/arm-none-eabi/13.3.1/thumb/v7e-m+fp/hard\libgcc.a(_udivmoddi4.o)

.debug_line_str
                0x00000000       0x68
 .debug_line_str
                0x00000000       0x68 ./Core/Startup/startup_stm32f446retx.o
