Archive member included to satisfy reference by file (symbol)

/opt/st/stm32cubeide_1.18.1/plugins/com.st.stm32cube.ide.mcu.externaltools.gnu-tools-for-stm32.13.3.rel1.linux64_1.0.0.202410170706/tools/bin/../lib/gcc/arm-none-eabi/13.3.1/../../../../arm-none-eabi/lib/thumb/v7e-m+fp/hard/libc_nano.a(libc_a-exit.o)
                              /opt/st/stm32cubeide_1.18.1/plugins/com.st.stm32cube.ide.mcu.externaltools.gnu-tools-for-stm32.13.3.rel1.linux64_1.0.0.202410170706/tools/bin/../lib/gcc/arm-none-eabi/13.3.1/../../../../arm-none-eabi/lib/thumb/v7e-m+fp/hard/crt0.o (exit)
/opt/st/stm32cubeide_1.18.1/plugins/com.st.stm32cube.ide.mcu.externaltools.gnu-tools-for-stm32.13.3.rel1.linux64_1.0.0.202410170706/tools/bin/../lib/gcc/arm-none-eabi/13.3.1/../../../../arm-none-eabi/lib/thumb/v7e-m+fp/hard/libc_nano.a(libc_a-findfp.o)
                              /opt/st/stm32cubeide_1.18.1/plugins/com.st.stm32cube.ide.mcu.externaltools.gnu-tools-for-stm32.13.3.rel1.linux64_1.0.0.202410170706/tools/bin/../lib/gcc/arm-none-eabi/13.3.1/../../../../arm-none-eabi/lib/thumb/v7e-m+fp/hard/libc_nano.a(libc_a-exit.o) (__stdio_exit_handler)
/opt/st/stm32cubeide_1.18.1/plugins/com.st.stm32cube.ide.mcu.externaltools.gnu-tools-for-stm32.13.3.rel1.linux64_1.0.0.202410170706/tools/bin/../lib/gcc/arm-none-eabi/13.3.1/../../../../arm-none-eabi/lib/thumb/v7e-m+fp/hard/libc_nano.a(libc_a-fwalk.o)
                              /opt/st/stm32cubeide_1.18.1/plugins/com.st.stm32cube.ide.mcu.externaltools.gnu-tools-for-stm32.13.3.rel1.linux64_1.0.0.202410170706/tools/bin/../lib/gcc/arm-none-eabi/13.3.1/../../../../arm-none-eabi/lib/thumb/v7e-m+fp/hard/libc_nano.a(libc_a-findfp.o) (_fwalk_sglue)
/opt/st/stm32cubeide_1.18.1/plugins/com.st.stm32cube.ide.mcu.externaltools.gnu-tools-for-stm32.13.3.rel1.linux64_1.0.0.202410170706/tools/bin/../lib/gcc/arm-none-eabi/13.3.1/../../../../arm-none-eabi/lib/thumb/v7e-m+fp/hard/libc_nano.a(libc_a-stdio.o)
                              /opt/st/stm32cubeide_1.18.1/plugins/com.st.stm32cube.ide.mcu.externaltools.gnu-tools-for-stm32.13.3.rel1.linux64_1.0.0.202410170706/tools/bin/../lib/gcc/arm-none-eabi/13.3.1/../../../../arm-none-eabi/lib/thumb/v7e-m+fp/hard/libc_nano.a(libc_a-findfp.o) (__sread)
/opt/st/stm32cubeide_1.18.1/plugins/com.st.stm32cube.ide.mcu.externaltools.gnu-tools-for-stm32.13.3.rel1.linux64_1.0.0.202410170706/tools/bin/../lib/gcc/arm-none-eabi/13.3.1/../../../../arm-none-eabi/lib/thumb/v7e-m+fp/hard/libc_nano.a(libc_a-memset.o)
                              /opt/st/stm32cubeide_1.18.1/plugins/com.st.stm32cube.ide.mcu.externaltools.gnu-tools-for-stm32.13.3.rel1.linux64_1.0.0.202410170706/tools/bin/../lib/gcc/arm-none-eabi/13.3.1/../../../../arm-none-eabi/lib/thumb/v7e-m+fp/hard/crt0.o (memset)
/opt/st/stm32cubeide_1.18.1/plugins/com.st.stm32cube.ide.mcu.externaltools.gnu-tools-for-stm32.13.3.rel1.linux64_1.0.0.202410170706/tools/bin/../lib/gcc/arm-none-eabi/13.3.1/../../../../arm-none-eabi/lib/thumb/v7e-m+fp/hard/libc_nano.a(libc_a-closer.o)
                              /opt/st/stm32cubeide_1.18.1/plugins/com.st.stm32cube.ide.mcu.externaltools.gnu-tools-for-stm32.13.3.rel1.linux64_1.0.0.202410170706/tools/bin/../lib/gcc/arm-none-eabi/13.3.1/../../../../arm-none-eabi/lib/thumb/v7e-m+fp/hard/libc_nano.a(libc_a-stdio.o) (_close_r)
/opt/st/stm32cubeide_1.18.1/plugins/com.st.stm32cube.ide.mcu.externaltools.gnu-tools-for-stm32.13.3.rel1.linux64_1.0.0.202410170706/tools/bin/../lib/gcc/arm-none-eabi/13.3.1/../../../../arm-none-eabi/lib/thumb/v7e-m+fp/hard/libc_nano.a(libc_a-reent.o)
                              /opt/st/stm32cubeide_1.18.1/plugins/com.st.stm32cube.ide.mcu.externaltools.gnu-tools-for-stm32.13.3.rel1.linux64_1.0.0.202410170706/tools/bin/../lib/gcc/arm-none-eabi/13.3.1/../../../../arm-none-eabi/lib/thumb/v7e-m+fp/hard/libc_nano.a(libc_a-closer.o) (errno)
/opt/st/stm32cubeide_1.18.1/plugins/com.st.stm32cube.ide.mcu.externaltools.gnu-tools-for-stm32.13.3.rel1.linux64_1.0.0.202410170706/tools/bin/../lib/gcc/arm-none-eabi/13.3.1/../../../../arm-none-eabi/lib/thumb/v7e-m+fp/hard/libc_nano.a(libc_a-impure.o)
                              /opt/st/stm32cubeide_1.18.1/plugins/com.st.stm32cube.ide.mcu.externaltools.gnu-tools-for-stm32.13.3.rel1.linux64_1.0.0.202410170706/tools/bin/../lib/gcc/arm-none-eabi/13.3.1/../../../../arm-none-eabi/lib/thumb/v7e-m+fp/hard/libc_nano.a(libc_a-reent.o) (_impure_ptr)
/opt/st/stm32cubeide_1.18.1/plugins/com.st.stm32cube.ide.mcu.externaltools.gnu-tools-for-stm32.13.3.rel1.linux64_1.0.0.202410170706/tools/bin/../lib/gcc/arm-none-eabi/13.3.1/../../../../arm-none-eabi/lib/thumb/v7e-m+fp/hard/libc_nano.a(libc_a-lseekr.o)
                              /opt/st/stm32cubeide_1.18.1/plugins/com.st.stm32cube.ide.mcu.externaltools.gnu-tools-for-stm32.13.3.rel1.linux64_1.0.0.202410170706/tools/bin/../lib/gcc/arm-none-eabi/13.3.1/../../../../arm-none-eabi/lib/thumb/v7e-m+fp/hard/libc_nano.a(libc_a-stdio.o) (_lseek_r)
[...]
Memory Configuration

Name             Origin             Length             Attributes
RAM              0x20000000         0x00020000         xrw
FLASH            0x08000000         0x00080000         xr
*default*        0x00000000         0xffffffff

Linker script and memory map

LOAD /opt/st/stm32cubeide_1.18.1/plugins/com.st.stm32cube.ide.mcu.externaltools.gnu-tools-for-stm32.13.3.rel1.linux64_1.0.0.202410170706/tools/bin/../lib/gcc/arm-none-eabi/13.3.1/thumb/v7e-m+fp/hard/crti.o
LOAD /opt/st/stm32cubeide_1.18.1/plugins/com.st.stm32cube.ide.mcu.externaltools.gnu-tools-for-stm32.13.3.rel1.linux64_1.0.0.202410170706/tools/bin/../lib/gcc/arm-none-eabi/13.3.1/thumb/v7e-m+fp/hard/crtbegin.o
LOAD /opt/st/stm32cubeide_1.18.1/plugins/com.st.stm32cube.ide.mcu.externaltools.gnu-tools-for-stm32.13.3.rel1.linux64_1.0.0.202410170706/tools/bin/../lib/gcc/arm-none-eabi/13.3.1/../../../../arm-none-eabi/lib/thumb/v7e-m+fp/hard/crt0.o
LOAD ./Core/Src/adc.o
LOAD ./Core/Src/dac.o
LOAD ./Core/Src/dma.o
LOAD ./Core/Src/gpio.o
LOAD ./Core/Src/main.o
LOAD ./Core/Src/stm32f4xx_hal_msp.o
LOAD ./Core/Src/stm32f4xx_it.o
LOAD ./Core/Src/syscalls.o
LOAD ./Core/Src/sysmem.o
LOAD ./Core/Src/system_stm32f4xx.o
LOAD ./Core/Src/tim.o
LOAD ./Core/Startup/startup_stm32f446retx.o
LOAD ./Drivers/STM32F4xx_HAL_Driver/Src/stm32f4xx_hal.o
LOAD ./Drivers/STM32F4xx_HAL_Driver/Src/stm32f4xx_hal_adc.o
LOAD ./Drivers/STM32F4xx_HAL_Driver/Src/stm32f4xx_hal_adc_ex.o
LOAD ./Drivers/STM32F4xx_HAL_Driver/Src/stm32f4xx_hal_cortex.o
LOAD ./Drivers/STM32F4xx_HAL_Driver/Src/stm32f4xx_hal_dac.o
LOAD ./Drivers/STM32F4xx_HAL_Driver/Src/stm32f4xx_hal_dac_ex.o
LOAD ./Drivers/STM32F4xx_HAL_Driver/Src/stm32f4xx_hal_dma.o
LOAD ./Drivers/STM32F4xx_HAL_Driver/Src/stm32f4xx_hal_dma_ex.o
LOAD ./Drivers/STM32F4xx_HAL_Driver/Src/stm32f4xx_hal_exti.o
LOAD ./Drivers/STM32F4xx_HAL_Driver/Src/stm32f4xx_hal_flash.o
LOAD ./Drivers/STM32F4xx_HAL_Driver/Src/stm32f4xx_hal_flash_ex.o
LOAD ./Drivers/STM32F4xx_HAL_Driver/Src/stm32f4xx_hal_flash_ramfunc.o
LOAD ./Drivers/STM32F4xx_HAL_Driver/Src/stm32f4xx_hal_gpio.o
LOAD ./Drivers/STM32F4xx_HAL_Driver/Src/stm32f4xx_hal_pwr.o
LOAD ./Drivers/STM32F4xx_HAL_Driver/Src/stm32f4xx_hal_pwr_ex.o
LOAD ./Drivers/STM32F4xx_HAL_Driver/Src/stm32f4xx_hal_rcc.o
LOAD ./Drivers/STM32F4xx_HAL_Driver/Src/stm32f4xx_hal_rcc_ex.o
LOAD ./Drivers/STM32F4xx_HAL_Driver/Src/stm32f4xx_hal_tim.o
LOAD ./Drivers/STM32F4xx_HAL_Driver/Src/stm32f4xx_hal_tim_ex.o
LOAD ./Drivers/STM32F4xx_HAL_Driver/Src/stm32f4xx_ll_adc.o
LOAD /home/mariano-campos/Escritorio/Programas/STM/lab1/Lib/libarm_cortexM4l_math.a
START GROUP
LOAD /opt/st/stm32cubeide_1.18.1/plugins/com.st.stm32cube.ide.mcu.externaltools.gnu-tools-for-stm32.13.3.rel1.linux64_1.0.0.202410170706/tools/bin/../lib/gcc/arm-none-eabi/13.3.1/../../../../arm-none-eabi/lib/thumb/v7e-m+fp/hard/libc_nano.a
LOAD /opt/st/stm32cubeide_1.18.1/plugins/com.st.stm32cube.ide.mcu.externaltools.gnu-tools-for-stm32.13.3.rel1.linux64_1.0.0.202410170706/tools/bin/../lib/gcc/arm-none-eabi/13.3.1/../../../../arm-none-eabi/lib/thumb/v7e-m+fp/hard/libm.a
END GROUP
START GROUP
LOAD /opt/st/stm32cubeide_1.18.1/plugins/com.st.stm32cube.ide.mcu.externaltools.gnu-tools-for-stm32.13.3.rel1.linux64_1.0.0.202410170706/tools/bin/../lib/gcc/arm-none-eabi/13.3.1/thumb/v7e-m+fp/hard/libgcc.a
LOAD /opt/st/stm32cubeide_1.18.1/plugins/com.st.stm32cube.ide.mcu.externaltools.gnu-tools-for-stm32.13.3.rel1.linux64_1.0.0.202410170706/tools/bin/../lib/gcc/arm-none-eabi/13.3.1/../../../../arm-none-eabi/lib/thumb/v7e-m+fp/hard/libc_nano.a
END GROUP
START GROUP
LOAD /opt/st/stm32cubeide_1.18.1/plugins/com.st.stm32cube.ide.mcu.externaltools.gnu-tools-for-stm32.13.3.rel1.linux64_1.0.0.202410170706/tools/bin/../lib/gcc/arm-none-eabi/13.3.1/thumb/v7e-m+fp/hard/libgcc.a
LOAD /opt/st/stm32cubeide_1.18.1/plugins/com.st.stm32cube.ide.mcu.externaltools.gnu-tools-for-stm32.13.3.rel1.linux64_1.0.0.202410170706/tools/bin/../lib/gcc/arm-none-eabi/13.3.1/../../../../arm-none-eabi/lib/thumb/v7e-m+fp/hard/libc_nano.a
LOAD /opt/st/stm32cubeide_1.18.1/plugins/com.st.stm32cube.ide.mcu.externaltools.gnu-tools-for-stm32.13.3.rel1.linux64_1.0.0.202410170706/tools/bin/../lib/gcc/arm-none-eabi/13.3.1/../../../../arm-none-eabi/lib/thumb/v7e-m+fp/hard/libnosys.a
END GROUP
START GROUP
LOAD /opt/st/stm32cubeide_1.18.1/plugins/com.st.stm32cube.ide.mcu.externaltools.gnu-tools-for-stm32.13.3.rel1.linux64_1.0.0.202410170706/tools/bin/../lib/gcc/arm-none-eabi/13.3.1/thumb/v7e-m+fp/hard/libgcc.a
LOAD /opt/st/stm32cubeide_1.18.1/plugins/com.st.stm32cube.ide.mcu.externaltools.gnu-tools-for-stm32.13.3.rel1.linux64_1.0.0.202410170706/tools/bin/../lib/gcc/arm-none-eabi/13.3.1/../../../../arm-none-eabi/lib/thumb/v7e-m+fp/hard/libc_nano.a
LOAD /opt/st/stm32cubeide_1.18.1/plugins/com.st.stm32cube.ide.mcu.externaltools.gnu-tools-for-stm32.13.3.rel1.linux64_1.0.0.202410170706/tools/bin/../lib/gcc/arm-none-eabi/13.3.1/../../../../arm-none-eabi/lib/thumb/v7e-m+fp/hard/libnosys.a
END GROUP
LOAD /opt/st/stm32cubeide_1.18.1/plugins/com.st.stm32cube.ide.mcu.externaltools.gnu-tools-for-stm32.13.3.rel1.linux64_1.0.0.202410170706/tools/bin/../lib/gcc/arm-none-eabi/13.3.1/thumb/v7e-m+fp/hard/crtend.o
LOAD /opt/st/stm32cubeide_1.18.1/plugins/com.st.stm32cube.ide.mcu.externaltools.gnu-tools-for-stm32.13.3.rel1.linux64_1.0.0.202410170706/tools/bin/../lib/gcc/arm-none-eabi/13.3.1/thumb/v7e-m+fp/hard/crtn.o
                0x20020000                        _estack = (ORIGIN (RAM) + LENGTH (RAM))
                0x00000200                        _Min_Heap_Size = 0x200
                0x00000400                        _Min_Stack_Size = 0x400

.isr_vector     0x08000000      0x1c4
                0x08000000                        . = ALIGN (0x4)
 *(.isr_vector)
 .isr_vector    0x08000000      0x1c4 ./Core/Startup/startup_stm32f446retx.o
                0x08000000                g_pfnVectors
                0x080001c4                        . = ALIGN (0x4)

.text           0x080001c4     0x3bcc
                0x080001c4                        . = ALIGN (0x4)
 *(.text)
 .text          0x080001c4       0x40 /opt/st/stm32cubeide_1.18.1/plugins/com.st.stm32cube.ide.mcu.externaltools.gnu-tools-for-stm32.13.3.rel1.linux64_1.0.0.202410170706/tools/bin/../lib/gcc/arm-none-eabi/13.3.1/thumb/v7e-m+fp/hard/crtbegin.o
 .text          0x08000204       0x30 /opt/st/stm32cubeide_1.18.1/plugins/com.st.stm32cube.ide.mcu.externaltools.gnu-tools-for-stm32.13.3.rel1.linux64_1.0.0.202410170706/tools/bin/../lib/gcc/arm-none-eabi/13.3.1/thumb/v7e-m+fp/hard/libgcc.a(_aeabi_uldivmod.o)
                0x08000204                __aeabi_uldivmod
 .text          0x08000234      0x2f8 /opt/st/stm32cubeide_1.18.1/plugins/com.st.stm32cube.ide.mcu.externaltools.gnu-tools-for-stm32.13.3.rel1.linux64_1.0.0.202410170706/tools/bin/../lib/gcc/arm-none-eabi/13.3.1/thumb/v7e-m+fp/hard/libgcc.a(_udivmoddi4.o)
                0x08000234                __udivmoddi4
 .text          0x0800052c        0x4 /opt/st/stm32cubeide_1.18.1/plugins/com.st.stm32cube.ide.mcu.externaltools.gnu-tools-for-stm32.13.3.rel1.linux64_1.0.0.202410170706/tools/bin/../lib/gcc/arm-none-eabi/13.3.1/thumb/v7e-m+fp/hard/libgcc.a(_dvmd_tls.o)
                0x0800052c                __aeabi_ldiv0
                0x0800052c                __aeabi_idiv0
 *(.text*)
 .text.MX_ADC1_Init
                0x08000530       0xa4 ./Core/Src/adc.o
                0x08000530                MX_ADC1_Init
 .text.HAL_ADC_MspInit
                0x080005d4       0xf0 ./Core/Src/adc.o
                0x080005d4                HAL_ADC_MspInit
 .text.MX_DAC_Init
                0x080006c4       0x54 ./Core/Src/dac.o
                0x080006c4                MX_DAC_Init
 .text.HAL_DAC_MspInit
                0x08000718       0xf4 ./Core/Src/dac.o
                0x08000718                HAL_DAC_MspInit
 .text.MX_DMA_Init
                0x0800080c       0x6c ./Core/Src/dma.o
                0x0800080c                MX_DMA_Init
 .text.MX_GPIO_Init
                0x08000878      0x11c ./Core/Src/gpio.o
                0x08000878                MX_GPIO_Init
 .text.convert_q15_to_dac_buffer
                0x08000994       0x80 ./Core/Src/main.o
                0x08000994                convert_q15_to_dac_buffer
 .text.process_buffer_half
                0x08000a14       0x94 ./Core/Src/main.o
                0x08000a14                process_buffer_half
 .text.HAL_ADC_ConvHalfCpltCallback
                0x08000aa8       0x38 ./Core/Src/main.o
                0x08000aa8                HAL_ADC_ConvHalfCpltCallback
 .text.HAL_ADC_ConvCpltCallback
                0x08000ae0       0x38 ./Core/Src/main.o
                0x08000ae0                HAL_ADC_ConvCpltCallback
 .text.HAL_GPIO_EXTI_Callback
                0x08000b18      0x250 ./Core/Src/main.o
                0x08000b18                HAL_GPIO_EXTI_Callback
 .text.main     0x08000d68       0xb0 ./Core/Src/main.o
                0x08000d68                main
 .text.SystemClock_Config
                0x08000e18       0xe4 ./Core/Src/main.o
                0x08000e18                SystemClock_Config
 .text.Error_Handler
                0x08000efc        0xc ./Core/Src/main.o
                0x08000efc                Error_Handler
 .text.HAL_MspInit
                0x08000f08       0x50 ./Core/Src/stm32f4xx_hal_msp.o
                0x08000f08                HAL_MspInit
 .text.NMI_Handler
                0x08000f58        0x8 ./Core/Src/stm32f4xx_it.o
                0x08000f58                NMI_Handler
 .text.HardFault_Handler
                0x08000f60        0x8 ./Core/Src/stm32f4xx_it.o
                0x08000f60                HardFault_Handler
 .text.MemManage_Handler
                0x08000f68        0x8 ./Core/Src/stm32f4xx_it.o
                0x08000f68                MemManage_Handler
 .text.BusFault_Handler
                0x08000f70        0x8 ./Core/Src/stm32f4xx_it.o
                0x08000f70                BusFault_Handler
 .text.UsageFault_Handler
                0x08000f78        0x8 ./Core/Src/stm32f4xx_it.o
                0x08000f78                UsageFault_Handler
 .text.SVC_Handler
                0x08000f80        0xe ./Core/Src/stm32f4xx_it.o
                0x08000f80                SVC_Handler
 .text.DebugMon_Handler
                0x08000f8e        0xe ./Core/Src/stm32f4xx_it.o
                0x08000f8e                DebugMon_Handler
 .text.PendSV_Handler
                0x08000f9c        0xe ./Core/Src/stm32f4xx_it.o
                0x08000f9c                PendSV_Handler
 .text.SysTick_Handler
                0x08000faa        0xc ./Core/Src/stm32f4xx_it.o
                0x08000faa                SysTick_Handler
 *fill*         0x08000fb6        0x2 
 .text.DMA1_Stream5_IRQHandler
                0x08000fb8       0x14 ./Core/Src/stm32f4xx_it.o
                0x08000fb8                DMA1_Stream5_IRQHandler
 .text.EXTI15_10_IRQHandler
                0x08000fcc       0x10 ./Core/Src/stm32f4xx_it.o
                0x08000fcc                EXTI15_10_IRQHandler
 .text.DMA2_Stream0_IRQHandler
                0x08000fdc       0x14 ./Core/Src/stm32f4xx_it.o
                0x08000fdc                DMA2_Stream0_IRQHandler
 .text.SystemInit
                0x08000ff0       0x24 ./Core/Src/system_stm32f4xx.o
                0x08000ff0                SystemInit
 .text.MX_TIM2_Init
                0x08001014       0x98 ./Core/Src/tim.o
                0x08001014                MX_TIM2_Init
 .text.HAL_TIM_Base_MspInit
                0x080010ac       0x40 ./Core/Src/tim.o
                0x080010ac                HAL_TIM_Base_MspInit
 .text.Reset_Handler
                0x080010ec       0x50 ./Core/Startup/startup_stm32f446retx.o
                0x080010ec                Reset_Handler
 .text.Default_Handler
                0x0800113c        0x2 ./Core/Startup/startup_stm32f446retx.o
                0x0800113c                RTC_Alarm_IRQHandler
                0x0800113c                EXTI2_IRQHandler
                0x0800113c                TIM8_CC_IRQHandler
                0x0800113c                FMPI2C1_EV_IRQHandler
                0x0800113c                SPI4_IRQHandler
                0x0800113c                TIM1_CC_IRQHandler
                0x0800113c                DMA2_Stream5_IRQHandler
                0x0800113c                PVD_IRQHandler
                0x0800113c                SDIO_IRQHandler
                0x0800113c                TAMP_STAMP_IRQHandler
                0x0800113c                CAN2_RX1_IRQHandler
                0x0800113c                EXTI3_IRQHandler
                0x0800113c                TIM8_TRG_COM_TIM14_IRQHandler
                0x0800113c                TIM1_UP_TIM10_IRQHandler
                0x0800113c                TIM8_UP_TIM13_IRQHandler
                0x0800113c                I2C3_ER_IRQHandler
                0x0800113c                EXTI0_IRQHandler
                0x0800113c                I2C2_EV_IRQHandler
                0x0800113c                DMA1_Stream2_IRQHandler
                0x0800113c                CAN1_RX0_IRQHandler
                0x0800113c                FPU_IRQHandler
                0x0800113c                OTG_HS_WKUP_IRQHandler
                0x0800113c                CAN2_SCE_IRQHandler
                0x0800113c                DMA2_Stream2_IRQHandler
                0x0800113c                SPI1_IRQHandler
                0x0800113c                TIM6_DAC_IRQHandler
                0x0800113c                TIM1_BRK_TIM9_IRQHandler
                0x0800113c                DCMI_IRQHandler
                0x0800113c                CAN2_RX0_IRQHandler
                0x0800113c                DMA2_Stream3_IRQHandler
                0x0800113c                SAI2_IRQHandler
                0x0800113c                USART6_IRQHandler
                0x0800113c                USART3_IRQHandler
                0x0800113c                CAN1_RX1_IRQHandler
                0x0800113c                UART5_IRQHandler
                0x0800113c                TIM4_IRQHandler
                0x0800113c                QUADSPI_IRQHandler
                0x0800113c                I2C1_EV_IRQHandler
                0x0800113c                DMA1_Stream6_IRQHandler
                0x0800113c                DMA1_Stream1_IRQHandler
                0x0800113c                UART4_IRQHandler
                0x0800113c                TIM3_IRQHandler
                0x0800113c                RCC_IRQHandler
                0x0800113c                TIM8_BRK_TIM12_IRQHandler
                0x0800113c                Default_Handler
                0x0800113c                CEC_IRQHandler
                0x0800113c                ADC_IRQHandler
                0x0800113c                DMA1_Stream7_IRQHandler
                0x0800113c                TIM7_IRQHandler
                0x0800113c                CAN2_TX_IRQHandler
                0x0800113c                TIM5_IRQHandler
                0x0800113c                DMA2_Stream7_IRQHandler
                0x0800113c                I2C3_EV_IRQHandler
                0x0800113c                EXTI9_5_IRQHandler
                0x0800113c                RTC_WKUP_IRQHandler
                0x0800113c                SPDIF_RX_IRQHandler
                0x0800113c                SPI2_IRQHandler
                0x0800113c                OTG_HS_EP1_IN_IRQHandler
                0x0800113c                DMA1_Stream0_IRQHandler
                0x0800113c                CAN1_TX_IRQHandler
                0x0800113c                FMPI2C1_ER_IRQHandler
                0x0800113c                EXTI4_IRQHandler
                0x0800113c                OTG_HS_EP1_OUT_IRQHandler
                0x0800113c                WWDG_IRQHandler
                0x0800113c                TIM2_IRQHandler
                0x0800113c                OTG_FS_WKUP_IRQHandler
                0x0800113c                TIM1_TRG_COM_TIM11_IRQHandler
                0x0800113c                OTG_HS_IRQHandler
                0x0800113c                EXTI1_IRQHandler
                0x0800113c                USART2_IRQHandler
                0x0800113c                I2C2_ER_IRQHandler
                0x0800113c                DMA2_Stream1_IRQHandler
                0x0800113c                CAN1_SCE_IRQHandler
                0x0800113c                FLASH_IRQHandler
                0x0800113c                DMA2_Stream4_IRQHandler
                0x0800113c                USART1_IRQHandler
                0x0800113c                OTG_FS_IRQHandler
                0x0800113c                SPI3_IRQHandler
                0x0800113c                DMA1_Stream4_IRQHandler
                0x0800113c                I2C1_ER_IRQHandler
                0x0800113c                FMC_IRQHandler
                0x0800113c                DMA2_Stream6_IRQHandler
                0x0800113c                SAI1_IRQHandler
                0x0800113c                DMA1_Stream3_IRQHandler
 *fill*         0x0800113e        0x2 
 .text.HAL_Init
                0x08001140       0x44 ./Drivers/STM32F4xx_HAL_Driver/Src/stm32f4xx_hal.o
                0x08001140                HAL_Init
 .text.HAL_InitTick
                0x08001184       0x60 ./Drivers/STM32F4xx_HAL_Driver/Src/stm32f4xx_hal.o
                0x08001184                HAL_InitTick
 .text.HAL_IncTick
                0x080011e4       0x28 ./Drivers/STM32F4xx_HAL_Driver/Src/stm32f4xx_hal.o
                0x080011e4                HAL_IncTick
 .text.HAL_GetTick
                0x0800120c       0x18 ./Drivers/STM32F4xx_HAL_Driver/Src/stm32f4xx_hal.o
                0x0800120c                HAL_GetTick
 .text.HAL_ADC_Init
                0x08001224       0x86 ./Drivers/STM32F4xx_HAL_Driver/Src/stm32f4xx_hal_adc.o
                0x08001224                HAL_ADC_Init
 *fill*         0x080012aa        0x2 
 .text.HAL_ADC_Start_DMA
                0x080012ac      0x228 ./Drivers/STM32F4xx_HAL_Driver/Src/stm32f4xx_hal_adc.o
                0x080012ac                HAL_ADC_Start_DMA
 .text.HAL_ADC_ErrorCallback
                0x080014d4       0x14 ./Drivers/STM32F4xx_HAL_Driver/Src/stm32f4xx_hal_adc.o
                0x080014d4                HAL_ADC_ErrorCallback
 .text.HAL_ADC_ConfigChannel
                0x080014e8      0x264 ./Drivers/STM32F4xx_HAL_Driver/Src/stm32f4xx_hal_adc.o
                0x080014e8                HAL_ADC_ConfigChannel
 .text.ADC_Init
                0x0800174c      0x1f8 ./Drivers/STM32F4xx_HAL_Driver/Src/stm32f4xx_hal_adc.o
 .text.ADC_DMAConvCplt
                0x08001944       0xba ./Drivers/STM32F4xx_HAL_Driver/Src/stm32f4xx_hal_adc.o
 .text.ADC_DMAHalfConvCplt
                0x080019fe       0x1c ./Drivers/STM32F4xx_HAL_Driver/Src/stm32f4xx_hal_adc.o
 .text.ADC_DMAError
                0x08001a1a       0x2e ./Drivers/STM32F4xx_HAL_Driver/Src/stm32f4xx_hal_adc.o
 .text.__NVIC_SetPriorityGrouping
                0x08001a48       0x48 ./Drivers/STM32F4xx_HAL_Driver/Src/stm32f4xx_hal_cortex.o
 .text.__NVIC_GetPriorityGrouping
                0x08001a90       0x1c ./Drivers/STM32F4xx_HAL_Driver/Src/stm32f4xx_hal_cortex.o
 .text.__NVIC_EnableIRQ
                0x08001aac       0x3c ./Drivers/STM32F4xx_HAL_Driver/Src/stm32f4xx_hal_cortex.o
 .text.__NVIC_SetPriority
                0x08001ae8       0x54 ./Drivers/STM32F4xx_HAL_Driver/Src/stm32f4xx_hal_cortex.o
 .text.NVIC_EncodePriority
                0x08001b3c       0x66 ./Drivers/STM32F4xx_HAL_Driver/Src/stm32f4xx_hal_cortex.o
 *fill*         0x08001ba2        0x2 
 .text.SysTick_Config
                0x08001ba4       0x44 ./Drivers/STM32F4xx_HAL_Driver/Src/stm32f4xx_hal_cortex.o
 .text.HAL_NVIC_SetPriorityGrouping
                0x08001be8       0x16 ./Drivers/STM32F4xx_HAL_Driver/Src/stm32f4xx_hal_cortex.o
                0x08001be8                HAL_NVIC_SetPriorityGrouping
 .text.HAL_NVIC_SetPriority
                0x08001bfe       0x38 ./Drivers/STM32F4xx_HAL_Driver/Src/stm32f4xx_hal_cortex.o
                0x08001bfe                HAL_NVIC_SetPriority
 .text.HAL_NVIC_EnableIRQ
                0x08001c36       0x1c ./Drivers/STM32F4xx_HAL_Driver/Src/stm32f4xx_hal_cortex.o
                0x08001c36                HAL_NVIC_EnableIRQ
 .text.HAL_SYSTICK_Config
                0x08001c52       0x18 ./Drivers/STM32F4xx_HAL_Driver/Src/stm32f4xx_hal_cortex.o
                0x08001c52                HAL_SYSTICK_Config
 .text.HAL_DAC_Init
                0x08001c6a       0x44 ./Drivers/STM32F4xx_HAL_Driver/Src/stm32f4xx_hal_dac.o
                0x08001c6a                HAL_DAC_Init
 *fill*         0x08001cae        0x2 
 .text.HAL_DAC_Start_DMA
                0x08001cb0      0x180 ./Drivers/STM32F4xx_HAL_Driver/Src/stm32f4xx_hal_dac.o
                0x08001cb0                HAL_DAC_Start_DMA
 .text.HAL_DAC_ConvCpltCallbackCh1
                0x08001e30       0x14 ./Drivers/STM32F4xx_HAL_Driver/Src/stm32f4xx_hal_dac.o
                0x08001e30                HAL_DAC_ConvCpltCallbackCh1
 .text.HAL_DAC_ConvHalfCpltCallbackCh1
                0x08001e44       0x14 ./Drivers/STM32F4xx_HAL_Driver/Src/stm32f4xx_hal_dac.o
                0x08001e44                HAL_DAC_ConvHalfCpltCallbackCh1
 .text.HAL_DAC_ErrorCallbackCh1
                0x08001e58       0x14 ./Drivers/STM32F4xx_HAL_Driver/Src/stm32f4xx_hal_dac.o
                0x08001e58                HAL_DAC_ErrorCallbackCh1
 .text.HAL_DAC_ConfigChannel
                0x08001e6c       0xb2 ./Drivers/STM32F4xx_HAL_Driver/Src/stm32f4xx_hal_dac.o
                0x08001e6c                HAL_DAC_ConfigChannel
 .text.DAC_DMAConvCpltCh1
                0x08001f1e       0x22 ./Drivers/STM32F4xx_HAL_Driver/Src/stm32f4xx_hal_dac.o
                0x08001f1e                DAC_DMAConvCpltCh1
 .text.DAC_DMAHalfConvCpltCh1
                0x08001f40       0x1c ./Drivers/STM32F4xx_HAL_Driver/Src/stm32f4xx_hal_dac.o
                0x08001f40                DAC_DMAHalfConvCpltCh1
 .text.DAC_DMAErrorCh1
                0x08001f5c       0x2e ./Drivers/STM32F4xx_HAL_Driver/Src/stm32f4xx_hal_dac.o
                0x08001f5c                DAC_DMAErrorCh1
 .text.HAL_DACEx_ConvCpltCallbackCh2
                0x08001f8a       0x14 ./Drivers/STM32F4xx_HAL_Driver/Src/stm32f4xx_hal_dac_ex.o
                0x08001f8a                HAL_DACEx_ConvCpltCallbackCh2
 .text.HAL_DACEx_ConvHalfCpltCallbackCh2
                0x08001f9e       0x14 ./Drivers/STM32F4xx_HAL_Driver/Src/stm32f4xx_hal_dac_ex.o
                0x08001f9e                HAL_DACEx_ConvHalfCpltCallbackCh2
 .text.HAL_DACEx_ErrorCallbackCh2
                0x08001fb2       0x14 ./Drivers/STM32F4xx_HAL_Driver/Src/stm32f4xx_hal_dac_ex.o
                0x08001fb2                HAL_DACEx_ErrorCallbackCh2
 .text.DAC_DMAConvCpltCh2
                0x08001fc6       0x22 ./Drivers/STM32F4xx_HAL_Driver/Src/stm32f4xx_hal_dac_ex.o
                0x08001fc6                DAC_DMAConvCpltCh2
 .text.DAC_DMAHalfConvCpltCh2
                0x08001fe8       0x1c ./Drivers/STM32F4xx_HAL_Driver/Src/stm32f4xx_hal_dac_ex.o
                0x08001fe8                DAC_DMAHalfConvCpltCh2
 .text.DAC_DMAErrorCh2
                0x08002004       0x2e ./Drivers/STM32F4xx_HAL_Driver/Src/stm32f4xx_hal_dac_ex.o
                0x08002004                DAC_DMAErrorCh2
 *fill*         0x08002032        0x2 
 .text.HAL_DMA_Init
                0x08002034      0x15c ./Drivers/STM32F4xx_HAL_Driver/Src/stm32f4xx_hal_dma.o
                0x08002034                HAL_DMA_Init
 .text.HAL_DMA_Start_IT
                0x08002190       0xb0 ./Drivers/STM32F4xx_HAL_Driver/Src/stm32f4xx_hal_dma.o
                0x08002190                HAL_DMA_Start_IT
 .text.HAL_DMA_IRQHandler
                0x08002240      0x314 ./Drivers/STM32F4xx_HAL_Driver/Src/stm32f4xx_hal_dma.o
                0x08002240                HAL_DMA_IRQHandler
 .text.DMA_SetConfig
                0x08002554       0x5c ./Drivers/STM32F4xx_HAL_Driver/Src/stm32f4xx_hal_dma.o
 .text.DMA_CalcBaseAndBitshift
                0x080025b0       0x6c ./Drivers/STM32F4xx_HAL_Driver/Src/stm32f4xx_hal_dma.o
 .text.DMA_CheckFifoParam
                0x0800261c       0xf8 ./Drivers/STM32F4xx_HAL_Driver/Src/stm32f4xx_hal_dma.o
 .text.HAL_GPIO_Init
                0x08002714      0x328 ./Drivers/STM32F4xx_HAL_Driver/Src/stm32f4xx_hal_gpio.o
                0x08002714                HAL_GPIO_Init
 .text.HAL_GPIO_WritePin
                0x08002a3c       0x32 ./Drivers/STM32F4xx_HAL_Driver/Src/stm32f4xx_hal_gpio.o
                0x08002a3c                HAL_GPIO_WritePin
 *fill*         0x08002a6e        0x2 
 .text.HAL_GPIO_EXTI_IRQHandler
                0x08002a70       0x30 ./Drivers/STM32F4xx_HAL_Driver/Src/stm32f4xx_hal_gpio.o
                0x08002a70                HAL_GPIO_EXTI_IRQHandler
 .text.HAL_PWREx_EnableOverDrive
                0x08002aa0       0xa0 ./Drivers/STM32F4xx_HAL_Driver/Src/stm32f4xx_hal_pwr_ex.o
                0x08002aa0                HAL_PWREx_EnableOverDrive
 .text.HAL_RCC_ClockConfig
                0x08002b40      0x1cc ./Drivers/STM32F4xx_HAL_Driver/Src/stm32f4xx_hal_rcc.o
                0x08002b40                HAL_RCC_ClockConfig
 .text.HAL_RCC_GetSysClockFreq
                0x08002d0c      0x460 ./Drivers/STM32F4xx_HAL_Driver/Src/stm32f4xx_hal_rcc_ex.o
                0x08002d0c                HAL_RCC_GetSysClockFreq
 .text.HAL_RCC_OscConfig
                0x0800316c      0x53c ./Drivers/STM32F4xx_HAL_Driver/Src/stm32f4xx_hal_rcc_ex.o
                0x0800316c                HAL_RCC_OscConfig
 .text.HAL_TIM_Base_Init
                0x080036a8       0x9e ./Drivers/STM32F4xx_HAL_Driver/Src/stm32f4xx_hal_tim.o
                0x080036a8                HAL_TIM_Base_Init
 *fill*         0x08003746        0x2 
 .text.HAL_TIM_Base_Start
                0x08003748       0xd0 ./Drivers/STM32F4xx_HAL_Driver/Src/stm32f4xx_hal_tim.o
                0x08003748                HAL_TIM_Base_Start
 .text.HAL_TIM_ConfigClockSource
                0x08003818      0x18e ./Drivers/STM32F4xx_HAL_Driver/Src/stm32f4xx_hal_tim.o
                0x08003818                HAL_TIM_ConfigClockSource
 *fill*         0x080039a6        0x2 
 .text.TIM_Base_SetConfig
                0x080039a8      0x14c ./Drivers/STM32F4xx_HAL_Driver/Src/stm32f4xx_hal_tim.o
                0x080039a8                TIM_Base_SetConfig
 .text.TIM_TI1_ConfigInputStage
                0x08003af4       0x5e ./Drivers/STM32F4xx_HAL_Driver/Src/stm32f4xx_hal_tim.o
 .text.TIM_TI2_ConfigInputStage
                0x08003b52       0x60 ./Drivers/STM32F4xx_HAL_Driver/Src/stm32f4xx_hal_tim.o
 .text.TIM_ITRx_SetConfig
                0x08003bb2       0x36 ./Drivers/STM32F4xx_HAL_Driver/Src/stm32f4xx_hal_tim.o
 .text.TIM_ETR_SetConfig
                0x08003be8       0x40 ./Drivers/STM32F4xx_HAL_Driver/Src/stm32f4xx_hal_tim.o
                0x08003be8                TIM_ETR_SetConfig
 .text.HAL_TIMEx_MasterConfigSynchronization
                0x08003c28       0xf8 ./Drivers/STM32F4xx_HAL_Driver/Src/stm32f4xx_hal_tim_ex.o
                0x08003c28                HAL_TIMEx_MasterConfigSynchronization
 .text.memset   0x08003d20       0x10 /opt/st/stm32cubeide_1.18.1/plugins/com.st.stm32cube.ide.mcu.externaltools.gnu-tools-for-stm32.13.3.rel1.linux64_1.0.0.202410170706/tools/bin/../lib/gcc/arm-none-eabi/13.3.1/../../../../arm-none-eabi/lib/thumb/v7e-m+fp/hard/libc_nano.a(libc_a-memset.o)
                0x08003d20                memset
 .text.__libc_init_array
                0x08003d30       0x48 /opt/st/stm32cubeide_1.18.1/plugins/com.st.stm32cube.ide.mcu.externaltools.gnu-tools-for-stm32.13.3.rel1.linux64_1.0.0.202410170706/tools/bin/../lib/gcc/arm-none-eabi/13.3.1/../../../../arm-none-eabi/lib/thumb/v7e-m+fp/hard/libc_nano.a(libc_a-init.o)
                0x08003d30                __libc_init_array
 *(.glue_7)
 .glue_7        0x08003d78        0x0 linker stubs
 *(.glue_7t)
 .glue_7t       0x08003d78        0x0 linker stubs
 *(.eh_frame)
 .eh_frame      0x08003d78        0x0 /opt/st/stm32cubeide_1.18.1/plugins/com.st.stm32cube.ide.mcu.externaltools.gnu-tools-for-stm32.13.3.rel1.linux64_1.0.0.202410170706/tools/bin/../lib/gcc/arm-none-eabi/13.3.1/thumb/v7e-m+fp/hard/crtbegin.o
 *(.init)
 .init          0x08003d78        0x4 /opt/st/stm32cubeide_1.18.1/plugins/com.st.stm32cube.ide.mcu.externaltools.gnu-tools-for-stm32.13.3.rel1.linux64_1.0.0.202410170706/tools/bin/../lib/gcc/arm-none-eabi/13.3.1/thumb/v7e-m+fp/hard/crti.o
                0x08003d78                _init
 .init          0x08003d7c        0x8 /opt/st/stm32cubeide_1.18.1/plugins/com.st.stm32cube.ide.mcu.externaltools.gnu-tools-for-stm32.13.3.rel1.linux64_1.0.0.202410170706/tools/bin/../lib/gcc/arm-none-eabi/13.3.1/thumb/v7e-m+fp/hard/crtn.o
 *(.fini)
 .fini          0x08003d84        0x4 /opt/st/stm32cubeide_1.18.1/plugins/com.st.stm32cube.ide.mcu.externaltools.gnu-tools-for-stm32.13.3.rel1.linux64_1.0.0.202410170706/tools/bin/../lib/gcc/arm-none-eabi/13.3.1/thumb/v7e-m+fp/hard/crti.o
                0x08003d84                _fini
 .fini          0x08003d88        0x8 /opt/st/stm32cubeide_1.18.1/plugins/com.st.stm32cube.ide.mcu.externaltools.gnu-tools-for-stm32.13.3.rel1.linux64_1.0.0.202410170706/tools/bin/../lib/gcc/arm-none-eabi/13.3.1/thumb/v7e-m+fp/hard/crtn.o
                0x08003d90                        . = ALIGN (0x4)
                0x08003d90                        _etext = .

.vfp11_veneer   0x08003d90        0x0
 .vfp11_veneer  0x08003d90        0x0 linker stubs

.v4_bx          0x08003d90        0x0
 .v4_bx         0x08003d90        0x0 linker stubs

.iplt           0x08003d90        0x0
 .iplt          0x08003d90        0x0 /opt/st/stm32cubeide_1.18.1/plugins/com.st.stm32cube.ide.mcu.externaltools.gnu-tools-for-stm32.13.3.rel1.linux64_1.0.0.202410170706/tools/bin/../lib/gcc/arm-none-eabi/13.3.1/thumb/v7e-m+fp/hard/crtbegin.o

.rodata         0x08003d90       0x18
                0x08003d90                        . = ALIGN (0x4)
 *(.rodata)
 *(.rodata*)
 .rodata.AHBPrescTable
                0x08003d90       0x10 ./Core/Src/system_stm32f4xx.o
                0x08003d90                AHBPrescTable
 .rodata.flagBitshiftOffset.0
                0x08003da0        0x8 ./Drivers/STM32F4xx_HAL_Driver/Src/stm32f4xx_hal_dma.o
                0x08003da8                        . = ALIGN (0x4)

.ARM.extab      0x08003da8        0x0
                0x08003da8                        . = ALIGN (0x4)
 *(.ARM.extab* .gnu.linkonce.armextab.*)
                0x08003da8                        . = ALIGN (0x4)

.ARM            0x08003da8        0x8
                0x08003da8                        . = ALIGN (0x4)
                0x08003da8                        __exidx_start = .
 *(.ARM.exidx*)
 .ARM.exidx     0x08003da8        0x8 /opt/st/stm32cubeide_1.18.1/plugins/com.st.stm32cube.ide.mcu.externaltools.gnu-tools-for-stm32.13.3.rel1.linux64_1.0.0.202410170706/tools/bin/../lib/gcc/arm-none-eabi/13.3.1/thumb/v7e-m+fp/hard/libgcc.a(_udivmoddi4.o)
                0x08003db0                        __exidx_end = .
                0x08003db0                        . = ALIGN (0x4)

.preinit_array  0x08003db0        0x0
                0x08003db0                        . = ALIGN (0x4)
                0x08003db0                        PROVIDE (__preinit_array_start = .)
 *(.preinit_array*)
                0x08003db0                        PROVIDE (__preinit_array_end = .)
                0x08003db0                        . = ALIGN (0x4)

.init_array     0x08003db0        0x4
                0x08003db0                        . = ALIGN (0x4)
                0x08003db0                        PROVIDE (__init_array_start = .)
 *(SORT_BY_NAME(.init_array.*))
 *(.init_array*)
 .init_array    0x08003db0        0x4 /opt/st/stm32cubeide_1.18.1/plugins/com.st.stm32cube.ide.mcu.externaltools.gnu-tools-for-stm32.13.3.rel1.linux64_1.0.0.202410170706/tools/bin/../lib/gcc/arm-none-eabi/13.3.1/thumb/v7e-m+fp/hard/crtbegin.o
                0x08003db4                        PROVIDE (__init_array_end = .)
                0x08003db4                        . = ALIGN (0x4)

.fini_array     0x08003db4        0x4
                0x08003db4                        . = ALIGN (0x4)
                [!provide]                        PROVIDE (__fini_array_start = .)
 *(SORT_BY_NAME(.fini_array.*))
 *(.fini_array*)
 .fini_array    0x08003db4        0x4 /opt/st/stm32cubeide_1.18.1/plugins/com.st.stm32cube.ide.mcu.externaltools.gnu-tools-for-stm32.13.3.rel1.linux64_1.0.0.202410170706/tools/bin/../lib/gcc/arm-none-eabi/13.3.1/thumb/v7e-m+fp/hard/crtbegin.o
                [!provide]                        PROVIDE (__fini_array_end = .)
                0x08003db8                        . = ALIGN (0x4)
                0x08003db8                        _sidata = LOADADDR (.data)

.rel.dyn        0x08003db8        0x0
 .rel.iplt      0x08003db8        0x0 /opt/st/stm32cubeide_1.18.1/plugins/com.st.stm32cube.ide.mcu.externaltools.gnu-tools-for-stm32.13.3.rel1.linux64_1.0.0.202410170706/tools/bin/../lib/gcc/arm-none-eabi/13.3.1/thumb/v7e-m+fp/hard/crtbegin.o

.data           0x20000000        0xc load address 0x08003db8
                0x20000000                        . = ALIGN (0x4)
                0x20000000                        _sdata = .
 *(.data)
 *(.data*)
 .data.SystemCoreClock
                0x20000000        0x4 ./Core/Src/system_stm32f4xx.o
                0x20000000                SystemCoreClock
 .data.uwTickPrio
                0x20000004        0x4 ./Drivers/STM32F4xx_HAL_Driver/Src/stm32f4xx_hal.o
                0x20000004                uwTickPrio
 .data.uwTickFreq
                0x20000008        0x1 ./Drivers/STM32F4xx_HAL_Driver/Src/stm32f4xx_hal.o
                0x20000008                uwTickFreq
 *(.RamFunc)
 *(.RamFunc*)
                0x2000000c                        . = ALIGN (0x4)
 *fill*         0x20000009        0x3 
                0x2000000c                        _edata = .

.igot.plt       0x2000000c        0x0 load address 0x08003dc4
 .igot.plt      0x2000000c        0x0 /opt/st/stm32cubeide_1.18.1/plugins/com.st.stm32cube.ide.mcu.externaltools.gnu-tools-for-stm32.13.3.rel1.linux64_1.0.0.202410170706/tools/bin/../lib/gcc/arm-none-eabi/13.3.1/thumb/v7e-m+fp/hard/crtbegin.o
                0x2000000c                        . = ALIGN (0x4)

.bss            0x2000000c      0xd90 load address 0x08003dc4
                0x2000000c                        _sbss = .
                0x2000000c                        __bss_start__ = _sbss
 *(.bss)
 .bss           0x2000000c       0x1c /opt/st/stm32cubeide_1.18.1/plugins/com.st.stm32cube.ide.mcu.externaltools.gnu-tools-for-stm32.13.3.rel1.linux64_1.0.0.202410170706/tools/bin/../lib/gcc/arm-none-eabi/13.3.1/thumb/v7e-m+fp/hard/crtbegin.o
 *(.bss*)
 .bss.hadc1     0x20000028       0x48 ./Core/Src/adc.o
                0x20000028                hadc1
 .bss.hdma_adc1
                0x20000070       0x60 ./Core/Src/adc.o
                0x20000070                hdma_adc1
 .bss.hdac      0x200000d0       0x14 ./Core/Src/dac.o
                0x200000d0                hdac
 .bss.hdma_dac1
                0x200000e4       0x60 ./Core/Src/dac.o
                0x200000e4                hdma_dac1
 .bss.adc_buffer
                0x20000144      0x400 ./Core/Src/main.o
                0x20000144                adc_buffer
 .bss.dac_buffer
                0x20000544      0x400 ./Core/Src/main.o
                0x20000544                dac_buffer
 .bss.q15_buffer
                0x20000944      0x400 ./Core/Src/main.o
                0x20000944                q15_buffer
 .bss.fs_mode   0x20000d44        0x1 ./Core/Src/main.o
                0x20000d44                fs_mode
 *fill*         0x20000d45        0x3 
 .bss.time      0x20000d48        0x4 ./Core/Src/main.o
                0x20000d48                time
 .bss.last_interrupt_time
                0x20000d4c        0x4 ./Core/Src/main.o
                0x20000d4c                last_interrupt_time
 .bss.htim2     0x20000d50       0x48 ./Core/Src/tim.o
                0x20000d50                htim2
 .bss.uwTick    0x20000d98        0x4 ./Drivers/STM32F4xx_HAL_Driver/Src/stm32f4xx_hal.o
                0x20000d98                uwTick
 *(COMMON)
                0x20000d9c                        . = ALIGN (0x4)
                0x20000d9c                        _ebss = .
                0x20000d9c                        __bss_end__ = _ebss

._user_heap_stack
                0x20000d9c      0x604 load address 0x08003dc4
                0x20000da0                        . = ALIGN (0x8)
 *fill*         0x20000d9c        0x4 
                [!provide]                        PROVIDE (end = .)
                0x20000da0                        PROVIDE (_end = .)
                0x20000fa0                        . = (. + _Min_Heap_Size)
 *fill*         0x20000da0      0x200 
                0x200013a0                        . = (. + _Min_Stack_Size)
 *fill*         0x20000fa0      0x400 
                0x200013a0                        . = ALIGN (0x8)

/DISCARD/
 libc.a(*)
 libm.a(*)
 libgcc.a(*)

.ARM.attributes
                0x00000000       0x30
 *(.ARM.attributes)
 .ARM.attributes
                0x00000000       0x22 /opt/st/stm32cubeide_1.18.1/plugins/com.st.stm32cube.ide.mcu.externaltools.gnu-tools-for-stm32.13.3.rel1.linux64_1.0.0.202410170706/tools/bin/../lib/gcc/arm-none-eabi/13.3.1/thumb/v7e-m+fp/hard/crti.o
 .ARM.attributes
                0x00000022       0x34 /opt/st/stm32cubeide_1.18.1/plugins/com.st.stm32cube.ide.mcu.externaltools.gnu-tools-for-stm32.13.3.rel1.linux64_1.0.0.202410170706/tools/bin/../lib/gcc/arm-none-eabi/13.3.1/thumb/v7e-m+fp/hard/crtbegin.o
 .ARM.attributes
                0x00000056       0x34 ./Core/Src/adc.o
 .ARM.attributes
                0x0000008a       0x34 ./Core/Src/dac.o
 .ARM.attributes
                0x000000be       0x34 ./Core/Src/dma.o
 .ARM.attributes
                0x000000f2       0x34 ./Core/Src/gpio.o
 .ARM.attributes
                0x00000126       0x34 ./Core/Src/main.o
 .ARM.attributes
                0x0000015a       0x34 ./Core/Src/stm32f4xx_hal_msp.o
 .ARM.attributes
                0x0000018e       0x34 ./Core/Src/stm32f4xx_it.o
 .ARM.attributes
                0x000001c2       0x34 ./Core/Src/system_stm32f4xx.o
 .ARM.attributes
                0x000001f6       0x34 ./Core/Src/tim.o
 .ARM.attributes
                0x0000022a       0x21 ./Core/Startup/startup_stm32f446retx.o
 .ARM.attributes
                0x0000024b       0x34 ./Drivers/STM32F4xx_HAL_Driver/Src/stm32f4xx_hal.o
 .ARM.attributes
                0x0000027f       0x34 ./Drivers/STM32F4xx_HAL_Driver/Src/stm32f4xx_hal_adc.o
 .ARM.attributes
                0x000002b3       0x34 ./Drivers/STM32F4xx_HAL_Driver/Src/stm32f4xx_hal_cortex.o
 .ARM.attributes
                0x000002e7       0x34 ./Drivers/STM32F4xx_HAL_Driver/Src/stm32f4xx_hal_dac.o
 .ARM.attributes
                0x0000031b       0x34 ./Drivers/STM32F4xx_HAL_Driver/Src/stm32f4xx_hal_dac_ex.o
 .ARM.attributes
                0x0000034f       0x34 ./Drivers/STM32F4xx_HAL_Driver/Src/stm32f4xx_hal_dma.o
 .ARM.attributes
                0x00000383       0x34 ./Drivers/STM32F4xx_HAL_Driver/Src/stm32f4xx_hal_gpio.o
 .ARM.attributes
                0x000003b7       0x34 ./Drivers/STM32F4xx_HAL_Driver/Src/stm32f4xx_hal_pwr_ex.o
 .ARM.attributes
                0x000003eb       0x34 ./Drivers/STM32F4xx_HAL_Driver/Src/stm32f4xx_hal_rcc.o
 .ARM.attributes
                0x0000041f       0x34 ./Drivers/STM32F4xx_HAL_Driver/Src/stm32f4xx_hal_rcc_ex.o
 .ARM.attributes
                0x00000453       0x34 ./Drivers/STM32F4xx_HAL_Driver/Src/stm32f4xx_hal_tim.o
 .ARM.attributes
                0x00000487       0x34 ./Drivers/STM32F4xx_HAL_Driver/Src/stm32f4xx_hal_tim_ex.o
 .ARM.attributes
                0x000004bb       0x34 /opt/st/stm32cubeide_1.18.1/plugins/com.st.stm32cube.ide.mcu.externaltools.gnu-tools-for-stm32.13.3.rel1.linux64_1.0.0.202410170706/tools/bin/../lib/gcc/arm-none-eabi/13.3.1/../../../../arm-none-eabi/lib/thumb/v7e-m+fp/hard/libc_nano.a(libc_a-memset.o)
 .ARM.attributes
                0x000004ef       0x34 /opt/st/stm32cubeide_1.18.1/plugins/com.st.stm32cube.ide.mcu.externaltools.gnu-tools-for-stm32.13.3.rel1.linux64_1.0.0.202410170706/tools/bin/../lib/gcc/arm-none-eabi/13.3.1/../../../../arm-none-eabi/lib/thumb/v7e-m+fp/hard/libc_nano.a(libc_a-init.o)
 .ARM.attributes
                0x00000523       0x22 /opt/st/stm32cubeide_1.18.1/plugins/com.st.stm32cube.ide.mcu.externaltools.gnu-tools-for-stm32.13.3.rel1.linux64_1.0.0.202410170706/tools/bin/../lib/gcc/arm-none-eabi/13.3.1/thumb/v7e-m+fp/hard/libgcc.a(_aeabi_uldivmod.o)
 .ARM.attributes
                0x00000545       0x34 /opt/st/stm32cubeide_1.18.1/plugins/com.st.stm32cube.ide.mcu.externaltools.gnu-tools-for-stm32.13.3.rel1.linux64_1.0.0.202410170706/tools/bin/../lib/gcc/arm-none-eabi/13.3.1/thumb/v7e-m+fp/hard/libgcc.a(_udivmoddi4.o)
 .ARM.attributes
                0x00000579       0x22 /opt/st/stm32cubeide_1.18.1/plugins/com.st.stm32cube.ide.mcu.externaltools.gnu-tools-for-stm32.13.3.rel1.linux64_1.0.0.202410170706/tools/bin/../lib/gcc/arm-none-eabi/13.3.1/thumb/v7e-m+fp/hard/libgcc.a(_dvmd_tls.o)
 .ARM.attributes
                0x0000059b       0x22 /opt/st/stm32cubeide_1.18.1/plugins/com.st.stm32cube.ide.mcu.externaltools.gnu-tools-for-stm32.13.3.rel1.linux64_1.0.0.202410170706/tools/bin/../lib/gcc/arm-none-eabi/13.3.1/thumb/v7e-m+fp/hard/crtn.o
OUTPUT(lab1.elf elf32-littlearm)
LOAD linker stubs
LOAD /opt/st/stm32cubeide_1.18.1/plugins/com.st.stm32cube.ide.mcu.externaltools.gnu-tools-for-stm32.13.3.rel1.linux64_1.0.0.202410170706/tools/bin/../lib/gcc/arm-none-eabi/13.3.1/../../../../arm-none-eabi/lib/thumb/v7e-m+fp/hard/libc.a
LOAD /opt/st/stm32cubeide_1.18.1/plugins/com.st.stm32cube.ide.mcu.externaltools.gnu-tools-for-stm32.13.3.rel1.linux64_1.0.0.202410170706/tools/bin/../lib/gcc/arm-none-eabi/13.3.1/../../../../arm-none-eabi/lib/thumb/v7e-m+fp/hard/libm.a
LOAD /opt/st/stm32cubeide_1.18.1/plugins/com.st.stm32cube.ide.mcu.externaltools.gnu-tools-for-stm32.13.3.rel1.linux64_1.0.0.202410170706/tools/bin/../lib/gcc/arm-none-eabi/13.3.1/thumb/v7e-m+fp/hard/libgcc.a

.debug_info     0x00000000     0xe630
 .debug_info    0x00000000      0xa05 ./Core/Src/adc.o
 .debug_info    0x00000a05      0x8f1 ./Core/Src/dac.o
 .debug_info    0x000012f6      0x514 ./Core/Src/dma.o
 .debug_info    0x0000180a      0x6b0 ./Core/Src/gpio.o
 .debug_info    0x00001eba     0x146e ./Core/Src/main.o
 .debug_info    0x00003328      0x2ac ./Core/Src/stm32f4xx_hal_msp.o
 .debug_info    0x000035d4      0x3fb ./Core/Src/stm32f4xx_it.o
 .debug_info    0x000039cf      0x54a ./Core/Src/system_stm32f4xx.o
 .debug_info    0x00003f19      0x9cc ./Core/Src/tim.o
 .debug_info    0x000048e5       0x30 ./Core/Startup/startup_stm32f446retx.o
 .debug_info    0x00004915      0x99a ./Drivers/STM32F4xx_HAL_Driver/Src/stm32f4xx_hal.o
 .debug_info    0x000052af      0xce3 ./Drivers/STM32F4xx_HAL_Driver/Src/stm32f4xx_hal_adc.o
 .debug_info    0x00005f92      0xdaa ./Drivers/STM32F4xx_HAL_Driver/Src/stm32f4xx_hal_cortex.o
 .debug_info    0x00006d3c      0xa01 ./Drivers/STM32F4xx_HAL_Driver/Src/stm32f4xx_hal_dac.o
 .debug_info    0x0000773d      0x750 ./Drivers/STM32F4xx_HAL_Driver/Src/stm32f4xx_hal_dac_ex.o
 .debug_info    0x00007e8d      0x8e7 ./Drivers/STM32F4xx_HAL_Driver/Src/stm32f4xx_hal_dma.o
 .debug_info    0x00008774      0x70b ./Drivers/STM32F4xx_HAL_Driver/Src/stm32f4xx_hal_gpio.o
 .debug_info    0x00008e7f      0x6da ./Drivers/STM32F4xx_HAL_Driver/Src/stm32f4xx_hal_pwr_ex.o
 .debug_info    0x00009559      0x8ff ./Drivers/STM32F4xx_HAL_Driver/Src/stm32f4xx_hal_rcc.o
 .debug_info    0x00009e58      0x960 ./Drivers/STM32F4xx_HAL_Driver/Src/stm32f4xx_hal_rcc_ex.o
 .debug_info    0x0000a7b8     0x299d ./Drivers/STM32F4xx_HAL_Driver/Src/stm32f4xx_hal_tim.o
 .debug_info    0x0000d155     0x14db ./Drivers/STM32F4xx_HAL_Driver/Src/stm32f4xx_hal_tim_ex.o

.debug_abbrev   0x00000000     0x2a3d
 .debug_abbrev  0x00000000      0x205 ./Core/Src/adc.o
 .debug_abbrev  0x00000205      0x20c ./Core/Src/dac.o
 .debug_abbrev  0x00000411      0x11b ./Core/Src/dma.o
 .debug_abbrev  0x0000052c      0x174 ./Core/Src/gpio.o
 .debug_abbrev  0x000006a0      0x2dd ./Core/Src/main.o
 .debug_abbrev  0x0000097d       0xf4 ./Core/Src/stm32f4xx_hal_msp.o
 .debug_abbrev  0x00000a71      0x180 ./Core/Src/stm32f4xx_it.o
 .debug_abbrev  0x00000bf1      0x11a ./Core/Src/system_stm32f4xx.o
 .debug_abbrev  0x00000d0b      0x1d8 ./Core/Src/tim.o
 .debug_abbrev  0x00000ee3       0x24 ./Core/Startup/startup_stm32f446retx.o
 .debug_abbrev  0x00000f07      0x214 ./Drivers/STM32F4xx_HAL_Driver/Src/stm32f4xx_hal.o
 .debug_abbrev  0x0000111b      0x252 ./Drivers/STM32F4xx_HAL_Driver/Src/stm32f4xx_hal_adc.o
 .debug_abbrev  0x0000136d      0x31d ./Drivers/STM32F4xx_HAL_Driver/Src/stm32f4xx_hal_cortex.o
 .debug_abbrev  0x0000168a      0x1fa ./Drivers/STM32F4xx_HAL_Driver/Src/stm32f4xx_hal_dac.o
 .debug_abbrev  0x00001884      0x1ef ./Drivers/STM32F4xx_HAL_Driver/Src/stm32f4xx_hal_dac_ex.o
 .debug_abbrev  0x00001a73      0x264 ./Drivers/STM32F4xx_HAL_Driver/Src/stm32f4xx_hal_dma.o
 .debug_abbrev  0x00001cd7      0x1d4 ./Drivers/STM32F4xx_HAL_Driver/Src/stm32f4xx_hal_gpio.o
 .debug_abbrev  0x00001eab      0x1cf ./Drivers/STM32F4xx_HAL_Driver/Src/stm32f4xx_hal_pwr_ex.o
 .debug_abbrev  0x0000207a      0x2b7 ./Drivers/STM32F4xx_HAL_Driver/Src/stm32f4xx_hal_rcc.o
 .debug_abbrev  0x00002331      0x211 ./Drivers/STM32F4xx_HAL_Driver/Src/stm32f4xx_hal_rcc_ex.o
 .debug_abbrev  0x00002542      0x278 ./Drivers/STM32F4xx_HAL_Driver/Src/stm32f4xx_hal_tim.o
 .debug_abbrev  0x000027ba      0x283 ./Drivers/STM32F4xx_HAL_Driver/Src/stm32f4xx_hal_tim_ex.o

.debug_aranges  0x00000000      0xdd8
 .debug_aranges
                0x00000000       0x30 ./Core/Src/adc.o
 .debug_aranges
                0x00000030       0x30 ./Core/Src/dac.o
 .debug_aranges
                0x00000060       0x20 ./Core/Src/dma.o
 .debug_aranges
                0x00000080       0x20 ./Core/Src/gpio.o
 .debug_aranges
                0x000000a0       0x58 ./Core/Src/main.o
 .debug_aranges
                0x000000f8       0x20 ./Core/Src/stm32f4xx_hal_msp.o
 .debug_aranges
                0x00000118       0x78 ./Core/Src/stm32f4xx_it.o
 .debug_aranges
                0x00000190       0x28 ./Core/Src/system_stm32f4xx.o
 .debug_aranges
                0x000001b8       0x30 ./Core/Src/tim.o
 .debug_aranges
                0x000001e8       0x28 ./Core/Startup/startup_stm32f446retx.o
 .debug_aranges
                0x00000210       0xf0 ./Drivers/STM32F4xx_HAL_Driver/Src/stm32f4xx_hal.o
 .debug_aranges
                0x00000300       0xe8 ./Drivers/STM32F4xx_HAL_Driver/Src/stm32f4xx_hal_adc.o
 .debug_aranges
                0x000003e8      0x130 ./Drivers/STM32F4xx_HAL_Driver/Src/stm32f4xx_hal_cortex.o
 .debug_aranges
                0x00000518       0xc0 ./Drivers/STM32F4xx_HAL_Driver/Src/stm32f4xx_hal_dac.o
 .debug_aranges
                0x000005d8       0x80 ./Drivers/STM32F4xx_HAL_Driver/Src/stm32f4xx_hal_dac_ex.o
 .debug_aranges
                0x00000658       0x90 ./Drivers/STM32F4xx_HAL_Driver/Src/stm32f4xx_hal_dma.o
 .debug_aranges
                0x000006e8       0x58 ./Drivers/STM32F4xx_HAL_Driver/Src/stm32f4xx_hal_gpio.o
 .debug_aranges
                0x00000740       0x60 ./Drivers/STM32F4xx_HAL_Driver/Src/stm32f4xx_hal_pwr_ex.o
 .debug_aranges
                0x000007a0       0x88 ./Drivers/STM32F4xx_HAL_Driver/Src/stm32f4xx_hal_rcc.o
 .debug_aranges
                0x00000828       0x78 ./Drivers/STM32F4xx_HAL_Driver/Src/stm32f4xx_hal_rcc_ex.o
 .debug_aranges
                0x000008a0      0x3d0 ./Drivers/STM32F4xx_HAL_Driver/Src/stm32f4xx_hal_tim.o
 .debug_aranges
                0x00000c70      0x168 ./Drivers/STM32F4xx_HAL_Driver/Src/stm32f4xx_hal_tim_ex.o

.debug_rnglists
                0x00000000      0xa8e
 .debug_rnglists
                0x00000000       0x21 ./Core/Src/adc.o
 .debug_rnglists
                0x00000021       0x20 ./Core/Src/dac.o
 .debug_rnglists
                0x00000041       0x13 ./Core/Src/dma.o
 .debug_rnglists
                0x00000054       0x14 ./Core/Src/gpio.o
 .debug_rnglists
                0x00000068       0x42 ./Core/Src/main.o
 .debug_rnglists
                0x000000aa       0x13 ./Core/Src/stm32f4xx_hal_msp.o
 .debug_rnglists
                0x000000bd       0x55 ./Core/Src/stm32f4xx_it.o
 .debug_rnglists
                0x00000112       0x1a ./Core/Src/system_stm32f4xx.o
 .debug_rnglists
                0x0000012c       0x20 ./Core/Src/tim.o
 .debug_rnglists
                0x0000014c       0x19 ./Core/Startup/startup_stm32f446retx.o
 .debug_rnglists
                0x00000165       0xaf ./Drivers/STM32F4xx_HAL_Driver/Src/stm32f4xx_hal.o
 .debug_rnglists
                0x00000214       0xb5 ./Drivers/STM32F4xx_HAL_Driver/Src/stm32f4xx_hal_adc.o
 .debug_rnglists
                0x000002c9       0xe0 ./Drivers/STM32F4xx_HAL_Driver/Src/stm32f4xx_hal_cortex.o
 .debug_rnglists
                0x000003a9       0x90 ./Drivers/STM32F4xx_HAL_Driver/Src/stm32f4xx_hal_dac.o
 .debug_rnglists
                0x00000439       0x5c ./Drivers/STM32F4xx_HAL_Driver/Src/stm32f4xx_hal_dac_ex.o
 .debug_rnglists
                0x00000495       0x70 ./Drivers/STM32F4xx_HAL_Driver/Src/stm32f4xx_hal_dma.o
 .debug_rnglists
                0x00000505       0x3f ./Drivers/STM32F4xx_HAL_Driver/Src/stm32f4xx_hal_gpio.o
 .debug_rnglists
                0x00000544       0x47 ./Drivers/STM32F4xx_HAL_Driver/Src/stm32f4xx_hal_pwr_ex.o
 .debug_rnglists
                0x0000058b       0x66 ./Drivers/STM32F4xx_HAL_Driver/Src/stm32f4xx_hal_rcc.o
 .debug_rnglists
                0x000005f1       0x5e ./Drivers/STM32F4xx_HAL_Driver/Src/stm32f4xx_hal_rcc_ex.o
 .debug_rnglists
                0x0000064f      0x31a ./Drivers/STM32F4xx_HAL_Driver/Src/stm32f4xx_hal_tim.o
 .debug_rnglists
                0x00000969      0x125 ./Drivers/STM32F4xx_HAL_Driver/Src/stm32f4xx_hal_tim_ex.o

.debug_macro    0x00000000    0x240f2
 .debug_macro   0x00000000      0x219 ./Core/Src/adc.o
 .debug_macro   0x00000219      0xade ./Core/Src/adc.o
 .debug_macro   0x00000cf7      0x2a1 ./Core/Src/adc.o
 .debug_macro   0x00000f98       0x2e ./Core/Src/adc.o
 .debug_macro   0x00000fc6       0x28 ./Core/Src/adc.o
 .debug_macro   0x00000fee       0x22 ./Core/Src/adc.o
 .debug_macro   0x00001010       0x8e ./Core/Src/adc.o
 .debug_macro   0x0000109e       0x51 ./Core/Src/adc.o
 .debug_macro   0x000010ef      0x103 ./Core/Src/adc.o
 .debug_macro   0x000011f2       0x6a ./Core/Src/adc.o
 .debug_macro   0x0000125c      0x1df ./Core/Src/adc.o
 .debug_macro   0x0000143b       0x1c ./Core/Src/adc.o
 .debug_macro   0x00001457       0x22 ./Core/Src/adc.o
 .debug_macro   0x00001479       0xfb ./Core/Src/adc.o
 .debug_macro   0x00001574     0x1011 ./Core/Src/adc.o
 .debug_macro   0x00002585      0x11f ./Core/Src/adc.o
 .debug_macro   0x000026a4    0x1675e ./Core/Src/adc.o
 .debug_macro   0x00018e02       0x6d ./Core/Src/adc.o
 .debug_macro   0x00018e6f     0x3693 ./Core/Src/adc.o
 .debug_macro   0x0001c502      0x190 ./Core/Src/adc.o
 .debug_macro   0x0001c692       0x5c ./Core/Src/adc.o
 .debug_macro   0x0001c6ee      0xca5 ./Core/Src/adc.o
 .debug_macro   0x0001d393      0x9e9 ./Core/Src/adc.o
 .debug_macro   0x0001dd7c      0x115 ./Core/Src/adc.o
 .debug_macro   0x0001de91      0x1a0 ./Core/Src/adc.o
 .debug_macro   0x0001e031       0xa5 ./Core/Src/adc.o
 .debug_macro   0x0001e0d6      0x16d ./Core/Src/adc.o
 .debug_macro   0x0001e243      0x287 ./Core/Src/adc.o
 .debug_macro   0x0001e4ca       0x5f ./Core/Src/adc.o
 .debug_macro   0x0001e529      0x236 ./Core/Src/adc.o
 .debug_macro   0x0001e75f      0xb5b ./Core/Src/adc.o
 .debug_macro   0x0001f2ba      0x38b ./Core/Src/adc.o
 .debug_macro   0x0001f645      0x17d ./Core/Src/adc.o
 .debug_macro   0x0001f7c2       0xf9 ./Core/Src/adc.o
 .debug_macro   0x0001f8bb      0x122 ./Core/Src/adc.o
 .debug_macro   0x0001f9dd       0xa6 ./Core/Src/adc.o
 .debug_macro   0x0001fa83      0x132 ./Core/Src/adc.o
 .debug_macro   0x0001fbb5      0x29c ./Core/Src/adc.o
 .debug_macro   0x0001fe51       0x2e ./Core/Src/adc.o
 .debug_macro   0x0001fe7f      0x127 ./Core/Src/adc.o
 .debug_macro   0x0001ffa6       0xe8 ./Core/Src/adc.o
 .debug_macro   0x0002008e       0x89 ./Core/Src/adc.o
 .debug_macro   0x00020117      0x8ed ./Core/Src/adc.o
 .debug_macro   0x00020a04       0x53 ./Core/Src/adc.o
 .debug_macro   0x00020a57      0x126 ./Core/Src/adc.o
 .debug_macro   0x00020b7d       0x5e ./Core/Src/adc.o
 .debug_macro   0x00020bdb      0x219 ./Core/Src/dac.o
 .debug_macro   0x00020df4      0x219 ./Core/Src/dma.o
 .debug_macro   0x0002100d      0x219 ./Core/Src/gpio.o
 .debug_macro   0x00021226      0x354 ./Core/Src/main.o
 .debug_macro   0x0002157a       0x12 ./Core/Src/main.o
 .debug_macro   0x0002158c       0x61 ./Core/Src/main.o
 .debug_macro   0x000215ed       0x2a ./Core/Src/main.o
 .debug_macro   0x00021617       0x43 ./Core/Src/main.o
 .debug_macro   0x0002165a       0x34 ./Core/Src/main.o
 .debug_macro   0x0002168e      0x370 ./Core/Src/main.o
 .debug_macro   0x000219fe       0x16 ./Core/Src/main.o
 .debug_macro   0x00021a14       0x4a ./Core/Src/main.o
 .debug_macro   0x00021a5e       0x34 ./Core/Src/main.o
 .debug_macro   0x00021a92       0x10 ./Core/Src/main.o
 .debug_macro   0x00021aa2       0x58 ./Core/Src/main.o
 .debug_macro   0x00021afa       0x8e ./Core/Src/main.o
 .debug_macro   0x00021b88       0x1c ./Core/Src/main.o
 .debug_macro   0x00021ba4      0x185 ./Core/Src/main.o
 .debug_macro   0x00021d29       0x10 ./Core/Src/main.o
 .debug_macro   0x00021d39       0x3c ./Core/Src/main.o
 .debug_macro   0x00021d75       0x20 ./Core/Src/main.o
 .debug_macro   0x00021d95      0x19b ./Core/Src/main.o
 .debug_macro   0x00021f30       0xd6 ./Core/Src/main.o
 .debug_macro   0x00022006      0x20f ./Core/Src/stm32f4xx_hal_msp.o
 .debug_macro   0x00022215      0x219 ./Core/Src/stm32f4xx_it.o
 .debug_macro   0x0002242e      0x200 ./Core/Src/system_stm32f4xx.o
 .debug_macro   0x0002262e      0x219 ./Core/Src/tim.o
 .debug_macro   0x00022847      0x260 ./Drivers/STM32F4xx_HAL_Driver/Src/stm32f4xx_hal.o
 .debug_macro   0x00022aa7      0x201 ./Drivers/STM32F4xx_HAL_Driver/Src/stm32f4xx_hal_adc.o
 .debug_macro   0x00022ca8      0x200 ./Drivers/STM32F4xx_HAL_Driver/Src/stm32f4xx_hal_cortex.o
 .debug_macro   0x00022ea8      0x201 ./Drivers/STM32F4xx_HAL_Driver/Src/stm32f4xx_hal_dac.o
 .debug_macro   0x000230a9      0x200 ./Drivers/STM32F4xx_HAL_Driver/Src/stm32f4xx_hal_dac_ex.o
 .debug_macro   0x000232a9      0x206 ./Drivers/STM32F4xx_HAL_Driver/Src/stm32f4xx_hal_dma.o
 .debug_macro   0x000234af      0x206 ./Drivers/STM32F4xx_HAL_Driver/Src/stm32f4xx_hal_gpio.o
 .debug_macro   0x000236b5      0x218 ./Drivers/STM32F4xx_HAL_Driver/Src/stm32f4xx_hal_pwr_ex.o
 .debug_macro   0x000238cd      0x224 ./Drivers/STM32F4xx_HAL_Driver/Src/stm32f4xx_hal_rcc.o
 .debug_macro   0x00023af1      0x200 ./Drivers/STM32F4xx_HAL_Driver/Src/stm32f4xx_hal_rcc_ex.o
 .debug_macro   0x00023cf1      0x201 ./Drivers/STM32F4xx_HAL_Driver/Src/stm32f4xx_hal_tim.o
 .debug_macro   0x00023ef2      0x200 ./Drivers/STM32F4xx_HAL_Driver/Src/stm32f4xx_hal_tim_ex.o

.debug_line     0x00000000    0x118fe
 .debug_line    0x00000000      0x79e ./Core/Src/adc.o
 .debug_line    0x0000079e      0x77a ./Core/Src/dac.o
 .debug_line    0x00000f18      0x6ea ./Core/Src/dma.o
 .debug_line    0x00001602      0x715 ./Core/Src/gpio.o
 .debug_line    0x00001d17      0xa8c ./Core/Src/main.o
 .debug_line    0x000027a3      0x6ec ./Core/Src/stm32f4xx_hal_msp.o
 .debug_line    0x00002e8f      0x7e2 ./Core/Src/stm32f4xx_it.o
 .debug_line    0x00003671      0x761 ./Core/Src/system_stm32f4xx.o
 .debug_line    0x00003dd2      0x762 ./Core/Src/tim.o
 .debug_line    0x00004534       0x7a ./Core/Startup/startup_stm32f446retx.o
 .debug_line    0x000045ae      0x9dd ./Drivers/STM32F4xx_HAL_Driver/Src/stm32f4xx_hal.o
 .debug_line    0x00004f8b     0x1200 ./Drivers/STM32F4xx_HAL_Driver/Src/stm32f4xx_hal_adc.o
 .debug_line    0x0000618b      0xcad ./Drivers/STM32F4xx_HAL_Driver/Src/stm32f4xx_hal_cortex.o
 .debug_line    0x00006e38      0xaef ./Drivers/STM32F4xx_HAL_Driver/Src/stm32f4xx_hal_dac.o
 .debug_line    0x00007927      0x8f3 ./Drivers/STM32F4xx_HAL_Driver/Src/stm32f4xx_hal_dac_ex.o
 .debug_line    0x0000821a      0xf49 ./Drivers/STM32F4xx_HAL_Driver/Src/stm32f4xx_hal_dma.o
 .debug_line    0x00009163      0xb21 ./Drivers/STM32F4xx_HAL_Driver/Src/stm32f4xx_hal_gpio.o
 .debug_line    0x00009c84      0x94a ./Drivers/STM32F4xx_HAL_Driver/Src/stm32f4xx_hal_pwr_ex.o
 .debug_line    0x0000a5ce      0xdf8 ./Drivers/STM32F4xx_HAL_Driver/Src/stm32f4xx_hal_rcc.o
 .debug_line    0x0000b3c6     0x14a9 ./Drivers/STM32F4xx_HAL_Driver/Src/stm32f4xx_hal_rcc_ex.o
 .debug_line    0x0000c86f     0x3752 ./Drivers/STM32F4xx_HAL_Driver/Src/stm32f4xx_hal_tim.o
 .debug_line    0x0000ffc1     0x193d ./Drivers/STM32F4xx_HAL_Driver/Src/stm32f4xx_hal_tim_ex.o

.debug_str      0x00000000    0xdd3c7
 .debug_str     0x00000000    0xdd3c7 ./Core/Src/adc.o
                              0xd5a24 (size before relaxing)
 .debug_str     0x000dd3c7    0xd59a7 ./Core/Src/dac.o
 .debug_str     0x000dd3c7    0xd5a1f ./Core/Src/dma.o
 .debug_str     0x000dd3c7    0xd5aed ./Core/Src/gpio.o
 .debug_str     0x000dd3c7    0xda139 ./Core/Src/main.o
 .debug_str     0x000dd3c7    0xd54de ./Core/Src/stm32f4xx_hal_msp.o
 .debug_str     0x000dd3c7    0xd571b ./Core/Src/stm32f4xx_it.o
 .debug_str     0x000dd3c7    0xd542d ./Core/Src/system_stm32f4xx.o
 .debug_str     0x000dd3c7    0xd5b62 ./Core/Src/tim.o
 .debug_str     0x000dd3c7       0x7d ./Core/Startup/startup_stm32f446retx.o
 .debug_str     0x000dd3c7    0xd5ff2 ./Drivers/STM32F4xx_HAL_Driver/Src/stm32f4xx_hal.o
 .debug_str     0x000dd3c7    0xd59f5 ./Drivers/STM32F4xx_HAL_Driver/Src/stm32f4xx_hal_adc.o
 .debug_str     0x000dd3c7    0xd5d49 ./Drivers/STM32F4xx_HAL_Driver/Src/stm32f4xx_hal_cortex.o
 .debug_str     0x000dd3c7    0xd588a ./Drivers/STM32F4xx_HAL_Driver/Src/stm32f4xx_hal_dac.o
 .debug_str     0x000dd3c7    0xd5765 ./Drivers/STM32F4xx_HAL_Driver/Src/stm32f4xx_hal_dac_ex.o
 .debug_str     0x000dd3c7    0xd5822 ./Drivers/STM32F4xx_HAL_Driver/Src/stm32f4xx_hal_dma.o
 .debug_str     0x000dd3c7    0xd55a8 ./Drivers/STM32F4xx_HAL_Driver/Src/stm32f4xx_hal_gpio.o
 .debug_str     0x000dd3c7    0xd5605 ./Drivers/STM32F4xx_HAL_Driver/Src/stm32f4xx_hal_pwr_ex.o
 .debug_str     0x000dd3c7    0xd5866 ./Drivers/STM32F4xx_HAL_Driver/Src/stm32f4xx_hal_rcc.o
 .debug_str     0x000dd3c7    0xd5899 ./Drivers/STM32F4xx_HAL_Driver/Src/stm32f4xx_hal_rcc_ex.o
 .debug_str     0x000dd3c7    0xd6792 ./Drivers/STM32F4xx_HAL_Driver/Src/stm32f4xx_hal_tim.o
 .debug_str     0x000dd3c7    0xd5f9e ./Drivers/STM32F4xx_HAL_Driver/Src/stm32f4xx_hal_tim_ex.o

.comment        0x00000000       0x43
 .comment       0x00000000       0x43 ./Core/Src/adc.o
                                 0x44 (size before relaxing)
 .comment       0x00000043       0x44 ./Core/Src/dac.o
 .comment       0x00000043       0x44 ./Core/Src/dma.o
 .comment       0x00000043       0x44 ./Core/Src/gpio.o
 .comment       0x00000043       0x44 ./Core/Src/main.o
 .comment       0x00000043       0x44 ./Core/Src/stm32f4xx_hal_msp.o
 .comment       0x00000043       0x44 ./Core/Src/stm32f4xx_it.o
 .comment       0x00000043       0x44 ./Core/Src/system_stm32f4xx.o
 .comment       0x00000043       0x44 ./Core/Src/tim.o
 .comment       0x00000043       0x44 ./Drivers/STM32F4xx_HAL_Driver/Src/stm32f4xx_hal.o
 .comment       0x00000043       0x44 ./Drivers/STM32F4xx_HAL_Driver/Src/stm32f4xx_hal_adc.o
 .comment       0x00000043       0x44 ./Drivers/STM32F4xx_HAL_Driver/Src/stm32f4xx_hal_cortex.o
 .comment       0x00000043       0x44 ./Drivers/STM32F4xx_HAL_Driver/Src/stm32f4xx_hal_dac.o
 .comment       0x00000043       0x44 ./Drivers/STM32F4xx_HAL_Driver/Src/stm32f4xx_hal_dac_ex.o
 .comment       0x00000043       0x44 ./Drivers/STM32F4xx_HAL_Driver/Src/stm32f4xx_hal_dma.o
 .comment       0x00000043       0x44 ./Drivers/STM32F4xx_HAL_Driver/Src/stm32f4xx_hal_gpio.o
 .comment       0x00000043       0x44 ./Drivers/STM32F4xx_HAL_Driver/Src/stm32f4xx_hal_pwr_ex.o
 .comment       0x00000043       0x44 ./Drivers/STM32F4xx_HAL_Driver/Src/stm32f4xx_hal_rcc.o
 .comment       0x00000043       0x44 ./Drivers/STM32F4xx_HAL_Driver/Src/stm32f4xx_hal_rcc_ex.o
 .comment       0x00000043       0x44 ./Drivers/STM32F4xx_HAL_Driver/Src/stm32f4xx_hal_tim.o
 .comment       0x00000043       0x44 ./Drivers/STM32F4xx_HAL_Driver/Src/stm32f4xx_hal_tim_ex.o

.debug_frame    0x00000000     0x3814
 .debug_frame   0x00000000       0x7c ./Core/Src/adc.o
 .debug_frame   0x0000007c       0x7c ./Core/Src/dac.o
 .debug_frame   0x000000f8       0x34 ./Core/Src/dma.o
 .debug_frame   0x0000012c       0x34 ./Core/Src/gpio.o
 .debug_frame   0x00000160      0x128 ./Core/Src/main.o
 .debug_frame   0x00000288       0x34 ./Core/Src/stm32f4xx_hal_msp.o
 .debug_frame   0x000002bc      0x158 ./Core/Src/stm32f4xx_it.o
 .debug_frame   0x00000414       0x58 ./Core/Src/system_stm32f4xx.o
 .debug_frame   0x0000046c       0x84 ./Core/Src/tim.o
 .debug_frame   0x000004f0      0x374 ./Drivers/STM32F4xx_HAL_Driver/Src/stm32f4xx_hal.o
 .debug_frame   0x00000864      0x3fc ./Drivers/STM32F4xx_HAL_Driver/Src/stm32f4xx_hal_adc.o
 .debug_frame   0x00000c60      0x508 ./Drivers/STM32F4xx_HAL_Driver/Src/stm32f4xx_hal_cortex.o
 .debug_frame   0x00001168      0x338 ./Drivers/STM32F4xx_HAL_Driver/Src/stm32f4xx_hal_dac.o
 .debug_frame   0x000014a0      0x20c ./Drivers/STM32F4xx_HAL_Driver/Src/stm32f4xx_hal_dac_ex.o
 .debug_frame   0x000016ac      0x250 ./Drivers/STM32F4xx_HAL_Driver/Src/stm32f4xx_hal_dma.o
 .debug_frame   0x000018fc      0x14c ./Drivers/STM32F4xx_HAL_Driver/Src/stm32f4xx_hal_gpio.o
 .debug_frame   0x00001a48      0x14c ./Drivers/STM32F4xx_HAL_Driver/Src/stm32f4xx_hal_pwr_ex.o
 .debug_frame   0x00001b94      0x1f4 ./Drivers/STM32F4xx_HAL_Driver/Src/stm32f4xx_hal_rcc.o
 .debug_frame   0x00001d88      0x1e8 ./Drivers/STM32F4xx_HAL_Driver/Src/stm32f4xx_hal_rcc_ex.o
 .debug_frame   0x00001f70     0x11c0 ./Drivers/STM32F4xx_HAL_Driver/Src/stm32f4xx_hal_tim.o
 .debug_frame   0x00003130      0x638 ./Drivers/STM32F4xx_HAL_Driver/Src/stm32f4xx_hal_tim_ex.o
 .debug_frame   0x00003768       0x20 /opt/st/stm32cubeide_1.18.1/plugins/com.st.stm32cube.ide.mcu.externaltools.gnu-tools-for-stm32.13.3.rel1.linux64_1.0.0.202410170706/tools/bin/../lib/gcc/arm-none-eabi/13.3.1/../../../../arm-none-eabi/lib/thumb/v7e-m+fp/hard/libc_nano.a(libc_a-memset.o)
 .debug_frame   0x00003788       0x2c /opt/st/stm32cubeide_1.18.1/plugins/com.st.stm32cube.ide.mcu.externaltools.gnu-tools-for-stm32.13.3.rel1.linux64_1.0.0.202410170706/tools/bin/../lib/gcc/arm-none-eabi/13.3.1/../../../../arm-none-eabi/lib/thumb/v7e-m+fp/hard/libc_nano.a(libc_a-init.o)
 .debug_frame   0x000037b4       0x2c /opt/st/stm32cubeide_1.18.1/plugins/com.st.stm32cube.ide.mcu.externaltools.gnu-tools-for-stm32.13.3.rel1.linux64_1.0.0.202410170706/tools/bin/../lib/gcc/arm-none-eabi/13.3.1/thumb/v7e-m+fp/hard/libgcc.a(_aeabi_uldivmod.o)
 .debug_frame   0x000037e0       0x34 /opt/st/stm32cubeide_1.18.1/plugins/com.st.stm32cube.ide.mcu.externaltools.gnu-tools-for-stm32.13.3.rel1.linux64_1.0.0.202410170706/tools/bin/../lib/gcc/arm-none-eabi/13.3.1/thumb/v7e-m+fp/hard/libgcc.a(_udivmoddi4.o)

.debug_line_str
                0x00000000       0x61
 .debug_line_str
                0x00000000       0x61 ./Core/Startup/startup_stm32f446retx.o
